Archive member included to satisfy reference by file (symbol)

c:/program files (x86)/gnu arm embedded toolchain/10 2021.10/bin/../lib/gcc/arm-none-eabi/10.3.1/../../../../arm-none-eabi/lib/thumb/v7e-m+fp/hard\libstdc++.a(class_type_info.o)
                              build/obj/_arduino_Printcpp.o (vtable for __cxxabiv1::__class_type_info)
c:/program files (x86)/gnu arm embedded toolchain/10 2021.10/bin/../lib/gcc/arm-none-eabi/10.3.1/../../../../arm-none-eabi/lib/thumb/v7e-m+fp/hard\libstdc++.a(del_ops.o)
                              c:/program files (x86)/gnu arm embedded toolchain/10 2021.10/bin/../lib/gcc/arm-none-eabi/10.3.1/../../../../arm-none-eabi/lib/thumb/v7e-m+fp/hard\libstdc++.a(class_type_info.o) (operator delete(void*, unsigned int))
c:/program files (x86)/gnu arm embedded toolchain/10 2021.10/bin/../lib/gcc/arm-none-eabi/10.3.1/../../../../arm-none-eabi/lib/thumb/v7e-m+fp/hard\libstdc++.a(si_class_type_info.o)
                              c:/program files (x86)/gnu arm embedded toolchain/10 2021.10/bin/../lib/gcc/arm-none-eabi/10.3.1/../../../../arm-none-eabi/lib/thumb/v7e-m+fp/hard\libstdc++.a(class_type_info.o) (vtable for __cxxabiv1::__si_class_type_info)
c:/program files (x86)/gnu arm embedded toolchain/10 2021.10/bin/../lib/gcc/arm-none-eabi/10.3.1/../../../../arm-none-eabi/lib/thumb/v7e-m+fp/hard\libstdc++.a(tinfo.o)
                              c:/program files (x86)/gnu arm embedded toolchain/10 2021.10/bin/../lib/gcc/arm-none-eabi/10.3.1/../../../../arm-none-eabi/lib/thumb/v7e-m+fp/hard\libstdc++.a(class_type_info.o) (std::type_info::~type_info())
c:/program files (x86)/gnu arm embedded toolchain/10 2021.10/bin/../lib/gcc/arm-none-eabi/10.3.1/../../../../arm-none-eabi/lib/thumb/v7e-m+fp/hard\libstdc++.a(del_op.o)
                              c:/program files (x86)/gnu arm embedded toolchain/10 2021.10/bin/../lib/gcc/arm-none-eabi/10.3.1/../../../../arm-none-eabi/lib/thumb/v7e-m+fp/hard\libstdc++.a(del_ops.o) (operator delete(void*))
c:/program files (x86)/gnu arm embedded toolchain/10 2021.10/bin/../lib/gcc/arm-none-eabi/10.3.1/../../../../arm-none-eabi/lib/thumb/v7e-m+fp/hard\libc.a(lib_a-exit.o)
                              c:/program files (x86)/gnu arm embedded toolchain/10 2021.10/bin/../lib/gcc/arm-none-eabi/10.3.1/../../../../arm-none-eabi/lib/thumb/v7e-m+fp/hard/crt0.o (exit)
c:/program files (x86)/gnu arm embedded toolchain/10 2021.10/bin/../lib/gcc/arm-none-eabi/10.3.1/../../../../arm-none-eabi/lib/thumb/v7e-m+fp/hard\libc.a(lib_a-impure.o)
                              c:/program files (x86)/gnu arm embedded toolchain/10 2021.10/bin/../lib/gcc/arm-none-eabi/10.3.1/../../../../arm-none-eabi/lib/thumb/v7e-m+fp/hard\libc.a(lib_a-exit.o) (_global_impure_ptr)
c:/program files (x86)/gnu arm embedded toolchain/10 2021.10/bin/../lib/gcc/arm-none-eabi/10.3.1/../../../../arm-none-eabi/lib/thumb/v7e-m+fp/hard\libc.a(lib_a-init.o)
                              c:/program files (x86)/gnu arm embedded toolchain/10 2021.10/bin/../lib/gcc/arm-none-eabi/10.3.1/../../../../arm-none-eabi/lib/thumb/v7e-m+fp/hard/crt0.o (__libc_init_array)
c:/program files (x86)/gnu arm embedded toolchain/10 2021.10/bin/../lib/gcc/arm-none-eabi/10.3.1/../../../../arm-none-eabi/lib/thumb/v7e-m+fp/hard\libc.a(lib_a-malloc.o)
                              c:/program files (x86)/gnu arm embedded toolchain/10 2021.10/bin/../lib/gcc/arm-none-eabi/10.3.1/../../../../arm-none-eabi/lib/thumb/v7e-m+fp/hard\libstdc++.a(del_op.o) (free)
c:/program files (x86)/gnu arm embedded toolchain/10 2021.10/bin/../lib/gcc/arm-none-eabi/10.3.1/../../../../arm-none-eabi/lib/thumb/v7e-m+fp/hard\libc.a(lib_a-mallocr.o)
                              c:/program files (x86)/gnu arm embedded toolchain/10 2021.10/bin/../lib/gcc/arm-none-eabi/10.3.1/../../../../arm-none-eabi/lib/thumb/v7e-m+fp/hard\libc.a(lib_a-malloc.o) (_malloc_r)
c:/program files (x86)/gnu arm embedded toolchain/10 2021.10/bin/../lib/gcc/arm-none-eabi/10.3.1/../../../../arm-none-eabi/lib/thumb/v7e-m+fp/hard\libc.a(lib_a-memset.o)
                              c:/program files (x86)/gnu arm embedded toolchain/10 2021.10/bin/../lib/gcc/arm-none-eabi/10.3.1/../../../../arm-none-eabi/lib/thumb/v7e-m+fp/hard/crt0.o (memset)
c:/program files (x86)/gnu arm embedded toolchain/10 2021.10/bin/../lib/gcc/arm-none-eabi/10.3.1/../../../../arm-none-eabi/lib/thumb/v7e-m+fp/hard\libc.a(lib_a-mlock.o)
                              c:/program files (x86)/gnu arm embedded toolchain/10 2021.10/bin/../lib/gcc/arm-none-eabi/10.3.1/../../../../arm-none-eabi/lib/thumb/v7e-m+fp/hard\libc.a(lib_a-mallocr.o) (__malloc_lock)
c:/program files (x86)/gnu arm embedded toolchain/10 2021.10/bin/../lib/gcc/arm-none-eabi/10.3.1/../../../../arm-none-eabi/lib/thumb/v7e-m+fp/hard\libc.a(lib_a-printf.o)
                              build/obj/Board_Core_Src_mainc.o (printf)
[...]
Memory Configuration

Name             Origin             Length             Attributes
RAM              0x20000000         0x00020000         xrw
CCMRAM           0x10000000         0x00010000         xrw
FLASH            0x08000000         0x00100000         xr
*default*        0x00000000         0xffffffff

Linker script and memory map

LOAD c:/program files (x86)/gnu arm embedded toolchain/10 2021.10/bin/../lib/gcc/arm-none-eabi/10.3.1/thumb/v7e-m+fp/hard/crti.o
LOAD c:/program files (x86)/gnu arm embedded toolchain/10 2021.10/bin/../lib/gcc/arm-none-eabi/10.3.1/thumb/v7e-m+fp/hard/crtbegin.o
LOAD c:/program files (x86)/gnu arm embedded toolchain/10 2021.10/bin/../lib/gcc/arm-none-eabi/10.3.1/../../../../arm-none-eabi/lib/thumb/v7e-m+fp/hard/crt0.o
LOAD build/obj/Board_Core__startup_stm32f405xxs.o
LOAD build/obj/Board_Core_Src_gpioc.o
LOAD build/obj/Board_Core_Src_mainc.o
LOAD build/obj/Board_Core_Src_stm32f4xx_itc.o
LOAD build/obj/Board_Core_Src_system_stm32f4xxc.o
LOAD build/obj/Board_Core_Src_usartc.o
LOAD build/obj/Board_Drivers_STM32F4xx_HAL_Driver_Src_stm32f4xx_halc.o
LOAD build/obj/Board_Drivers_STM32F4xx_HAL_Driver_Src_stm32f4xx_hal_cortexc.o
LOAD build/obj/Board_Drivers_STM32F4xx_HAL_Driver_Src_stm32f4xx_hal_dmac.o
LOAD build/obj/Board_Drivers_STM32F4xx_HAL_Driver_Src_stm32f4xx_hal_dma_exc.o
LOAD build/obj/Board_Drivers_STM32F4xx_HAL_Driver_Src_stm32f4xx_hal_flashc.o
LOAD build/obj/Board_Drivers_STM32F4xx_HAL_Driver_Src_stm32f4xx_hal_flash_exc.o
LOAD build/obj/Board_Drivers_STM32F4xx_HAL_Driver_Src_stm32f4xx_hal_flash_ramfuncc.o
LOAD build/obj/Board_Drivers_STM32F4xx_HAL_Driver_Src_stm32f4xx_hal_gpioc.o
LOAD build/obj/Board_Drivers_STM32F4xx_HAL_Driver_Src_stm32f4xx_hal_pwrc.o
LOAD build/obj/Board_Drivers_STM32F4xx_HAL_Driver_Src_stm32f4xx_hal_pwr_exc.o
LOAD build/obj/Board_Drivers_STM32F4xx_HAL_Driver_Src_stm32f4xx_hal_rccc.o
LOAD build/obj/Board_Drivers_STM32F4xx_HAL_Driver_Src_stm32f4xx_hal_rcc_exc.o
LOAD build/obj/Board_Drivers_STM32F4xx_HAL_Driver_Src_stm32f4xx_hal_uartc.o
LOAD build/obj/Board_Drivers_STM32F4xx_HAL_Driver_Src_stm32f4xx_hal_timc.o
LOAD build/obj/Board_Drivers_STM32F4xx_HAL_Driver_Src_stm32f4xx_hal_tim_exc.o
LOAD build/obj/Board_Drivers_STM32F4xx_HAL_Driver_Src_stm32f4xx_hal_extic.o
LOAD build/obj/_arduino_Printcpp.o
LOAD build/obj/_communication_SimpleFOCDebugcpp.o
LOAD c:/program files (x86)/gnu arm embedded toolchain/10 2021.10/bin/../lib/gcc/arm-none-eabi/10.3.1/../../../../arm-none-eabi/lib/thumb/v7e-m+fp/hard\libnosys.a
LOAD Board/Middlewares/ST/ARM/DSP/Lib/iar_cortexM4lf_math.a
LOAD c:/program files (x86)/gnu arm embedded toolchain/10 2021.10/bin/../lib/gcc/arm-none-eabi/10.3.1/../../../../arm-none-eabi/lib/thumb/v7e-m+fp/hard\libstdc++.a
LOAD c:/program files (x86)/gnu arm embedded toolchain/10 2021.10/bin/../lib/gcc/arm-none-eabi/10.3.1/../../../../arm-none-eabi/lib/thumb/v7e-m+fp/hard\libm.a
LOAD c:/program files (x86)/gnu arm embedded toolchain/10 2021.10/bin/../lib/gcc/arm-none-eabi/10.3.1/../../../../arm-none-eabi/lib/thumb/v7e-m+fp/hard\libc.a
START GROUP
LOAD c:/program files (x86)/gnu arm embedded toolchain/10 2021.10/bin/../lib/gcc/arm-none-eabi/10.3.1/thumb/v7e-m+fp/hard\libgcc.a
LOAD c:/program files (x86)/gnu arm embedded toolchain/10 2021.10/bin/../lib/gcc/arm-none-eabi/10.3.1/../../../../arm-none-eabi/lib/thumb/v7e-m+fp/hard\libg.a
LOAD c:/program files (x86)/gnu arm embedded toolchain/10 2021.10/bin/../lib/gcc/arm-none-eabi/10.3.1/../../../../arm-none-eabi/lib/thumb/v7e-m+fp/hard\libc.a
END GROUP
START GROUP
LOAD c:/program files (x86)/gnu arm embedded toolchain/10 2021.10/bin/../lib/gcc/arm-none-eabi/10.3.1/thumb/v7e-m+fp/hard\libgcc.a
LOAD c:/program files (x86)/gnu arm embedded toolchain/10 2021.10/bin/../lib/gcc/arm-none-eabi/10.3.1/../../../../arm-none-eabi/lib/thumb/v7e-m+fp/hard\libc.a
LOAD c:/program files (x86)/gnu arm embedded toolchain/10 2021.10/bin/../lib/gcc/arm-none-eabi/10.3.1/../../../../arm-none-eabi/lib/thumb/v7e-m+fp/hard\libnosys.a
END GROUP
LOAD c:/program files (x86)/gnu arm embedded toolchain/10 2021.10/bin/../lib/gcc/arm-none-eabi/10.3.1/thumb/v7e-m+fp/hard/crtend.o
LOAD c:/program files (x86)/gnu arm embedded toolchain/10 2021.10/bin/../lib/gcc/arm-none-eabi/10.3.1/thumb/v7e-m+fp/hard/crtn.o
                0x20020000                _estack = (ORIGIN (RAM) + LENGTH (RAM))
                0x00000200                _Min_Heap_Size = 0x200
                0x00000400                _Min_Stack_Size = 0x400

.isr_vector     0x08000000      0x188
                0x08000000                . = ALIGN (0x4)
 *(.isr_vector)
 .isr_vector    0x08000000      0x188 build/obj/Board_Core__startup_stm32f405xxs.o
                0x08000000                g_pfnVectors
                0x08000188                . = ALIGN (0x4)

.text           0x080001c0     0x95b0
                0x080001c0                . = ALIGN (0x4)
 *(.text)
 .text          0x080001c0       0x40 c:/program files (x86)/gnu arm embedded toolchain/10 2021.10/bin/../lib/gcc/arm-none-eabi/10.3.1/thumb/v7e-m+fp/hard/crtbegin.o
 .text          0x08000200      0x2dc c:/program files (x86)/gnu arm embedded toolchain/10 2021.10/bin/../lib/gcc/arm-none-eabi/10.3.1/../../../../arm-none-eabi/lib/thumb/v7e-m+fp/hard\libc.a(lib_a-strcmp.o)
                0x08000208                strcmp
 *fill*         0x080004dc       0x24 
 .text          0x08000500       0xdc c:/program files (x86)/gnu arm embedded toolchain/10 2021.10/bin/../lib/gcc/arm-none-eabi/10.3.1/../../../../arm-none-eabi/lib/thumb/v7e-m+fp/hard\libc.a(lib_a-strlen.o)
                0x08000500                strlen
 *fill*         0x080005dc        0x4 
 .text          0x080005e0       0xa0 c:/program files (x86)/gnu arm embedded toolchain/10 2021.10/bin/../lib/gcc/arm-none-eabi/10.3.1/../../../../arm-none-eabi/lib/thumb/v7e-m+fp/hard\libc.a(lib_a-memchr.o)
                0x080005e0                memchr
 .text          0x08000680      0x134 c:/program files (x86)/gnu arm embedded toolchain/10 2021.10/bin/../lib/gcc/arm-none-eabi/10.3.1/../../../../arm-none-eabi/lib/thumb/v7e-m+fp/hard\libc.a(lib_a-memcpy.o)
                0x08000680                memcpy
 .text          0x080007b4      0x378 c:/program files (x86)/gnu arm embedded toolchain/10 2021.10/bin/../lib/gcc/arm-none-eabi/10.3.1/thumb/v7e-m+fp/hard\libgcc.a(_arm_addsubdf3.o)
                0x080007b4                __aeabi_drsub
                0x080007bc                __aeabi_dsub
                0x080007bc                __subdf3
                0x080007c0                __aeabi_dadd
                0x080007c0                __adddf3
                0x08000a38                __floatunsidf
                0x08000a38                __aeabi_ui2d
                0x08000a58                __floatsidf
                0x08000a58                __aeabi_i2d
                0x08000a7c                __aeabi_f2d
                0x08000a7c                __extendsfdf2
                0x08000ac0                __floatundidf
                0x08000ac0                __aeabi_ul2d
                0x08000ad0                __floatdidf
                0x08000ad0                __aeabi_l2d
 .text          0x08000b2c      0x424 c:/program files (x86)/gnu arm embedded toolchain/10 2021.10/bin/../lib/gcc/arm-none-eabi/10.3.1/thumb/v7e-m+fp/hard\libgcc.a(_arm_muldivdf3.o)
                0x08000b2c                __aeabi_dmul
                0x08000b2c                __muldf3
                0x08000d80                __divdf3
                0x08000d80                __aeabi_ddiv
 .text          0x08000f50      0x110 c:/program files (x86)/gnu arm embedded toolchain/10 2021.10/bin/../lib/gcc/arm-none-eabi/10.3.1/thumb/v7e-m+fp/hard\libgcc.a(_arm_cmpdf2.o)
                0x08000f50                __gtdf2
                0x08000f50                __gedf2
                0x08000f58                __ltdf2
                0x08000f58                __ledf2
                0x08000f60                __nedf2
                0x08000f60                __eqdf2
                0x08000f60                __cmpdf2
                0x08000fdc                __aeabi_cdrcmple
                0x08000fec                __aeabi_cdcmpeq
                0x08000fec                __aeabi_cdcmple
                0x08000ffc                __aeabi_dcmpeq
                0x08001010                __aeabi_dcmplt
                0x08001024                __aeabi_dcmple
                0x08001038                __aeabi_dcmpge
                0x0800104c                __aeabi_dcmpgt
 .text          0x08001060       0x2c c:/program files (x86)/gnu arm embedded toolchain/10 2021.10/bin/../lib/gcc/arm-none-eabi/10.3.1/thumb/v7e-m+fp/hard\libgcc.a(_arm_unorddf2.o)
                0x08001060                __unorddf2
                0x08001060                __aeabi_dcmpun
 .text          0x0800108c       0x50 c:/program files (x86)/gnu arm embedded toolchain/10 2021.10/bin/../lib/gcc/arm-none-eabi/10.3.1/thumb/v7e-m+fp/hard\libgcc.a(_arm_fixdfsi.o)
                0x0800108c                __aeabi_d2iz
                0x0800108c                __fixdfsi
 .text          0x080010dc       0x30 c:/program files (x86)/gnu arm embedded toolchain/10 2021.10/bin/../lib/gcc/arm-none-eabi/10.3.1/thumb/v7e-m+fp/hard\libgcc.a(_aeabi_uldivmod.o)
                0x080010dc                __aeabi_uldivmod
 .text          0x0800110c      0x2d0 c:/program files (x86)/gnu arm embedded toolchain/10 2021.10/bin/../lib/gcc/arm-none-eabi/10.3.1/thumb/v7e-m+fp/hard\libgcc.a(_udivmoddi4.o)
                0x0800110c                __udivmoddi4
 .text          0x080013dc      0x9d8 c:/program files (x86)/gnu arm embedded toolchain/10 2021.10/bin/../lib/gcc/arm-none-eabi/10.3.1/thumb/v7e-m+fp/hard\libgcc.a(unwind-arm.o)
                0x08001684                _Unwind_GetCFA
                0x08001688                __gnu_Unwind_RaiseException
                0x080016f0                __gnu_Unwind_ForcedUnwind
                0x08001700                __gnu_Unwind_Resume
                0x08001744                __gnu_Unwind_Resume_or_Rethrow
                0x08001754                _Unwind_Complete
                0x08001758                _Unwind_DeleteException
                0x08001764                _Unwind_VRS_Get
                0x080017b0                _Unwind_VRS_Set
                0x080017f8                __gnu_Unwind_Backtrace
                0x08001b24                __aeabi_unwind_cpp_pr0
                0x08001b28                __aeabi_unwind_cpp_pr1
                0x08001b2c                __aeabi_unwind_cpp_pr2
                0x08001b30                _Unwind_VRS_Pop
 .text          0x08001db4      0x1ac c:/program files (x86)/gnu arm embedded toolchain/10 2021.10/bin/../lib/gcc/arm-none-eabi/10.3.1/thumb/v7e-m+fp/hard\libgcc.a(libunwind.o)
                0x08001db4                __restore_core_regs
                0x08001db4                restore_core_regs
                0x08001dcc                __gnu_Unwind_Restore_VFP
                0x08001dd4                __gnu_Unwind_Save_VFP
                0x08001ddc                __gnu_Unwind_Restore_VFP_D
                0x08001de4                __gnu_Unwind_Save_VFP_D
                0x08001dec                __gnu_Unwind_Restore_VFP_D_16_to_31
                0x08001df4                __gnu_Unwind_Save_VFP_D_16_to_31
                0x08001dfc                __gnu_Unwind_Restore_WMMXD
                0x08001e40                __gnu_Unwind_Save_WMMXD
                0x08001e84                __gnu_Unwind_Restore_WMMXC
                0x08001e98                __gnu_Unwind_Save_WMMXC
                0x08001eac                ___Unwind_RaiseException
                0x08001eac                _Unwind_RaiseException
                0x08001ed0                _Unwind_Resume
                0x08001ed0                ___Unwind_Resume
                0x08001ef4                _Unwind_Resume_or_Rethrow
                0x08001ef4                ___Unwind_Resume_or_Rethrow
                0x08001f18                _Unwind_ForcedUnwind
                0x08001f18                ___Unwind_ForcedUnwind
                0x08001f3c                ___Unwind_Backtrace
                0x08001f3c                _Unwind_Backtrace
 .text          0x08001f60      0x350 c:/program files (x86)/gnu arm embedded toolchain/10 2021.10/bin/../lib/gcc/arm-none-eabi/10.3.1/thumb/v7e-m+fp/hard\libgcc.a(pr-support.o)
                0x08001fb8                __gnu_unwind_execute
                0x08002264                __gnu_unwind_frame
                0x08002290                _Unwind_GetRegionStart
                0x0800229c                _Unwind_GetLanguageSpecificData
 .text          0x080022b0        0x4 c:/program files (x86)/gnu arm embedded toolchain/10 2021.10/bin/../lib/gcc/arm-none-eabi/10.3.1/thumb/v7e-m+fp/hard\libgcc.a(_dvmd_tls.o)
                0x080022b0                __aeabi_idiv0
                0x080022b0                __aeabi_ldiv0
 *(.text*)
 .text.Reset_Handler
                0x080022b4       0x50 build/obj/Board_Core__startup_stm32f405xxs.o
                0x080022b4                Reset_Handler
 .text.Default_Handler
                0x08002304        0x2 build/obj/Board_Core__startup_stm32f405xxs.o
                0x08002304                RTC_Alarm_IRQHandler
                0x08002304                HASH_RNG_IRQHandler
                0x08002304                EXTI2_IRQHandler
                0x08002304                TIM8_CC_IRQHandler
                0x08002304                TIM1_CC_IRQHandler
                0x08002304                DMA2_Stream5_IRQHandler
                0x08002304                DMA1_Stream5_IRQHandler
                0x08002304                PVD_IRQHandler
                0x08002304                SDIO_IRQHandler
                0x08002304                TAMP_STAMP_IRQHandler
                0x08002304                CAN2_RX1_IRQHandler
                0x08002304                EXTI3_IRQHandler
                0x08002304                TIM8_TRG_COM_TIM14_IRQHandler
                0x08002304                TIM1_UP_TIM10_IRQHandler
                0x08002304                TIM8_UP_TIM13_IRQHandler
                0x08002304                I2C3_ER_IRQHandler
                0x08002304                EXTI0_IRQHandler
                0x08002304                I2C2_EV_IRQHandler
                0x08002304                DMA1_Stream2_IRQHandler
                0x08002304                CAN1_RX0_IRQHandler
                0x08002304                FPU_IRQHandler
                0x08002304                OTG_HS_WKUP_IRQHandler
                0x08002304                CAN2_SCE_IRQHandler
                0x08002304                DMA2_Stream2_IRQHandler
                0x08002304                SPI1_IRQHandler
                0x08002304                TIM6_DAC_IRQHandler
                0x08002304                TIM1_BRK_TIM9_IRQHandler
                0x08002304                CAN2_RX0_IRQHandler
                0x08002304                DMA2_Stream3_IRQHandler
                0x08002304                USART6_IRQHandler
                0x08002304                USART3_IRQHandler
                0x08002304                CAN1_RX1_IRQHandler
                0x08002304                UART5_IRQHandler
                0x08002304                DMA2_Stream0_IRQHandler
                0x08002304                TIM4_IRQHandler
                0x08002304                I2C1_EV_IRQHandler
                0x08002304                DMA1_Stream6_IRQHandler
                0x08002304                DMA1_Stream1_IRQHandler
                0x08002304                UART4_IRQHandler
                0x08002304                TIM3_IRQHandler
                0x08002304                RCC_IRQHandler
                0x08002304                TIM8_BRK_TIM12_IRQHandler
                0x08002304                Default_Handler
                0x08002304                EXTI15_10_IRQHandler
                0x08002304                ADC_IRQHandler
                0x08002304                DMA1_Stream7_IRQHandler
                0x08002304                TIM7_IRQHandler
                0x08002304                CAN2_TX_IRQHandler
                0x08002304                TIM5_IRQHandler
                0x08002304                DMA2_Stream7_IRQHandler
                0x08002304                I2C3_EV_IRQHandler
                0x08002304                EXTI9_5_IRQHandler
                0x08002304                RTC_WKUP_IRQHandler
                0x08002304                SPI2_IRQHandler
                0x08002304                OTG_HS_EP1_IN_IRQHandler
                0x08002304                DMA1_Stream0_IRQHandler
                0x08002304                CAN1_TX_IRQHandler
                0x08002304                EXTI4_IRQHandler
                0x08002304                FSMC_IRQHandler
                0x08002304                OTG_HS_EP1_OUT_IRQHandler
                0x08002304                WWDG_IRQHandler
                0x08002304                TIM2_IRQHandler
                0x08002304                OTG_FS_WKUP_IRQHandler
                0x08002304                TIM1_TRG_COM_TIM11_IRQHandler
                0x08002304                OTG_HS_IRQHandler
                0x08002304                EXTI1_IRQHandler
                0x08002304                USART2_IRQHandler
                0x08002304                I2C2_ER_IRQHandler
                0x08002304                DMA2_Stream1_IRQHandler
                0x08002304                CAN1_SCE_IRQHandler
                0x08002304                FLASH_IRQHandler
                0x08002304                DMA2_Stream4_IRQHandler
                0x08002304                USART1_IRQHandler
                0x08002304                OTG_FS_IRQHandler
                0x08002304                SPI3_IRQHandler
                0x08002304                DMA1_Stream4_IRQHandler
                0x08002304                I2C1_ER_IRQHandler
                0x08002304                DMA2_Stream6_IRQHandler
                0x08002304                DMA1_Stream3_IRQHandler
 *fill*         0x08002306        0x2 
 .text.MX_GPIO_Init
                0x08002308       0xa0 build/obj/Board_Core_Src_gpioc.o
                0x08002308                MX_GPIO_Init
 .text._write   0x080023a8       0x18 build/obj/Board_Core_Src_mainc.o
                0x080023a8                _write
 .text.SystemClock_Config
                0x080023c0       0xa0 build/obj/Board_Core_Src_mainc.o
                0x080023c0                SystemClock_Config
 .text.startup.main
                0x08002460       0x38 build/obj/Board_Core_Src_mainc.o
                0x08002460                main
 .text.Error_Handler
                0x08002498        0x4 build/obj/Board_Core_Src_mainc.o
                0x08002498                Error_Handler
 .text.NMI_Handler
                0x0800249c        0x4 build/obj/Board_Core_Src_stm32f4xx_itc.o
                0x0800249c                NMI_Handler
 .text.HardFault_Handler
                0x080024a0        0x4 build/obj/Board_Core_Src_stm32f4xx_itc.o
                0x080024a0                HardFault_Handler
 .text.MemManage_Handler
                0x080024a4        0x4 build/obj/Board_Core_Src_stm32f4xx_itc.o
                0x080024a4                MemManage_Handler
 .text.BusFault_Handler
                0x080024a8        0x4 build/obj/Board_Core_Src_stm32f4xx_itc.o
                0x080024a8                BusFault_Handler
 .text.UsageFault_Handler
                0x080024ac        0x4 build/obj/Board_Core_Src_stm32f4xx_itc.o
                0x080024ac                UsageFault_Handler
 .text.SVC_Handler
                0x080024b0        0x4 build/obj/Board_Core_Src_stm32f4xx_itc.o
                0x080024b0                SVC_Handler
 .text.DebugMon_Handler
                0x080024b4        0x4 build/obj/Board_Core_Src_stm32f4xx_itc.o
                0x080024b4                DebugMon_Handler
 .text.PendSV_Handler
                0x080024b8        0x4 build/obj/Board_Core_Src_stm32f4xx_itc.o
                0x080024b8                PendSV_Handler
 .text.SysTick_Handler
                0x080024bc        0x4 build/obj/Board_Core_Src_stm32f4xx_itc.o
                0x080024bc                SysTick_Handler
 .text.SystemInit
                0x080024c0       0x14 build/obj/Board_Core_Src_system_stm32f4xxc.o
                0x080024c0                SystemInit
 .text.MX_UART4_Init
                0x080024d4       0x38 build/obj/Board_Core_Src_usartc.o
                0x080024d4                MX_UART4_Init
 .text.HAL_UART_MspInit
                0x0800250c       0x6c build/obj/Board_Core_Src_usartc.o
                0x0800250c                HAL_UART_MspInit
 .text.HAL_MspInit
                0x08002578        0x4 build/obj/Board_Drivers_STM32F4xx_HAL_Driver_Src_stm32f4xx_halc.o
                0x08002578                HAL_MspInit
 .text.HAL_InitTick
                0x0800257c       0x48 build/obj/Board_Drivers_STM32F4xx_HAL_Driver_Src_stm32f4xx_halc.o
                0x0800257c                HAL_InitTick
 .text.HAL_Init
                0x080025c4       0x34 build/obj/Board_Drivers_STM32F4xx_HAL_Driver_Src_stm32f4xx_halc.o
                0x080025c4                HAL_Init
 .text.HAL_IncTick
                0x080025f8       0x18 build/obj/Board_Drivers_STM32F4xx_HAL_Driver_Src_stm32f4xx_halc.o
                0x080025f8                HAL_IncTick
 .text.HAL_GetTick
                0x08002610        0xc build/obj/Board_Drivers_STM32F4xx_HAL_Driver_Src_stm32f4xx_halc.o
                0x08002610                HAL_GetTick
 .text.HAL_NVIC_SetPriorityGrouping
                0x0800261c       0x24 build/obj/Board_Drivers_STM32F4xx_HAL_Driver_Src_stm32f4xx_hal_cortexc.o
                0x0800261c                HAL_NVIC_SetPriorityGrouping
 .text.HAL_NVIC_SetPriority
                0x08002640       0x7c build/obj/Board_Drivers_STM32F4xx_HAL_Driver_Src_stm32f4xx_hal_cortexc.o
                0x08002640                HAL_NVIC_SetPriority
 .text.HAL_SYSTICK_Config
                0x080026bc       0x34 build/obj/Board_Drivers_STM32F4xx_HAL_Driver_Src_stm32f4xx_hal_cortexc.o
                0x080026bc                HAL_SYSTICK_Config
 .text.HAL_GPIO_Init
                0x080026f0      0x240 build/obj/Board_Drivers_STM32F4xx_HAL_Driver_Src_stm32f4xx_hal_gpioc.o
                0x080026f0                HAL_GPIO_Init
 .text.HAL_GPIO_WritePin
                0x08002930        0x8 build/obj/Board_Drivers_STM32F4xx_HAL_Driver_Src_stm32f4xx_hal_gpioc.o
                0x08002930                HAL_GPIO_WritePin
 .text.HAL_RCC_OscConfig
                0x08002938      0x3c8 build/obj/Board_Drivers_STM32F4xx_HAL_Driver_Src_stm32f4xx_hal_rccc.o
                0x08002938                HAL_RCC_OscConfig
 .text.HAL_RCC_GetSysClockFreq
                0x08002d00       0x68 build/obj/Board_Drivers_STM32F4xx_HAL_Driver_Src_stm32f4xx_hal_rccc.o
                0x08002d00                HAL_RCC_GetSysClockFreq
 .text.HAL_RCC_ClockConfig
                0x08002d68      0x13c build/obj/Board_Drivers_STM32F4xx_HAL_Driver_Src_stm32f4xx_hal_rccc.o
                0x08002d68                HAL_RCC_ClockConfig
 .text.HAL_RCC_GetPCLK1Freq
                0x08002ea4       0x20 build/obj/Board_Drivers_STM32F4xx_HAL_Driver_Src_stm32f4xx_hal_rccc.o
                0x08002ea4                HAL_RCC_GetPCLK1Freq
 .text.HAL_RCC_GetPCLK2Freq
                0x08002ec4       0x20 build/obj/Board_Drivers_STM32F4xx_HAL_Driver_Src_stm32f4xx_hal_rccc.o
                0x08002ec4                HAL_RCC_GetPCLK2Freq
 .text.UART_SetConfig
                0x08002ee4       0xe0 build/obj/Board_Drivers_STM32F4xx_HAL_Driver_Src_stm32f4xx_hal_uartc.o
 .text.UART_WaitOnFlagUntilTimeout.constprop.0
                0x08002fc4       0x78 build/obj/Board_Drivers_STM32F4xx_HAL_Driver_Src_stm32f4xx_hal_uartc.o
 .text.HAL_UART_Init
                0x0800303c       0x60 build/obj/Board_Drivers_STM32F4xx_HAL_Driver_Src_stm32f4xx_hal_uartc.o
                0x0800303c                HAL_UART_Init
 .text.HAL_UART_Transmit
                0x0800309c       0xcc build/obj/Board_Drivers_STM32F4xx_HAL_Driver_Src_stm32f4xx_hal_uartc.o
                0x0800309c                HAL_UART_Transmit
 .text._ZN5Print17availableForWriteEv
                0x08003168        0x4 build/obj/_arduino_Printcpp.o
                0x08003168                Print::availableForWrite()
 .text._ZN5Print5flushEv
                0x0800316c        0x4 build/obj/_arduino_Printcpp.o
                0x0800316c                Print::flush()
 .text._ZN5Print5writeEPKhj
                0x08003170       0x34 build/obj/_arduino_Printcpp.o
                0x08003170                Print::write(unsigned char const*, unsigned int)
 .text.test     0x080031a4       0x80 build/obj/_arduino_Printcpp.o
                0x080031a4                test
 .text._ZN5Print7printlnEPKc
                0x08003224       0xbc build/obj/_arduino_Printcpp.o
                0x08003224                Print::println(char const*)
 .text.startup._GLOBAL__sub_I_Serial
                0x080032e0       0x14 build/obj/_arduino_Printcpp.o
 .text.testSimpleFOCDebug
                0x080032f4       0x18 build/obj/_communication_SimpleFOCDebugcpp.o
                0x080032f4                testSimpleFOCDebug
 .text._ZNK10__cxxabiv117__class_type_info11__do_upcastEPKS0_PPv
                0x0800330c       0x34 c:/program files (x86)/gnu arm embedded toolchain/10 2021.10/bin/../lib/gcc/arm-none-eabi/10.3.1/../../../../arm-none-eabi/lib/thumb/v7e-m+fp/hard\libstdc++.a(class_type_info.o)
                0x0800330c                __cxxabiv1::__class_type_info::__do_upcast(__cxxabiv1::__class_type_info const*, void**) const
 .text._ZNK10__cxxabiv117__class_type_info20__do_find_public_srcEiPKvPKS0_S2_
                0x08003340        0xc c:/program files (x86)/gnu arm embedded toolchain/10 2021.10/bin/../lib/gcc/arm-none-eabi/10.3.1/../../../../arm-none-eabi/lib/thumb/v7e-m+fp/hard\libstdc++.a(class_type_info.o)
                0x08003340                __cxxabiv1::__class_type_info::__do_find_public_src(int, void const*, __cxxabiv1::__class_type_info const*, void const*) const
 .text._ZN10__cxxabiv117__class_type_infoD2Ev
                0x0800334c       0x14 c:/program files (x86)/gnu arm embedded toolchain/10 2021.10/bin/../lib/gcc/arm-none-eabi/10.3.1/../../../../arm-none-eabi/lib/thumb/v7e-m+fp/hard\libstdc++.a(class_type_info.o)
                0x0800334c                __cxxabiv1::__class_type_info::~__class_type_info()
                0x0800334c                __cxxabiv1::__class_type_info::~__class_type_info()
 .text._ZN10__cxxabiv117__class_type_infoD0Ev
                0x08003360       0x1c c:/program files (x86)/gnu arm embedded toolchain/10 2021.10/bin/../lib/gcc/arm-none-eabi/10.3.1/../../../../arm-none-eabi/lib/thumb/v7e-m+fp/hard\libstdc++.a(class_type_info.o)
                0x08003360                __cxxabiv1::__class_type_info::~__class_type_info()
 .text._ZNK10__cxxabiv117__class_type_info12__do_dyncastEiNS0_10__sub_kindEPKS0_PKvS3_S5_RNS0_16__dyncast_resultE
                0x0800337c       0x44 c:/program files (x86)/gnu arm embedded toolchain/10 2021.10/bin/../lib/gcc/arm-none-eabi/10.3.1/../../../../arm-none-eabi/lib/thumb/v7e-m+fp/hard\libstdc++.a(class_type_info.o)
                0x0800337c                __cxxabiv1::__class_type_info::__do_dyncast(int, __cxxabiv1::__class_type_info::__sub_kind, __cxxabiv1::__class_type_info const*, void const*, __cxxabiv1::__class_type_info const*, void const*, __cxxabiv1::__class_type_info::__dyncast_result&) const
 .text._ZNK10__cxxabiv117__class_type_info11__do_upcastEPKS0_PKvRNS0_15__upcast_resultE
                0x080033c0       0x1c c:/program files (x86)/gnu arm embedded toolchain/10 2021.10/bin/../lib/gcc/arm-none-eabi/10.3.1/../../../../arm-none-eabi/lib/thumb/v7e-m+fp/hard\libstdc++.a(class_type_info.o)
                0x080033c0                __cxxabiv1::__class_type_info::__do_upcast(__cxxabiv1::__class_type_info const*, void const*, __cxxabiv1::__class_type_info::__upcast_result&) const
 .text._ZNK10__cxxabiv117__class_type_info10__do_catchEPKSt9type_infoPPvj
                0x080033dc       0x2c c:/program files (x86)/gnu arm embedded toolchain/10 2021.10/bin/../lib/gcc/arm-none-eabi/10.3.1/../../../../arm-none-eabi/lib/thumb/v7e-m+fp/hard\libstdc++.a(class_type_info.o)
                0x080033dc                __cxxabiv1::__class_type_info::__do_catch(std::type_info const*, void**, unsigned int) const
 .text._ZdlPvj  0x08003408        0x4 c:/program files (x86)/gnu arm embedded toolchain/10 2021.10/bin/../lib/gcc/arm-none-eabi/10.3.1/../../../../arm-none-eabi/lib/thumb/v7e-m+fp/hard\libstdc++.a(del_ops.o)
                0x08003408                operator delete(void*, unsigned int)
 .text._ZN10__cxxabiv120__si_class_type_infoD2Ev
                0x0800340c       0x14 c:/program files (x86)/gnu arm embedded toolchain/10 2021.10/bin/../lib/gcc/arm-none-eabi/10.3.1/../../../../arm-none-eabi/lib/thumb/v7e-m+fp/hard\libstdc++.a(si_class_type_info.o)
                0x0800340c                __cxxabiv1::__si_class_type_info::~__si_class_type_info()
                0x0800340c                __cxxabiv1::__si_class_type_info::~__si_class_type_info()
 .text._ZN10__cxxabiv120__si_class_type_infoD0Ev
                0x08003420       0x1c c:/program files (x86)/gnu arm embedded toolchain/10 2021.10/bin/../lib/gcc/arm-none-eabi/10.3.1/../../../../arm-none-eabi/lib/thumb/v7e-m+fp/hard\libstdc++.a(si_class_type_info.o)
                0x08003420                __cxxabiv1::__si_class_type_info::~__si_class_type_info()
 .text._ZNK10__cxxabiv120__si_class_type_info20__do_find_public_srcEiPKvPKNS_17__class_type_infoES2_
                0x0800343c       0x3c c:/program files (x86)/gnu arm embedded toolchain/10 2021.10/bin/../lib/gcc/arm-none-eabi/10.3.1/../../../../arm-none-eabi/lib/thumb/v7e-m+fp/hard\libstdc++.a(si_class_type_info.o)
                0x0800343c                __cxxabiv1::__si_class_type_info::__do_find_public_src(int, void const*, __cxxabiv1::__class_type_info const*, void const*) const
 .text._ZNK10__cxxabiv120__si_class_type_info12__do_dyncastEiNS_17__class_type_info10__sub_kindEPKS1_PKvS4_S6_RNS1_16__dyncast_resultE
                0x08003478       0x80 c:/program files (x86)/gnu arm embedded toolchain/10 2021.10/bin/../lib/gcc/arm-none-eabi/10.3.1/../../../../arm-none-eabi/lib/thumb/v7e-m+fp/hard\libstdc++.a(si_class_type_info.o)
                0x08003478                __cxxabiv1::__si_class_type_info::__do_dyncast(int, __cxxabiv1::__class_type_info::__sub_kind, __cxxabiv1::__class_type_info const*, void const*, __cxxabiv1::__class_type_info const*, void const*, __cxxabiv1::__class_type_info::__dyncast_result&) const
 .text._ZNK10__cxxabiv120__si_class_type_info11__do_upcastEPKNS_17__class_type_infoEPKvRNS1_15__upcast_resultE
                0x080034f8       0x2c c:/program files (x86)/gnu arm embedded toolchain/10 2021.10/bin/../lib/gcc/arm-none-eabi/10.3.1/../../../../arm-none-eabi/lib/thumb/v7e-m+fp/hard\libstdc++.a(si_class_type_info.o)
                0x080034f8                __cxxabiv1::__si_class_type_info::__do_upcast(__cxxabiv1::__class_type_info const*, void const*, __cxxabiv1::__class_type_info::__upcast_result&) const
 .text._ZNSt9type_infoD2Ev
                0x08003524        0x4 c:/program files (x86)/gnu arm embedded toolchain/10 2021.10/bin/../lib/gcc/arm-none-eabi/10.3.1/../../../../arm-none-eabi/lib/thumb/v7e-m+fp/hard\libstdc++.a(tinfo.o)
                0x08003524                std::type_info::~type_info()
                0x08003524                std::type_info::~type_info()
 .text._ZNKSt9type_info14__is_pointer_pEv
                0x08003528        0x4 c:/program files (x86)/gnu arm embedded toolchain/10 2021.10/bin/../lib/gcc/arm-none-eabi/10.3.1/../../../../arm-none-eabi/lib/thumb/v7e-m+fp/hard\libstdc++.a(tinfo.o)
                0x08003528                std::type_info::__is_pointer_p() const
                0x08003528                std::type_info::__is_function_p() const
 .text._ZNKSt9type_infoeqERKS_
                0x0800352c       0x2c c:/program files (x86)/gnu arm embedded toolchain/10 2021.10/bin/../lib/gcc/arm-none-eabi/10.3.1/../../../../arm-none-eabi/lib/thumb/v7e-m+fp/hard\libstdc++.a(tinfo.o)
                0x0800352c                std::type_info::operator==(std::type_info const&) const
 .text._ZdlPv   0x08003558        0x4 c:/program files (x86)/gnu arm embedded toolchain/10 2021.10/bin/../lib/gcc/arm-none-eabi/10.3.1/../../../../arm-none-eabi/lib/thumb/v7e-m+fp/hard\libstdc++.a(del_op.o)
                0x08003558                operator delete(void*)
 .text.__libc_init_array
                0x0800355c       0x48 c:/program files (x86)/gnu arm embedded toolchain/10 2021.10/bin/../lib/gcc/arm-none-eabi/10.3.1/../../../../arm-none-eabi/lib/thumb/v7e-m+fp/hard\libc.a(lib_a-init.o)
                0x0800355c                __libc_init_array
 .text.free     0x080035a4       0x10 c:/program files (x86)/gnu arm embedded toolchain/10 2021.10/bin/../lib/gcc/arm-none-eabi/10.3.1/../../../../arm-none-eabi/lib/thumb/v7e-m+fp/hard\libc.a(lib_a-malloc.o)
                0x080035a4                free
 .text._malloc_r
                0x080035b4      0x560 c:/program files (x86)/gnu arm embedded toolchain/10 2021.10/bin/../lib/gcc/arm-none-eabi/10.3.1/../../../../arm-none-eabi/lib/thumb/v7e-m+fp/hard\libc.a(lib_a-mallocr.o)
                0x080035b4                _malloc_r
 .text.memset   0x08003b14       0xa4 c:/program files (x86)/gnu arm embedded toolchain/10 2021.10/bin/../lib/gcc/arm-none-eabi/10.3.1/../../../../arm-none-eabi/lib/thumb/v7e-m+fp/hard\libc.a(lib_a-memset.o)
                0x08003b14                memset
 .text.__malloc_lock
                0x08003bb8        0xc c:/program files (x86)/gnu arm embedded toolchain/10 2021.10/bin/../lib/gcc/arm-none-eabi/10.3.1/../../../../arm-none-eabi/lib/thumb/v7e-m+fp/hard\libc.a(lib_a-mlock.o)
                0x08003bb8                __malloc_lock
 .text.__malloc_unlock
                0x08003bc4        0xc c:/program files (x86)/gnu arm embedded toolchain/10 2021.10/bin/../lib/gcc/arm-none-eabi/10.3.1/../../../../arm-none-eabi/lib/thumb/v7e-m+fp/hard\libc.a(lib_a-mlock.o)
                0x08003bc4                __malloc_unlock
 .text.printf   0x08003bd0       0x28 c:/program files (x86)/gnu arm embedded toolchain/10 2021.10/bin/../lib/gcc/arm-none-eabi/10.3.1/../../../../arm-none-eabi/lib/thumb/v7e-m+fp/hard\libc.a(lib_a-printf.o)
                0x08003bd0                printf
 .text._puts_r  0x08003bf8       0x9c c:/program files (x86)/gnu arm embedded toolchain/10 2021.10/bin/../lib/gcc/arm-none-eabi/10.3.1/../../../../arm-none-eabi/lib/thumb/v7e-m+fp/hard\libc.a(lib_a-puts.o)
                0x08003bf8                _puts_r
 .text.puts     0x08003c94       0x10 c:/program files (x86)/gnu arm embedded toolchain/10 2021.10/bin/../lib/gcc/arm-none-eabi/10.3.1/../../../../arm-none-eabi/lib/thumb/v7e-m+fp/hard\libc.a(lib_a-puts.o)
                0x08003c94                puts
 .text._sbrk_r  0x08003ca4       0x24 c:/program files (x86)/gnu arm embedded toolchain/10 2021.10/bin/../lib/gcc/arm-none-eabi/10.3.1/../../../../arm-none-eabi/lib/thumb/v7e-m+fp/hard\libc.a(lib_a-sbrkr.o)
                0x08003ca4                _sbrk_r
 .text._vfprintf_r
                0x08003cc8     0x1b90 c:/program files (x86)/gnu arm embedded toolchain/10 2021.10/bin/../lib/gcc/arm-none-eabi/10.3.1/../../../../arm-none-eabi/lib/thumb/v7e-m+fp/hard\libc.a(lib_a-vfprintf.o)
                0x08003cc8                _vfprintf_r
 .text.__sbprintf
                0x08005858       0x80 c:/program files (x86)/gnu arm embedded toolchain/10 2021.10/bin/../lib/gcc/arm-none-eabi/10.3.1/../../../../arm-none-eabi/lib/thumb/v7e-m+fp/hard\libc.a(lib_a-vfprintf.o)
 .text.__swsetup_r
                0x080058d8       0xd4 c:/program files (x86)/gnu arm embedded toolchain/10 2021.10/bin/../lib/gcc/arm-none-eabi/10.3.1/../../../../arm-none-eabi/lib/thumb/v7e-m+fp/hard\libc.a(lib_a-wsetup.o)
                0x080058d8                __swsetup_r
 .text.startup.register_fini
                0x080059ac       0x14 c:/program files (x86)/gnu arm embedded toolchain/10 2021.10/bin/../lib/gcc/arm-none-eabi/10.3.1/../../../../arm-none-eabi/lib/thumb/v7e-m+fp/hard\libc.a(lib_a-__call_atexit.o)
 .text.atexit   0x080059c0        0xc c:/program files (x86)/gnu arm embedded toolchain/10 2021.10/bin/../lib/gcc/arm-none-eabi/10.3.1/../../../../arm-none-eabi/lib/thumb/v7e-m+fp/hard\libc.a(lib_a-atexit.o)
                0x080059c0                atexit
 .text.quorem   0x080059cc      0x128 c:/program files (x86)/gnu arm embedded toolchain/10 2021.10/bin/../lib/gcc/arm-none-eabi/10.3.1/../../../../arm-none-eabi/lib/thumb/v7e-m+fp/hard\libc.a(lib_a-dtoa.o)
 *fill*         0x08005af4        0x4 
 .text._dtoa_r  0x08005af8      0xf3c c:/program files (x86)/gnu arm embedded toolchain/10 2021.10/bin/../lib/gcc/arm-none-eabi/10.3.1/../../../../arm-none-eabi/lib/thumb/v7e-m+fp/hard\libc.a(lib_a-dtoa.o)
                0x08005af8                _dtoa_r
 .text.__sflush_r
                0x08006a34      0x130 c:/program files (x86)/gnu arm embedded toolchain/10 2021.10/bin/../lib/gcc/arm-none-eabi/10.3.1/../../../../arm-none-eabi/lib/thumb/v7e-m+fp/hard\libc.a(lib_a-fflush.o)
                0x08006a34                __sflush_r
 .text._fflush_r
                0x08006b64       0x5c c:/program files (x86)/gnu arm embedded toolchain/10 2021.10/bin/../lib/gcc/arm-none-eabi/10.3.1/../../../../arm-none-eabi/lib/thumb/v7e-m+fp/hard\libc.a(lib_a-fflush.o)
                0x08006b64                _fflush_r
 .text._cleanup_r
                0x08006bc0        0xc c:/program files (x86)/gnu arm embedded toolchain/10 2021.10/bin/../lib/gcc/arm-none-eabi/10.3.1/../../../../arm-none-eabi/lib/thumb/v7e-m+fp/hard\libc.a(lib_a-findfp.o)
                0x08006bc0                _cleanup_r
 .text.__sinit  0x08006bcc      0x10c c:/program files (x86)/gnu arm embedded toolchain/10 2021.10/bin/../lib/gcc/arm-none-eabi/10.3.1/../../../../arm-none-eabi/lib/thumb/v7e-m+fp/hard\libc.a(lib_a-findfp.o)
                0x08006bcc                __sinit
 .text.__sfp_lock_acquire
                0x08006cd8        0xc c:/program files (x86)/gnu arm embedded toolchain/10 2021.10/bin/../lib/gcc/arm-none-eabi/10.3.1/../../../../arm-none-eabi/lib/thumb/v7e-m+fp/hard\libc.a(lib_a-findfp.o)
                0x08006cd8                __sfp_lock_acquire
 .text.__sfp_lock_release
                0x08006ce4        0xc c:/program files (x86)/gnu arm embedded toolchain/10 2021.10/bin/../lib/gcc/arm-none-eabi/10.3.1/../../../../arm-none-eabi/lib/thumb/v7e-m+fp/hard\libc.a(lib_a-findfp.o)
                0x08006ce4                __sfp_lock_release
 .text.__libc_fini_array
                0x08006cf0       0x2c c:/program files (x86)/gnu arm embedded toolchain/10 2021.10/bin/../lib/gcc/arm-none-eabi/10.3.1/../../../../arm-none-eabi/lib/thumb/v7e-m+fp/hard\libc.a(lib_a-fini.o)
                0x08006cf0                __libc_fini_array
 .text._malloc_trim_r
                0x08006d1c       0xa0 c:/program files (x86)/gnu arm embedded toolchain/10 2021.10/bin/../lib/gcc/arm-none-eabi/10.3.1/../../../../arm-none-eabi/lib/thumb/v7e-m+fp/hard\libc.a(lib_a-freer.o)
                0x08006d1c                _malloc_trim_r
 .text._free_r  0x08006dbc      0x20c c:/program files (x86)/gnu arm embedded toolchain/10 2021.10/bin/../lib/gcc/arm-none-eabi/10.3.1/../../../../arm-none-eabi/lib/thumb/v7e-m+fp/hard\libc.a(lib_a-freer.o)
                0x08006dbc                _free_r
 .text.__sfvwrite_r
                0x08006fc8      0x2f0 c:/program files (x86)/gnu arm embedded toolchain/10 2021.10/bin/../lib/gcc/arm-none-eabi/10.3.1/../../../../arm-none-eabi/lib/thumb/v7e-m+fp/hard\libc.a(lib_a-fvwrite.o)
                0x08006fc8                __sfvwrite_r
 .text._fwalk_reent
                0x080072b8       0x48 c:/program files (x86)/gnu arm embedded toolchain/10 2021.10/bin/../lib/gcc/arm-none-eabi/10.3.1/../../../../arm-none-eabi/lib/thumb/v7e-m+fp/hard\libc.a(lib_a-fwalk.o)
                0x080072b8                _fwalk_reent
 .text._localeconv_r
                0x08007300        0x8 c:/program files (x86)/gnu arm embedded toolchain/10 2021.10/bin/../lib/gcc/arm-none-eabi/10.3.1/../../../../arm-none-eabi/lib/thumb/v7e-m+fp/hard\libc.a(lib_a-localeconv.o)
                0x08007300                _localeconv_r
 .text.__retarget_lock_init_recursive
                0x08007308        0x4 c:/program files (x86)/gnu arm embedded toolchain/10 2021.10/bin/../lib/gcc/arm-none-eabi/10.3.1/../../../../arm-none-eabi/lib/thumb/v7e-m+fp/hard\libc.a(lib_a-lock.o)
                0x08007308                __retarget_lock_init_recursive
 .text.__retarget_lock_close_recursive
                0x0800730c        0x4 c:/program files (x86)/gnu arm embedded toolchain/10 2021.10/bin/../lib/gcc/arm-none-eabi/10.3.1/../../../../arm-none-eabi/lib/thumb/v7e-m+fp/hard\libc.a(lib_a-lock.o)
                0x0800730c                __retarget_lock_close_recursive
 .text.__retarget_lock_acquire_recursive
                0x08007310        0x4 c:/program files (x86)/gnu arm embedded toolchain/10 2021.10/bin/../lib/gcc/arm-none-eabi/10.3.1/../../../../arm-none-eabi/lib/thumb/v7e-m+fp/hard\libc.a(lib_a-lock.o)
                0x08007310                __retarget_lock_acquire_recursive
 .text.__retarget_lock_release_recursive
                0x08007314        0x4 c:/program files (x86)/gnu arm embedded toolchain/10 2021.10/bin/../lib/gcc/arm-none-eabi/10.3.1/../../../../arm-none-eabi/lib/thumb/v7e-m+fp/hard\libc.a(lib_a-lock.o)
                0x08007314                __retarget_lock_release_recursive
 .text.__smakebuf_r
                0x08007318       0xe0 c:/program files (x86)/gnu arm embedded toolchain/10 2021.10/bin/../lib/gcc/arm-none-eabi/10.3.1/../../../../arm-none-eabi/lib/thumb/v7e-m+fp/hard\libc.a(lib_a-makebuf.o)
                0x08007318                __smakebuf_r
 .text.memmove  0x080073f8       0xf8 c:/program files (x86)/gnu arm embedded toolchain/10 2021.10/bin/../lib/gcc/arm-none-eabi/10.3.1/../../../../arm-none-eabi/lib/thumb/v7e-m+fp/hard\libc.a(lib_a-memmove.o)
                0x080073f8                memmove
 .text._Balloc  0x080074f0       0x4c c:/program files (x86)/gnu arm embedded toolchain/10 2021.10/bin/../lib/gcc/arm-none-eabi/10.3.1/../../../../arm-none-eabi/lib/thumb/v7e-m+fp/hard\libc.a(lib_a-mprec.o)
                0x080074f0                _Balloc
 .text._Bfree   0x0800753c       0x14 c:/program files (x86)/gnu arm embedded toolchain/10 2021.10/bin/../lib/gcc/arm-none-eabi/10.3.1/../../../../arm-none-eabi/lib/thumb/v7e-m+fp/hard\libc.a(lib_a-mprec.o)
                0x0800753c                _Bfree
 .text.__multadd
                0x08007550       0xa8 c:/program files (x86)/gnu arm embedded toolchain/10 2021.10/bin/../lib/gcc/arm-none-eabi/10.3.1/../../../../arm-none-eabi/lib/thumb/v7e-m+fp/hard\libc.a(lib_a-mprec.o)
                0x08007550                __multadd
 .text.__hi0bits
                0x080075f8       0x40 c:/program files (x86)/gnu arm embedded toolchain/10 2021.10/bin/../lib/gcc/arm-none-eabi/10.3.1/../../../../arm-none-eabi/lib/thumb/v7e-m+fp/hard\libc.a(lib_a-mprec.o)
                0x080075f8                __hi0bits
 .text.__lo0bits
                0x08007638       0x60 c:/program files (x86)/gnu arm embedded toolchain/10 2021.10/bin/../lib/gcc/arm-none-eabi/10.3.1/../../../../arm-none-eabi/lib/thumb/v7e-m+fp/hard\libc.a(lib_a-mprec.o)
                0x08007638                __lo0bits
 .text.__i2b    0x08007698       0x5c c:/program files (x86)/gnu arm embedded toolchain/10 2021.10/bin/../lib/gcc/arm-none-eabi/10.3.1/../../../../arm-none-eabi/lib/thumb/v7e-m+fp/hard\libc.a(lib_a-mprec.o)
                0x08007698                __i2b
 .text.__multiply
                0x080076f4      0x15c c:/program files (x86)/gnu arm embedded toolchain/10 2021.10/bin/../lib/gcc/arm-none-eabi/10.3.1/../../../../arm-none-eabi/lib/thumb/v7e-m+fp/hard\libc.a(lib_a-mprec.o)
                0x080076f4                __multiply
 .text.__pow5mult
                0x08007850       0xc0 c:/program files (x86)/gnu arm embedded toolchain/10 2021.10/bin/../lib/gcc/arm-none-eabi/10.3.1/../../../../arm-none-eabi/lib/thumb/v7e-m+fp/hard\libc.a(lib_a-mprec.o)
                0x08007850                __pow5mult
 .text.__lshift
                0x08007910       0xf0 c:/program files (x86)/gnu arm embedded toolchain/10 2021.10/bin/../lib/gcc/arm-none-eabi/10.3.1/../../../../arm-none-eabi/lib/thumb/v7e-m+fp/hard\libc.a(lib_a-mprec.o)
                0x08007910                __lshift
 .text.__mcmp   0x08007a00       0x44 c:/program files (x86)/gnu arm embedded toolchain/10 2021.10/bin/../lib/gcc/arm-none-eabi/10.3.1/../../../../arm-none-eabi/lib/thumb/v7e-m+fp/hard\libc.a(lib_a-mprec.o)
                0x08007a00                __mcmp
 .text.__mdiff  0x08007a44      0x14c c:/program files (x86)/gnu arm embedded toolchain/10 2021.10/bin/../lib/gcc/arm-none-eabi/10.3.1/../../../../arm-none-eabi/lib/thumb/v7e-m+fp/hard\libc.a(lib_a-mprec.o)
                0x08007a44                __mdiff
 .text.__d2b    0x08007b90       0xd0 c:/program files (x86)/gnu arm embedded toolchain/10 2021.10/bin/../lib/gcc/arm-none-eabi/10.3.1/../../../../arm-none-eabi/lib/thumb/v7e-m+fp/hard\libc.a(lib_a-mprec.o)
                0x08007b90                __d2b
 .text._realloc_r
                0x08007c60      0x3d8 c:/program files (x86)/gnu arm embedded toolchain/10 2021.10/bin/../lib/gcc/arm-none-eabi/10.3.1/../../../../arm-none-eabi/lib/thumb/v7e-m+fp/hard\libc.a(lib_a-reallocr.o)
                0x08007c60                _realloc_r
 .text.frexp    0x08008038       0x6c c:/program files (x86)/gnu arm embedded toolchain/10 2021.10/bin/../lib/gcc/arm-none-eabi/10.3.1/../../../../arm-none-eabi/lib/thumb/v7e-m+fp/hard\libc.a(lib_a-s_frexp.o)
                0x08008038                frexp
 .text.__sread  0x080080a4       0x24 c:/program files (x86)/gnu arm embedded toolchain/10 2021.10/bin/../lib/gcc/arm-none-eabi/10.3.1/../../../../arm-none-eabi/lib/thumb/v7e-m+fp/hard\libc.a(lib_a-stdio.o)
                0x080080a4                __sread
 .text.__swrite
                0x080080c8       0x40 c:/program files (x86)/gnu arm embedded toolchain/10 2021.10/bin/../lib/gcc/arm-none-eabi/10.3.1/../../../../arm-none-eabi/lib/thumb/v7e-m+fp/hard\libc.a(lib_a-stdio.o)
                0x080080c8                __swrite
 .text.__sseek  0x08008108       0x20 c:/program files (x86)/gnu arm embedded toolchain/10 2021.10/bin/../lib/gcc/arm-none-eabi/10.3.1/../../../../arm-none-eabi/lib/thumb/v7e-m+fp/hard\libc.a(lib_a-stdio.o)
                0x08008108                __sseek
 .text.__sclose
                0x08008128        0x8 c:/program files (x86)/gnu arm embedded toolchain/10 2021.10/bin/../lib/gcc/arm-none-eabi/10.3.1/../../../../arm-none-eabi/lib/thumb/v7e-m+fp/hard\libc.a(lib_a-stdio.o)
                0x08008128                __sclose
 .text.strncpy  0x08008130       0x64 c:/program files (x86)/gnu arm embedded toolchain/10 2021.10/bin/../lib/gcc/arm-none-eabi/10.3.1/../../../../arm-none-eabi/lib/thumb/v7e-m+fp/hard\libc.a(lib_a-strncpy.o)
                0x08008130                strncpy
 .text.__sprint_r.part.0
                0x08008194       0x78 c:/program files (x86)/gnu arm embedded toolchain/10 2021.10/bin/../lib/gcc/arm-none-eabi/10.3.1/../../../../arm-none-eabi/lib/thumb/v7e-m+fp/hard\libc.a(lib_a-vfiprintf.o)
 .text.__sprint_r
                0x0800820c       0x18 c:/program files (x86)/gnu arm embedded toolchain/10 2021.10/bin/../lib/gcc/arm-none-eabi/10.3.1/../../../../arm-none-eabi/lib/thumb/v7e-m+fp/hard\libc.a(lib_a-vfiprintf.o)
                0x0800820c                __sprint_r
 .text._vfiprintf_r
                0x08008224      0xdfc c:/program files (x86)/gnu arm embedded toolchain/10 2021.10/bin/../lib/gcc/arm-none-eabi/10.3.1/../../../../arm-none-eabi/lib/thumb/v7e-m+fp/hard\libc.a(lib_a-vfiprintf.o)
                0x08008224                _vfiprintf_r
 .text.__sbprintf
                0x08009020       0x80 c:/program files (x86)/gnu arm embedded toolchain/10 2021.10/bin/../lib/gcc/arm-none-eabi/10.3.1/../../../../arm-none-eabi/lib/thumb/v7e-m+fp/hard\libc.a(lib_a-vfiprintf.o)
 .text._write_r
                0x080090a0       0x2c c:/program files (x86)/gnu arm embedded toolchain/10 2021.10/bin/../lib/gcc/arm-none-eabi/10.3.1/../../../../arm-none-eabi/lib/thumb/v7e-m+fp/hard\libc.a(lib_a-writer.o)
                0x080090a0                _write_r
 .text.__register_exitproc
                0x080090cc       0x8c c:/program files (x86)/gnu arm embedded toolchain/10 2021.10/bin/../lib/gcc/arm-none-eabi/10.3.1/../../../../arm-none-eabi/lib/thumb/v7e-m+fp/hard\libc.a(lib_a-__atexit.o)
                0x080090cc                __register_exitproc
 .text.__assert_func
                0x08009158       0x40 c:/program files (x86)/gnu arm embedded toolchain/10 2021.10/bin/../lib/gcc/arm-none-eabi/10.3.1/../../../../arm-none-eabi/lib/thumb/v7e-m+fp/hard\libc.a(lib_a-assert.o)
                0x08009158                __assert_func
 .text._calloc_r
                0x08009198       0x78 c:/program files (x86)/gnu arm embedded toolchain/10 2021.10/bin/../lib/gcc/arm-none-eabi/10.3.1/../../../../arm-none-eabi/lib/thumb/v7e-m+fp/hard\libc.a(lib_a-callocr.o)
                0x08009198                _calloc_r
 .text._close_r
                0x08009210       0x24 c:/program files (x86)/gnu arm embedded toolchain/10 2021.10/bin/../lib/gcc/arm-none-eabi/10.3.1/../../../../arm-none-eabi/lib/thumb/v7e-m+fp/hard\libc.a(lib_a-closer.o)
                0x08009210                _close_r
 .text.__errno  0x08009234        0xc c:/program files (x86)/gnu arm embedded toolchain/10 2021.10/bin/../lib/gcc/arm-none-eabi/10.3.1/../../../../arm-none-eabi/lib/thumb/v7e-m+fp/hard\libc.a(lib_a-errno.o)
                0x08009234                __errno
 .text._fclose_r
                0x08009240       0xcc c:/program files (x86)/gnu arm embedded toolchain/10 2021.10/bin/../lib/gcc/arm-none-eabi/10.3.1/../../../../arm-none-eabi/lib/thumb/v7e-m+fp/hard\libc.a(lib_a-fclose.o)
                0x08009240                _fclose_r
 .text.fiprintf
                0x0800930c       0x28 c:/program files (x86)/gnu arm embedded toolchain/10 2021.10/bin/../lib/gcc/arm-none-eabi/10.3.1/../../../../arm-none-eabi/lib/thumb/v7e-m+fp/hard\libc.a(lib_a-fiprintf.o)
                0x0800930c                fiprintf
 .text.__fputwc
                0x08009334       0xa8 c:/program files (x86)/gnu arm embedded toolchain/10 2021.10/bin/../lib/gcc/arm-none-eabi/10.3.1/../../../../arm-none-eabi/lib/thumb/v7e-m+fp/hard\libc.a(lib_a-fputwc.o)
                0x08009334                __fputwc
 .text._fputwc_r
                0x080093dc       0x68 c:/program files (x86)/gnu arm embedded toolchain/10 2021.10/bin/../lib/gcc/arm-none-eabi/10.3.1/../../../../arm-none-eabi/lib/thumb/v7e-m+fp/hard\libc.a(lib_a-fputwc.o)
                0x080093dc                _fputwc_r
 .text._fstat_r
                0x08009444       0x2c c:/program files (x86)/gnu arm embedded toolchain/10 2021.10/bin/../lib/gcc/arm-none-eabi/10.3.1/../../../../arm-none-eabi/lib/thumb/v7e-m+fp/hard\libc.a(lib_a-fstatr.o)
                0x08009444                _fstat_r
 .text._isatty_r
                0x08009470       0x24 c:/program files (x86)/gnu arm embedded toolchain/10 2021.10/bin/../lib/gcc/arm-none-eabi/10.3.1/../../../../arm-none-eabi/lib/thumb/v7e-m+fp/hard\libc.a(lib_a-isattyr.o)
                0x08009470                _isatty_r
 .text.__locale_mb_cur_max
                0x08009494        0xc c:/program files (x86)/gnu arm embedded toolchain/10 2021.10/bin/../lib/gcc/arm-none-eabi/10.3.1/../../../../arm-none-eabi/lib/thumb/v7e-m+fp/hard\libc.a(lib_a-locale.o)
                0x08009494                __locale_mb_cur_max
 .text._lseek_r
                0x080094a0       0x2c c:/program files (x86)/gnu arm embedded toolchain/10 2021.10/bin/../lib/gcc/arm-none-eabi/10.3.1/../../../../arm-none-eabi/lib/thumb/v7e-m+fp/hard\libc.a(lib_a-lseekr.o)
                0x080094a0                _lseek_r
 .text.__ascii_mbtowc
                0x080094cc       0x2c c:/program files (x86)/gnu arm embedded toolchain/10 2021.10/bin/../lib/gcc/arm-none-eabi/10.3.1/../../../../arm-none-eabi/lib/thumb/v7e-m+fp/hard\libc.a(lib_a-mbtowc_r.o)
                0x080094cc                __ascii_mbtowc
 .text._read_r  0x080094f8       0x2c c:/program files (x86)/gnu arm embedded toolchain/10 2021.10/bin/../lib/gcc/arm-none-eabi/10.3.1/../../../../arm-none-eabi/lib/thumb/v7e-m+fp/hard\libc.a(lib_a-readr.o)
                0x080094f8                _read_r
 .text.__swbuf_r
                0x08009524       0xb0 c:/program files (x86)/gnu arm embedded toolchain/10 2021.10/bin/../lib/gcc/arm-none-eabi/10.3.1/../../../../arm-none-eabi/lib/thumb/v7e-m+fp/hard\libc.a(lib_a-wbuf.o)
                0x08009524                __swbuf_r
 .text._wcrtomb_r
                0x080095d4       0x3c c:/program files (x86)/gnu arm embedded toolchain/10 2021.10/bin/../lib/gcc/arm-none-eabi/10.3.1/../../../../arm-none-eabi/lib/thumb/v7e-m+fp/hard\libc.a(lib_a-wcrtomb.o)
                0x080095d4                _wcrtomb_r
 .text.__ascii_wctomb
                0x08009610       0x1c c:/program files (x86)/gnu arm embedded toolchain/10 2021.10/bin/../lib/gcc/arm-none-eabi/10.3.1/../../../../arm-none-eabi/lib/thumb/v7e-m+fp/hard\libc.a(lib_a-wctomb_r.o)
                0x08009610                __ascii_wctomb
 .text.abort    0x0800962c       0x10 c:/program files (x86)/gnu arm embedded toolchain/10 2021.10/bin/../lib/gcc/arm-none-eabi/10.3.1/../../../../arm-none-eabi/lib/thumb/v7e-m+fp/hard\libc.a(lib_a-abort.o)
                0x0800962c                abort
 .text.raise    0x0800963c       0x5c c:/program files (x86)/gnu arm embedded toolchain/10 2021.10/bin/../lib/gcc/arm-none-eabi/10.3.1/../../../../arm-none-eabi/lib/thumb/v7e-m+fp/hard\libc.a(lib_a-signal.o)
                0x0800963c                raise
 .text._kill_r  0x08009698       0x2c c:/program files (x86)/gnu arm embedded toolchain/10 2021.10/bin/../lib/gcc/arm-none-eabi/10.3.1/../../../../arm-none-eabi/lib/thumb/v7e-m+fp/hard\libc.a(lib_a-signalr.o)
                0x08009698                _kill_r
 .text._getpid_r
                0x080096c4        0x4 c:/program files (x86)/gnu arm embedded toolchain/10 2021.10/bin/../lib/gcc/arm-none-eabi/10.3.1/../../../../arm-none-eabi/lib/thumb/v7e-m+fp/hard\libc.a(lib_a-signalr.o)
                0x080096c4                _getpid_r
 .text._close   0x080096c8       0x10 c:/program files (x86)/gnu arm embedded toolchain/10 2021.10/bin/../lib/gcc/arm-none-eabi/10.3.1/../../../../arm-none-eabi/lib/thumb/v7e-m+fp/hard\libnosys.a(close.o)
                0x080096c8                _close
 .text._fstat   0x080096d8       0x10 c:/program files (x86)/gnu arm embedded toolchain/10 2021.10/bin/../lib/gcc/arm-none-eabi/10.3.1/../../../../arm-none-eabi/lib/thumb/v7e-m+fp/hard\libnosys.a(fstat.o)
                0x080096d8                _fstat
 .text._getpid  0x080096e8       0x10 c:/program files (x86)/gnu arm embedded toolchain/10 2021.10/bin/../lib/gcc/arm-none-eabi/10.3.1/../../../../arm-none-eabi/lib/thumb/v7e-m+fp/hard\libnosys.a(getpid.o)
                0x080096e8                _getpid
 .text._isatty  0x080096f8       0x10 c:/program files (x86)/gnu arm embedded toolchain/10 2021.10/bin/../lib/gcc/arm-none-eabi/10.3.1/../../../../arm-none-eabi/lib/thumb/v7e-m+fp/hard\libnosys.a(isatty.o)
                0x080096f8                _isatty
 .text._kill    0x08009708       0x10 c:/program files (x86)/gnu arm embedded toolchain/10 2021.10/bin/../lib/gcc/arm-none-eabi/10.3.1/../../../../arm-none-eabi/lib/thumb/v7e-m+fp/hard\libnosys.a(kill.o)
                0x08009708                _kill
 .text._lseek   0x08009718       0x10 c:/program files (x86)/gnu arm embedded toolchain/10 2021.10/bin/../lib/gcc/arm-none-eabi/10.3.1/../../../../arm-none-eabi/lib/thumb/v7e-m+fp/hard\libnosys.a(lseek.o)
                0x08009718                _lseek
 .text._read    0x08009728       0x10 c:/program files (x86)/gnu arm embedded toolchain/10 2021.10/bin/../lib/gcc/arm-none-eabi/10.3.1/../../../../arm-none-eabi/lib/thumb/v7e-m+fp/hard\libnosys.a(read.o)
                0x08009728                _read
 .text._sbrk    0x08009738       0x1c c:/program files (x86)/gnu arm embedded toolchain/10 2021.10/bin/../lib/gcc/arm-none-eabi/10.3.1/../../../../arm-none-eabi/lib/thumb/v7e-m+fp/hard\libnosys.a(sbrk.o)
                0x08009738                _sbrk
 .text._exit    0x08009754        0x4 c:/program files (x86)/gnu arm embedded toolchain/10 2021.10/bin/../lib/gcc/arm-none-eabi/10.3.1/../../../../arm-none-eabi/lib/thumb/v7e-m+fp/hard\libnosys.a(_exit.o)
                0x08009754                _exit
 *(.glue_7)
 .glue_7        0x08009758        0x0 linker stubs
 *(.glue_7t)
 .glue_7t       0x08009758        0x0 linker stubs
 *(.eh_frame)
 .eh_frame      0x08009758        0x0 c:/program files (x86)/gnu arm embedded toolchain/10 2021.10/bin/../lib/gcc/arm-none-eabi/10.3.1/thumb/v7e-m+fp/hard/crtbegin.o
 *(.init)
 .init          0x08009758        0x4 c:/program files (x86)/gnu arm embedded toolchain/10 2021.10/bin/../lib/gcc/arm-none-eabi/10.3.1/thumb/v7e-m+fp/hard/crti.o
                0x08009758                _init
 .init          0x0800975c        0x8 c:/program files (x86)/gnu arm embedded toolchain/10 2021.10/bin/../lib/gcc/arm-none-eabi/10.3.1/thumb/v7e-m+fp/hard/crtn.o
 *(.fini)
 .fini          0x08009764        0x4 c:/program files (x86)/gnu arm embedded toolchain/10 2021.10/bin/../lib/gcc/arm-none-eabi/10.3.1/thumb/v7e-m+fp/hard/crti.o
                0x08009764                _fini
 .fini          0x08009768        0x8 c:/program files (x86)/gnu arm embedded toolchain/10 2021.10/bin/../lib/gcc/arm-none-eabi/10.3.1/thumb/v7e-m+fp/hard/crtn.o
                0x08009770                . = ALIGN (0x4)
                0x08009770                _etext = .

.vfp11_veneer   0x08009770        0x0
 .vfp11_veneer  0x08009770        0x0 linker stubs

.v4_bx          0x08009770        0x0
 .v4_bx         0x08009770        0x0 linker stubs

.iplt           0x08009770        0x0
 .iplt          0x08009770        0x0 c:/program files (x86)/gnu arm embedded toolchain/10 2021.10/bin/../lib/gcc/arm-none-eabi/10.3.1/thumb/v7e-m+fp/hard/crtbegin.o

.rodata         0x08009770      0x590
                0x08009770                . = ALIGN (0x4)
 *(.rodata)
 *(.rodata*)
 .rodata.main.str1.4
                0x08009770       0x38 build/obj/Board_Core_Src_mainc.o
 .rodata.AHBPrescTable
                0x080097a8       0x10 build/obj/Board_Core_Src_system_stm32f4xxc.o
                0x080097a8                AHBPrescTable
 .rodata.APBPrescTable
                0x080097b8        0x8 build/obj/Board_Core_Src_system_stm32f4xxc.o
                0x080097b8                APBPrescTable
 .rodata.test.str1.4
                0x080097c0       0x24 build/obj/_arduino_Printcpp.o
 .rodata._ZN5Print7printlnEv.str1.4
                0x080097e4        0x3 build/obj/_arduino_Printcpp.o
 *fill*         0x080097e7        0x1 
 .rodata._ZTI5Print
                0x080097e8        0x8 build/obj/_arduino_Printcpp.o
                0x080097e8                typeinfo for Print
 .rodata._ZTS5Print
                0x080097f0        0x7 build/obj/_arduino_Printcpp.o
                0x080097f0                typeinfo name for Print
 *fill*         0x080097f7        0x1 
 .rodata._ZTV5Print
                0x080097f8       0x14 build/obj/_arduino_Printcpp.o
                0x080097f8                vtable for Print
 .rodata.testSimpleFOCDebug.str1.4
                0x0800980c       0x1d build/obj/_communication_SimpleFOCDebugcpp.o
 *fill*         0x08009829        0x3 
 .rodata._ZTIN10__cxxabiv117__class_type_infoE
                0x0800982c        0xc c:/program files (x86)/gnu arm embedded toolchain/10 2021.10/bin/../lib/gcc/arm-none-eabi/10.3.1/../../../../arm-none-eabi/lib/thumb/v7e-m+fp/hard\libstdc++.a(class_type_info.o)
                0x0800982c                typeinfo for __cxxabiv1::__class_type_info
 .rodata._ZTSN10__cxxabiv117__class_type_infoE
                0x08009838       0x22 c:/program files (x86)/gnu arm embedded toolchain/10 2021.10/bin/../lib/gcc/arm-none-eabi/10.3.1/../../../../arm-none-eabi/lib/thumb/v7e-m+fp/hard\libstdc++.a(class_type_info.o)
                0x08009838                typeinfo name for __cxxabiv1::__class_type_info
 *fill*         0x0800985a        0x2 
 .rodata._ZTVN10__cxxabiv117__class_type_infoE
                0x0800985c       0x2c c:/program files (x86)/gnu arm embedded toolchain/10 2021.10/bin/../lib/gcc/arm-none-eabi/10.3.1/../../../../arm-none-eabi/lib/thumb/v7e-m+fp/hard\libstdc++.a(class_type_info.o)
                0x0800985c                vtable for __cxxabiv1::__class_type_info
 .rodata._ZTIN10__cxxabiv120__si_class_type_infoE
                0x08009888        0xc c:/program files (x86)/gnu arm embedded toolchain/10 2021.10/bin/../lib/gcc/arm-none-eabi/10.3.1/../../../../arm-none-eabi/lib/thumb/v7e-m+fp/hard\libstdc++.a(si_class_type_info.o)
                0x08009888                typeinfo for __cxxabiv1::__si_class_type_info
 .rodata._ZTSN10__cxxabiv120__si_class_type_infoE
                0x08009894       0x25 c:/program files (x86)/gnu arm embedded toolchain/10 2021.10/bin/../lib/gcc/arm-none-eabi/10.3.1/../../../../arm-none-eabi/lib/thumb/v7e-m+fp/hard\libstdc++.a(si_class_type_info.o)
                0x08009894                typeinfo name for __cxxabiv1::__si_class_type_info
 *fill*         0x080098b9        0x3 
 .rodata._ZTVN10__cxxabiv120__si_class_type_infoE
                0x080098bc       0x2c c:/program files (x86)/gnu arm embedded toolchain/10 2021.10/bin/../lib/gcc/arm-none-eabi/10.3.1/../../../../arm-none-eabi/lib/thumb/v7e-m+fp/hard\libstdc++.a(si_class_type_info.o)
                0x080098bc                vtable for __cxxabiv1::__si_class_type_info
 .rodata._ZTISt9type_info
                0x080098e8        0x8 c:/program files (x86)/gnu arm embedded toolchain/10 2021.10/bin/../lib/gcc/arm-none-eabi/10.3.1/../../../../arm-none-eabi/lib/thumb/v7e-m+fp/hard\libstdc++.a(tinfo.o)
                0x080098e8                typeinfo for std::type_info
 .rodata._ZTSSt9type_info
                0x080098f0        0xd c:/program files (x86)/gnu arm embedded toolchain/10 2021.10/bin/../lib/gcc/arm-none-eabi/10.3.1/../../../../arm-none-eabi/lib/thumb/v7e-m+fp/hard\libstdc++.a(tinfo.o)
                0x080098f0                typeinfo name for std::type_info
 *fill*         0x080098fd        0x3 
 .rodata._global_impure_ptr
                0x08009900        0x4 c:/program files (x86)/gnu arm embedded toolchain/10 2021.10/bin/../lib/gcc/arm-none-eabi/10.3.1/../../../../arm-none-eabi/lib/thumb/v7e-m+fp/hard\libc.a(lib_a-impure.o)
                0x08009900                _global_impure_ptr
 .rodata._puts_r.str1.4
                0x08009904        0x2 c:/program files (x86)/gnu arm embedded toolchain/10 2021.10/bin/../lib/gcc/arm-none-eabi/10.3.1/../../../../arm-none-eabi/lib/thumb/v7e-m+fp/hard\libc.a(lib_a-puts.o)
 *fill*         0x08009906        0x2 
 .rodata._vfprintf_r.str1.4
                0x08009908       0x42 c:/program files (x86)/gnu arm embedded toolchain/10 2021.10/bin/../lib/gcc/arm-none-eabi/10.3.1/../../../../arm-none-eabi/lib/thumb/v7e-m+fp/hard\libc.a(lib_a-vfprintf.o)
 *fill*         0x0800994a        0x2 
 .rodata.blanks.1
                0x0800994c       0x10 c:/program files (x86)/gnu arm embedded toolchain/10 2021.10/bin/../lib/gcc/arm-none-eabi/10.3.1/../../../../arm-none-eabi/lib/thumb/v7e-m+fp/hard\libc.a(lib_a-vfprintf.o)
 .rodata.zeroes.0
                0x0800995c       0x10 c:/program files (x86)/gnu arm embedded toolchain/10 2021.10/bin/../lib/gcc/arm-none-eabi/10.3.1/../../../../arm-none-eabi/lib/thumb/v7e-m+fp/hard\libc.a(lib_a-vfprintf.o)
 .rodata._dtoa_r.str1.4
                0x0800996c       0xa2 c:/program files (x86)/gnu arm embedded toolchain/10 2021.10/bin/../lib/gcc/arm-none-eabi/10.3.1/../../../../arm-none-eabi/lib/thumb/v7e-m+fp/hard\libc.a(lib_a-dtoa.o)
                                 0xa6 (size before relaxing)
 *fill*         0x08009a0e        0x2 
 .rodata.__multadd.str1.4
                0x08009a10       0x7f c:/program files (x86)/gnu arm embedded toolchain/10 2021.10/bin/../lib/gcc/arm-none-eabi/10.3.1/../../../../arm-none-eabi/lib/thumb/v7e-m+fp/hard\libc.a(lib_a-mprec.o)
                                 0x93 (size before relaxing)
 *fill*         0x08009a8f        0x1 
 .rodata.__mprec_bigtens
                0x08009a90       0x28 c:/program files (x86)/gnu arm embedded toolchain/10 2021.10/bin/../lib/gcc/arm-none-eabi/10.3.1/../../../../arm-none-eabi/lib/thumb/v7e-m+fp/hard\libc.a(lib_a-mprec.o)
                0x08009a90                __mprec_bigtens
 .rodata.__mprec_tens
                0x08009ab8       0xc8 c:/program files (x86)/gnu arm embedded toolchain/10 2021.10/bin/../lib/gcc/arm-none-eabi/10.3.1/../../../../arm-none-eabi/lib/thumb/v7e-m+fp/hard\libc.a(lib_a-mprec.o)
                0x08009ab8                __mprec_tens
 .rodata.p05.0  0x08009b80        0xc c:/program files (x86)/gnu arm embedded toolchain/10 2021.10/bin/../lib/gcc/arm-none-eabi/10.3.1/../../../../arm-none-eabi/lib/thumb/v7e-m+fp/hard\libc.a(lib_a-mprec.o)
 .rodata._vfiprintf_r.str1.4
                0x08009b8c       0x2f c:/program files (x86)/gnu arm embedded toolchain/10 2021.10/bin/../lib/gcc/arm-none-eabi/10.3.1/../../../../arm-none-eabi/lib/thumb/v7e-m+fp/hard\libc.a(lib_a-vfiprintf.o)
 .rodata.blanks.1
                0x08009b8c       0x10 c:/program files (x86)/gnu arm embedded toolchain/10 2021.10/bin/../lib/gcc/arm-none-eabi/10.3.1/../../../../arm-none-eabi/lib/thumb/v7e-m+fp/hard\libc.a(lib_a-vfiprintf.o)
 .rodata.zeroes.0
                0x08009b9c       0x10 c:/program files (x86)/gnu arm embedded toolchain/10 2021.10/bin/../lib/gcc/arm-none-eabi/10.3.1/../../../../arm-none-eabi/lib/thumb/v7e-m+fp/hard\libc.a(lib_a-vfiprintf.o)
 .rodata.__assert_func.str1.4
                0x08009bac       0x3f c:/program files (x86)/gnu arm embedded toolchain/10 2021.10/bin/../lib/gcc/arm-none-eabi/10.3.1/../../../../arm-none-eabi/lib/thumb/v7e-m+fp/hard\libc.a(lib_a-assert.o)
                                 0x43 (size before relaxing)
 *fill*         0x08009beb        0x1 
 .rodata._setlocale_r.str1.4
                0x08009bec        0xa c:/program files (x86)/gnu arm embedded toolchain/10 2021.10/bin/../lib/gcc/arm-none-eabi/10.3.1/../../../../arm-none-eabi/lib/thumb/v7e-m+fp/hard\libc.a(lib_a-locale.o)
                                  0xd (size before relaxing)
 *fill*         0x08009bf6        0x2 
 .rodata.str1.4
                0x08009bf8        0x2 c:/program files (x86)/gnu arm embedded toolchain/10 2021.10/bin/../lib/gcc/arm-none-eabi/10.3.1/../../../../arm-none-eabi/lib/thumb/v7e-m+fp/hard\libc.a(lib_a-locale.o)
 *fill*         0x08009bfa        0x2 
 .rodata._ctype_
                0x08009bfc      0x101 c:/program files (x86)/gnu arm embedded toolchain/10 2021.10/bin/../lib/gcc/arm-none-eabi/10.3.1/../../../../arm-none-eabi/lib/thumb/v7e-m+fp/hard\libc.a(lib_a-ctype_.o)
                0x08009bfc                _ctype_
                0x08009d00                . = ALIGN (0x4)
 *fill*         0x08009cfd        0x3 

.ARM.extab      0x08009d00       0x18
 *(.ARM.extab* .gnu.linkonce.armextab.*)
 .ARM.extab.text._ZN5Print17availableForWriteEv
                0x08009d00        0x0 build/obj/_arduino_Printcpp.o
 .ARM.extab.text._ZN5Print5flushEv
                0x08009d00        0x0 build/obj/_arduino_Printcpp.o
 .ARM.extab     0x08009d00       0x18 c:/program files (x86)/gnu arm embedded toolchain/10 2021.10/bin/../lib/gcc/arm-none-eabi/10.3.1/thumb/v7e-m+fp/hard\libgcc.a(pr-support.o)

.ARM            0x08009d18       0xf8
                0x08009d18                __exidx_start = .
 *(.ARM.exidx*)
 .ARM.exidx.text._ZN5Print17availableForWriteEv
                0x08009dd0        0x0 build/obj/_arduino_Printcpp.o
                                  0x8 (size before relaxing)
 .ARM.exidx.text._ZN5Print5flushEv
                0x08009dd0        0x0 build/obj/_arduino_Printcpp.o
                                  0x8 (size before relaxing)
 .ARM.exidx.text._ZN5Print5writeEPKhj
                0x08009dd0        0x8 build/obj/_arduino_Printcpp.o
 .ARM.exidx.text.test
                0x08009dd8        0x8 build/obj/_arduino_Printcpp.o
 .ARM.exidx.text._ZN5Print7printlnEPKc
                0x08009de0        0x8 build/obj/_arduino_Printcpp.o
 .ARM.exidx.text.startup._GLOBAL__sub_I_Serial
                0x08009de8        0x8 build/obj/_arduino_Printcpp.o
 .ARM.exidx.text.testSimpleFOCDebug
                0x08009df0        0x0 build/obj/_communication_SimpleFOCDebugcpp.o
                                  0x8 (size before relaxing)
 .ARM.exidx.text._ZNK10__cxxabiv117__class_type_info11__do_upcastEPKS0_PPv
                0x08009df0        0x8 c:/program files (x86)/gnu arm embedded toolchain/10 2021.10/bin/../lib/gcc/arm-none-eabi/10.3.1/../../../../arm-none-eabi/lib/thumb/v7e-m+fp/hard\libstdc++.a(class_type_info.o)
 .ARM.exidx.text._ZNK10__cxxabiv117__class_type_info20__do_find_public_srcEiPKvPKS0_S2_
                0x08009df8        0x8 c:/program files (x86)/gnu arm embedded toolchain/10 2021.10/bin/../lib/gcc/arm-none-eabi/10.3.1/../../../../arm-none-eabi/lib/thumb/v7e-m+fp/hard\libstdc++.a(class_type_info.o)
 .ARM.exidx.text._ZN10__cxxabiv117__class_type_infoD2Ev
                0x08009e00        0x0 c:/program files (x86)/gnu arm embedded toolchain/10 2021.10/bin/../lib/gcc/arm-none-eabi/10.3.1/../../../../arm-none-eabi/lib/thumb/v7e-m+fp/hard\libstdc++.a(class_type_info.o)
                                  0x8 (size before relaxing)
 .ARM.exidx.text._ZN10__cxxabiv117__class_type_infoD0Ev
                0x08009e00        0x0 c:/program files (x86)/gnu arm embedded toolchain/10 2021.10/bin/../lib/gcc/arm-none-eabi/10.3.1/../../../../arm-none-eabi/lib/thumb/v7e-m+fp/hard\libstdc++.a(class_type_info.o)
                                  0x8 (size before relaxing)
 .ARM.exidx.text._ZNK10__cxxabiv117__class_type_info12__do_dyncastEiNS0_10__sub_kindEPKS0_PKvS3_S5_RNS0_16__dyncast_resultE
                0x08009e00        0x0 c:/program files (x86)/gnu arm embedded toolchain/10 2021.10/bin/../lib/gcc/arm-none-eabi/10.3.1/../../../../arm-none-eabi/lib/thumb/v7e-m+fp/hard\libstdc++.a(class_type_info.o)
                                  0x8 (size before relaxing)
 .ARM.exidx.text._ZNK10__cxxabiv117__class_type_info11__do_upcastEPKS0_PKvRNS0_15__upcast_resultE
                0x08009e00        0x0 c:/program files (x86)/gnu arm embedded toolchain/10 2021.10/bin/../lib/gcc/arm-none-eabi/10.3.1/../../../../arm-none-eabi/lib/thumb/v7e-m+fp/hard\libstdc++.a(class_type_info.o)
                                  0x8 (size before relaxing)
 .ARM.exidx.text._ZNK10__cxxabiv117__class_type_info10__do_catchEPKSt9type_infoPPvj
                0x08009e00        0x0 c:/program files (x86)/gnu arm embedded toolchain/10 2021.10/bin/../lib/gcc/arm-none-eabi/10.3.1/../../../../arm-none-eabi/lib/thumb/v7e-m+fp/hard\libstdc++.a(class_type_info.o)
                                  0x8 (size before relaxing)
 .ARM.exidx.text._ZdlPvj
                0x08009e00        0x0 c:/program files (x86)/gnu arm embedded toolchain/10 2021.10/bin/../lib/gcc/arm-none-eabi/10.3.1/../../../../arm-none-eabi/lib/thumb/v7e-m+fp/hard\libstdc++.a(del_ops.o)
                                  0x8 (size before relaxing)
 .ARM.exidx.text._ZN10__cxxabiv120__si_class_type_infoD2Ev
                0x08009e00        0x0 c:/program files (x86)/gnu arm embedded toolchain/10 2021.10/bin/../lib/gcc/arm-none-eabi/10.3.1/../../../../arm-none-eabi/lib/thumb/v7e-m+fp/hard\libstdc++.a(si_class_type_info.o)
                                  0x8 (size before relaxing)
 .ARM.exidx.text._ZN10__cxxabiv120__si_class_type_infoD0Ev
                0x08009e00        0x0 c:/program files (x86)/gnu arm embedded toolchain/10 2021.10/bin/../lib/gcc/arm-none-eabi/10.3.1/../../../../arm-none-eabi/lib/thumb/v7e-m+fp/hard\libstdc++.a(si_class_type_info.o)
                                  0x8 (size before relaxing)
 .ARM.exidx.text._ZNK10__cxxabiv120__si_class_type_info20__do_find_public_srcEiPKvPKNS_17__class_type_infoES2_
                0x08009e00        0x0 c:/program files (x86)/gnu arm embedded toolchain/10 2021.10/bin/../lib/gcc/arm-none-eabi/10.3.1/../../../../arm-none-eabi/lib/thumb/v7e-m+fp/hard\libstdc++.a(si_class_type_info.o)
                                  0x8 (size before relaxing)
 .ARM.exidx.text._ZNK10__cxxabiv120__si_class_type_info12__do_dyncastEiNS_17__class_type_info10__sub_kindEPKS1_PKvS4_S6_RNS1_16__dyncast_resultE
                0x08009e00        0x0 c:/program files (x86)/gnu arm embedded toolchain/10 2021.10/bin/../lib/gcc/arm-none-eabi/10.3.1/../../../../arm-none-eabi/lib/thumb/v7e-m+fp/hard\libstdc++.a(si_class_type_info.o)
                                  0x8 (size before relaxing)
 .ARM.exidx.text._ZNK10__cxxabiv120__si_class_type_info11__do_upcastEPKNS_17__class_type_infoEPKvRNS1_15__upcast_resultE
                0x08009e00        0x8 c:/program files (x86)/gnu arm embedded toolchain/10 2021.10/bin/../lib/gcc/arm-none-eabi/10.3.1/../../../../arm-none-eabi/lib/thumb/v7e-m+fp/hard\libstdc++.a(si_class_type_info.o)
 .ARM.exidx.text._ZNSt9type_infoD2Ev
                0x08009e08        0x8 c:/program files (x86)/gnu arm embedded toolchain/10 2021.10/bin/../lib/gcc/arm-none-eabi/10.3.1/../../../../arm-none-eabi/lib/thumb/v7e-m+fp/hard\libstdc++.a(tinfo.o)
 .ARM.exidx.text._ZNKSt9type_info14__is_pointer_pEv
                0x08009e10        0x0 c:/program files (x86)/gnu arm embedded toolchain/10 2021.10/bin/../lib/gcc/arm-none-eabi/10.3.1/../../../../arm-none-eabi/lib/thumb/v7e-m+fp/hard\libstdc++.a(tinfo.o)
                                  0x8 (size before relaxing)
 .ARM.exidx.text._ZNKSt9type_infoeqERKS_
                0x08009e10        0x0 c:/program files (x86)/gnu arm embedded toolchain/10 2021.10/bin/../lib/gcc/arm-none-eabi/10.3.1/../../../../arm-none-eabi/lib/thumb/v7e-m+fp/hard\libstdc++.a(tinfo.o)
                                  0x8 (size before relaxing)
 .ARM.exidx.text._ZdlPv
                0x08009e10        0x0 c:/program files (x86)/gnu arm embedded toolchain/10 2021.10/bin/../lib/gcc/arm-none-eabi/10.3.1/../../../../arm-none-eabi/lib/thumb/v7e-m+fp/hard\libstdc++.a(del_op.o)
                                  0x8 (size before relaxing)
 .ARM.exidx     0x08009d18        0x8 c:/program files (x86)/gnu arm embedded toolchain/10 2021.10/bin/../lib/gcc/arm-none-eabi/10.3.1/thumb/v7e-m+fp/hard\libgcc.a(_udivmoddi4.o)
 .ARM.exidx     0x08009d20       0x78 c:/program files (x86)/gnu arm embedded toolchain/10 2021.10/bin/../lib/gcc/arm-none-eabi/10.3.1/thumb/v7e-m+fp/hard\libgcc.a(unwind-arm.o)
                                 0xd8 (size before relaxing)
 .ARM.exidx     0x08009d98       0x38 c:/program files (x86)/gnu arm embedded toolchain/10 2021.10/bin/../lib/gcc/arm-none-eabi/10.3.1/thumb/v7e-m+fp/hard\libgcc.a(pr-support.o)
                0x08009e10                __exidx_end = .

.rel.dyn        0x08009e10        0x0
 .rel.iplt      0x08009e10        0x0 c:/program files (x86)/gnu arm embedded toolchain/10 2021.10/bin/../lib/gcc/arm-none-eabi/10.3.1/thumb/v7e-m+fp/hard/crtbegin.o

.preinit_array  0x08009e10        0x0
                0x08009e10                PROVIDE (__preinit_array_start = .)
 *(.preinit_array*)
                0x08009e10                PROVIDE (__preinit_array_end = .)

.init_array     0x08009e10        0xc
                0x08009e10                PROVIDE (__init_array_start = .)
 *(SORT_BY_NAME(.init_array.*))
 .init_array.00000
                0x08009e10        0x4 c:/program files (x86)/gnu arm embedded toolchain/10 2021.10/bin/../lib/gcc/arm-none-eabi/10.3.1/../../../../arm-none-eabi/lib/thumb/v7e-m+fp/hard\libc.a(lib_a-__call_atexit.o)
 *(.init_array*)
 .init_array    0x08009e14        0x4 c:/program files (x86)/gnu arm embedded toolchain/10 2021.10/bin/../lib/gcc/arm-none-eabi/10.3.1/thumb/v7e-m+fp/hard/crtbegin.o
 .init_array    0x08009e18        0x4 build/obj/_arduino_Printcpp.o
                0x08009e1c                PROVIDE (__init_array_end = .)

.fini_array     0x08009e1c        0x4
                0x08009e1c                PROVIDE (__fini_array_start = .)
 *(SORT_BY_NAME(.fini_array.*))
 *(.fini_array*)
 .fini_array    0x08009e1c        0x4 c:/program files (x86)/gnu arm embedded toolchain/10 2021.10/bin/../lib/gcc/arm-none-eabi/10.3.1/thumb/v7e-m+fp/hard/crtbegin.o
                0x08009e20                PROVIDE (__fini_array_end = .)
                0x08009e20                _sidata = LOADADDR (.data)

.data           0x20000000      0x9b8 load address 0x08009e20
                0x20000000                . = ALIGN (0x4)
                0x20000000                _sdata = .
 *(.data)
 *(.data*)
 .data.SystemCoreClock
                0x20000000        0x4 build/obj/Board_Core_Src_system_stm32f4xxc.o
                0x20000000                SystemCoreClock
 .data.uwTickFreq
                0x20000004        0x1 build/obj/Board_Drivers_STM32F4xx_HAL_Driver_Src_stm32f4xx_halc.o
                0x20000004                uwTickFreq
 *fill*         0x20000005        0x3 
 .data.uwTickPrio
                0x20000008        0x4 build/obj/Board_Drivers_STM32F4xx_HAL_Driver_Src_stm32f4xx_halc.o
                0x20000008                uwTickPrio
 .data._impure_ptr
                0x2000000c        0x4 c:/program files (x86)/gnu arm embedded toolchain/10 2021.10/bin/../lib/gcc/arm-none-eabi/10.3.1/../../../../arm-none-eabi/lib/thumb/v7e-m+fp/hard\libc.a(lib_a-impure.o)
                0x2000000c                _impure_ptr
 .data.impure_data
                0x20000010      0x428 c:/program files (x86)/gnu arm embedded toolchain/10 2021.10/bin/../lib/gcc/arm-none-eabi/10.3.1/../../../../arm-none-eabi/lib/thumb/v7e-m+fp/hard\libc.a(lib_a-impure.o)
 .data.__malloc_av_
                0x20000438      0x408 c:/program files (x86)/gnu arm embedded toolchain/10 2021.10/bin/../lib/gcc/arm-none-eabi/10.3.1/../../../../arm-none-eabi/lib/thumb/v7e-m+fp/hard\libc.a(lib_a-mallocr.o)
                0x20000438                __malloc_av_
 .data.__malloc_sbrk_base
                0x20000840        0x4 c:/program files (x86)/gnu arm embedded toolchain/10 2021.10/bin/../lib/gcc/arm-none-eabi/10.3.1/../../../../arm-none-eabi/lib/thumb/v7e-m+fp/hard\libc.a(lib_a-mallocr.o)
                0x20000840                __malloc_sbrk_base
 .data.__malloc_trim_threshold
                0x20000844        0x4 c:/program files (x86)/gnu arm embedded toolchain/10 2021.10/bin/../lib/gcc/arm-none-eabi/10.3.1/../../../../arm-none-eabi/lib/thumb/v7e-m+fp/hard\libc.a(lib_a-mallocr.o)
                0x20000844                __malloc_trim_threshold
 .data.__atexit_recursive_mutex
                0x20000848        0x4 c:/program files (x86)/gnu arm embedded toolchain/10 2021.10/bin/../lib/gcc/arm-none-eabi/10.3.1/../../../../arm-none-eabi/lib/thumb/v7e-m+fp/hard\libc.a(lib_a-__call_atexit.o)
                0x20000848                __atexit_recursive_mutex
 .data.__global_locale
                0x2000084c      0x16c c:/program files (x86)/gnu arm embedded toolchain/10 2021.10/bin/../lib/gcc/arm-none-eabi/10.3.1/../../../../arm-none-eabi/lib/thumb/v7e-m+fp/hard\libc.a(lib_a-locale.o)
                0x2000084c                __global_locale
                0x200009b8                . = ALIGN (0x4)
                0x200009b8                _edata = .
                0x0800a7d8                _siccmram = LOADADDR (.ccmram)

.igot.plt       0x200009b8        0x0 load address 0x0800a7d8
 .igot.plt      0x200009b8        0x0 c:/program files (x86)/gnu arm embedded toolchain/10 2021.10/bin/../lib/gcc/arm-none-eabi/10.3.1/thumb/v7e-m+fp/hard/crtbegin.o

.ccmram         0x10000000        0x0 load address 0x0800a7d8
                0x10000000                . = ALIGN (0x4)
                0x10000000                _sccmram = .
 *(.ccmram)
 *(.ccmram*)
                0x10000000                . = ALIGN (0x4)
                0x10000000                _eccmram = .
                0x10000000                . = ALIGN (0x4)

.bss            0x200009b8       0xbc
                0x200009b8                _sbss = .
                0x200009b8                __bss_start__ = _sbss
 *(.bss)
 .bss           0x200009b8       0x1c c:/program files (x86)/gnu arm embedded toolchain/10 2021.10/bin/../lib/gcc/arm-none-eabi/10.3.1/thumb/v7e-m+fp/hard/crtbegin.o
 *(.bss*)
 .bss.huart4    0x200009d4       0x44 build/obj/Board_Core_Src_usartc.o
                0x200009d4                huart4
 .bss.uwTick    0x20000a18        0x4 build/obj/Board_Drivers_STM32F4xx_HAL_Driver_Src_stm32f4xx_halc.o
                0x20000a18                uwTick
 .bss.Serial    0x20000a1c        0x8 build/obj/_arduino_Printcpp.o
                0x20000a1c                Serial
 .bss._ZN14SimpleFOCDebug11_debugPrintE
                0x20000a24        0x4 build/obj/_communication_SimpleFOCDebugcpp.o
                0x20000a24                SimpleFOCDebug::_debugPrint
 .bss.__malloc_current_mallinfo
                0x20000a28       0x28 c:/program files (x86)/gnu arm embedded toolchain/10 2021.10/bin/../lib/gcc/arm-none-eabi/10.3.1/../../../../arm-none-eabi/lib/thumb/v7e-m+fp/hard\libc.a(lib_a-mallocr.o)
                0x20000a28                __malloc_current_mallinfo
 .bss.__malloc_max_sbrked_mem
                0x20000a50        0x4 c:/program files (x86)/gnu arm embedded toolchain/10 2021.10/bin/../lib/gcc/arm-none-eabi/10.3.1/../../../../arm-none-eabi/lib/thumb/v7e-m+fp/hard\libc.a(lib_a-mallocr.o)
                0x20000a50                __malloc_max_sbrked_mem
 .bss.__malloc_max_total_mem
                0x20000a54        0x4 c:/program files (x86)/gnu arm embedded toolchain/10 2021.10/bin/../lib/gcc/arm-none-eabi/10.3.1/../../../../arm-none-eabi/lib/thumb/v7e-m+fp/hard\libc.a(lib_a-mallocr.o)
                0x20000a54                __malloc_max_total_mem
 .bss.__malloc_top_pad
                0x20000a58        0x4 c:/program files (x86)/gnu arm embedded toolchain/10 2021.10/bin/../lib/gcc/arm-none-eabi/10.3.1/../../../../arm-none-eabi/lib/thumb/v7e-m+fp/hard\libc.a(lib_a-mallocr.o)
                0x20000a58                __malloc_top_pad
 .bss.__lock___atexit_recursive_mutex
                0x20000a5c        0x1 c:/program files (x86)/gnu arm embedded toolchain/10 2021.10/bin/../lib/gcc/arm-none-eabi/10.3.1/../../../../arm-none-eabi/lib/thumb/v7e-m+fp/hard\libc.a(lib_a-lock.o)
                0x20000a5c                __lock___atexit_recursive_mutex
 *fill*         0x20000a5d        0x3 
 .bss.__lock___malloc_recursive_mutex
                0x20000a60        0x1 c:/program files (x86)/gnu arm embedded toolchain/10 2021.10/bin/../lib/gcc/arm-none-eabi/10.3.1/../../../../arm-none-eabi/lib/thumb/v7e-m+fp/hard\libc.a(lib_a-lock.o)
                0x20000a60                __lock___malloc_recursive_mutex
 *fill*         0x20000a61        0x3 
 .bss.__lock___sfp_recursive_mutex
                0x20000a64        0x1 c:/program files (x86)/gnu arm embedded toolchain/10 2021.10/bin/../lib/gcc/arm-none-eabi/10.3.1/../../../../arm-none-eabi/lib/thumb/v7e-m+fp/hard\libc.a(lib_a-lock.o)
                0x20000a64                __lock___sfp_recursive_mutex
 *fill*         0x20000a65        0x3 
 .bss.__lock___sinit_recursive_mutex
                0x20000a68        0x1 c:/program files (x86)/gnu arm embedded toolchain/10 2021.10/bin/../lib/gcc/arm-none-eabi/10.3.1/../../../../arm-none-eabi/lib/thumb/v7e-m+fp/hard\libc.a(lib_a-lock.o)
                0x20000a68                __lock___sinit_recursive_mutex
 *fill*         0x20000a69        0x3 
 .bss.errno     0x20000a6c        0x4 c:/program files (x86)/gnu arm embedded toolchain/10 2021.10/bin/../lib/gcc/arm-none-eabi/10.3.1/../../../../arm-none-eabi/lib/thumb/v7e-m+fp/hard\libc.a(lib_a-reent.o)
                0x20000a6c                errno
 .bss.heap_end.0
                0x20000a70        0x4 c:/program files (x86)/gnu arm embedded toolchain/10 2021.10/bin/../lib/gcc/arm-none-eabi/10.3.1/../../../../arm-none-eabi/lib/thumb/v7e-m+fp/hard\libnosys.a(sbrk.o)
 *(COMMON)
                0x20000a74                . = ALIGN (0x4)
                0x20000a74                _ebss = .
                0x20000a74                __bss_end__ = _ebss

._user_heap_stack
                0x20000a74      0x604
                0x20000a78                . = ALIGN (0x8)
 *fill*         0x20000a74        0x4 
                0x20000a78                PROVIDE (end = .)
                [!provide]                PROVIDE (_end = .)
                0x20000c78                . = (. + _Min_Heap_Size)
 *fill*         0x20000a78      0x200 
                0x20001078                . = (. + _Min_Stack_Size)
 *fill*         0x20000c78      0x400 
                0x20001078                . = ALIGN (0x8)

/DISCARD/
 libc.a(*)
 libm.a(*)
 libgcc.a(*)

.ARM.attributes
                0x00000000       0x30
 *(.ARM.attributes)
 .ARM.attributes
                0x00000000       0x1e c:/program files (x86)/gnu arm embedded toolchain/10 2021.10/bin/../lib/gcc/arm-none-eabi/10.3.1/thumb/v7e-m+fp/hard/crti.o
 .ARM.attributes
                0x0000001e       0x34 c:/program files (x86)/gnu arm embedded toolchain/10 2021.10/bin/../lib/gcc/arm-none-eabi/10.3.1/thumb/v7e-m+fp/hard/crtbegin.o
 .ARM.attributes
                0x00000052       0x21 build/obj/Board_Core__startup_stm32f405xxs.o
 .ARM.attributes
                0x00000073       0x34 build/obj/Board_Core_Src_gpioc.o
 .ARM.attributes
                0x000000a7       0x34 build/obj/Board_Core_Src_mainc.o
 .ARM.attributes
                0x000000db       0x34 build/obj/Board_Core_Src_stm32f4xx_itc.o
 .ARM.attributes
                0x0000010f       0x34 build/obj/Board_Core_Src_system_stm32f4xxc.o
 .ARM.attributes
                0x00000143       0x34 build/obj/Board_Core_Src_usartc.o
 .ARM.attributes
                0x00000177       0x34 build/obj/Board_Drivers_STM32F4xx_HAL_Driver_Src_stm32f4xx_halc.o
 .ARM.attributes
                0x000001ab       0x34 build/obj/Board_Drivers_STM32F4xx_HAL_Driver_Src_stm32f4xx_hal_cortexc.o
 .ARM.attributes
                0x000001df       0x34 build/obj/Board_Drivers_STM32F4xx_HAL_Driver_Src_stm32f4xx_hal_gpioc.o
 .ARM.attributes
                0x00000213       0x34 build/obj/Board_Drivers_STM32F4xx_HAL_Driver_Src_stm32f4xx_hal_rccc.o
 .ARM.attributes
                0x00000247       0x34 build/obj/Board_Drivers_STM32F4xx_HAL_Driver_Src_stm32f4xx_hal_uartc.o
 .ARM.attributes
                0x0000027b       0x34 build/obj/_arduino_Printcpp.o
 .ARM.attributes
                0x000002af       0x34 build/obj/_communication_SimpleFOCDebugcpp.o
 .ARM.attributes
                0x000002e3       0x34 c:/program files (x86)/gnu arm embedded toolchain/10 2021.10/bin/../lib/gcc/arm-none-eabi/10.3.1/../../../../arm-none-eabi/lib/thumb/v7e-m+fp/hard\libstdc++.a(class_type_info.o)
 .ARM.attributes
                0x00000317       0x34 c:/program files (x86)/gnu arm embedded toolchain/10 2021.10/bin/../lib/gcc/arm-none-eabi/10.3.1/../../../../arm-none-eabi/lib/thumb/v7e-m+fp/hard\libstdc++.a(del_ops.o)
 .ARM.attributes
                0x0000034b       0x34 c:/program files (x86)/gnu arm embedded toolchain/10 2021.10/bin/../lib/gcc/arm-none-eabi/10.3.1/../../../../arm-none-eabi/lib/thumb/v7e-m+fp/hard\libstdc++.a(si_class_type_info.o)
 .ARM.attributes
                0x0000037f       0x34 c:/program files (x86)/gnu arm embedded toolchain/10 2021.10/bin/../lib/gcc/arm-none-eabi/10.3.1/../../../../arm-none-eabi/lib/thumb/v7e-m+fp/hard\libstdc++.a(tinfo.o)
 .ARM.attributes
                0x000003b3       0x34 c:/program files (x86)/gnu arm embedded toolchain/10 2021.10/bin/../lib/gcc/arm-none-eabi/10.3.1/../../../../arm-none-eabi/lib/thumb/v7e-m+fp/hard\libstdc++.a(del_op.o)
 .ARM.attributes
                0x000003e7       0x34 c:/program files (x86)/gnu arm embedded toolchain/10 2021.10/bin/../lib/gcc/arm-none-eabi/10.3.1/../../../../arm-none-eabi/lib/thumb/v7e-m+fp/hard\libc.a(lib_a-impure.o)
 .ARM.attributes
                0x0000041b       0x34 c:/program files (x86)/gnu arm embedded toolchain/10 2021.10/bin/../lib/gcc/arm-none-eabi/10.3.1/../../../../arm-none-eabi/lib/thumb/v7e-m+fp/hard\libc.a(lib_a-init.o)
 .ARM.attributes
                0x0000044f       0x34 c:/program files (x86)/gnu arm embedded toolchain/10 2021.10/bin/../lib/gcc/arm-none-eabi/10.3.1/../../../../arm-none-eabi/lib/thumb/v7e-m+fp/hard\libc.a(lib_a-malloc.o)
 .ARM.attributes
                0x00000483       0x34 c:/program files (x86)/gnu arm embedded toolchain/10 2021.10/bin/../lib/gcc/arm-none-eabi/10.3.1/../../../../arm-none-eabi/lib/thumb/v7e-m+fp/hard\libc.a(lib_a-mallocr.o)
 .ARM.attributes
                0x000004b7       0x34 c:/program files (x86)/gnu arm embedded toolchain/10 2021.10/bin/../lib/gcc/arm-none-eabi/10.3.1/../../../../arm-none-eabi/lib/thumb/v7e-m+fp/hard\libc.a(lib_a-memset.o)
 .ARM.attributes
                0x000004eb       0x34 c:/program files (x86)/gnu arm embedded toolchain/10 2021.10/bin/../lib/gcc/arm-none-eabi/10.3.1/../../../../arm-none-eabi/lib/thumb/v7e-m+fp/hard\libc.a(lib_a-mlock.o)
 .ARM.attributes
                0x0000051f       0x34 c:/program files (x86)/gnu arm embedded toolchain/10 2021.10/bin/../lib/gcc/arm-none-eabi/10.3.1/../../../../arm-none-eabi/lib/thumb/v7e-m+fp/hard\libc.a(lib_a-printf.o)
 .ARM.attributes
                0x00000553       0x34 c:/program files (x86)/gnu arm embedded toolchain/10 2021.10/bin/../lib/gcc/arm-none-eabi/10.3.1/../../../../arm-none-eabi/lib/thumb/v7e-m+fp/hard\libc.a(lib_a-puts.o)
 .ARM.attributes
                0x00000587       0x34 c:/program files (x86)/gnu arm embedded toolchain/10 2021.10/bin/../lib/gcc/arm-none-eabi/10.3.1/../../../../arm-none-eabi/lib/thumb/v7e-m+fp/hard\libc.a(lib_a-sbrkr.o)
 .ARM.attributes
                0x000005bb       0x1c c:/program files (x86)/gnu arm embedded toolchain/10 2021.10/bin/../lib/gcc/arm-none-eabi/10.3.1/../../../../arm-none-eabi/lib/thumb/v7e-m+fp/hard\libc.a(lib_a-strcmp.o)
 .ARM.attributes
                0x000005d7       0x1c c:/program files (x86)/gnu arm embedded toolchain/10 2021.10/bin/../lib/gcc/arm-none-eabi/10.3.1/../../../../arm-none-eabi/lib/thumb/v7e-m+fp/hard\libc.a(lib_a-strlen.o)
 .ARM.attributes
                0x000005f3       0x34 c:/program files (x86)/gnu arm embedded toolchain/10 2021.10/bin/../lib/gcc/arm-none-eabi/10.3.1/../../../../arm-none-eabi/lib/thumb/v7e-m+fp/hard\libc.a(lib_a-vfprintf.o)
 .ARM.attributes
                0x00000627       0x34 c:/program files (x86)/gnu arm embedded toolchain/10 2021.10/bin/../lib/gcc/arm-none-eabi/10.3.1/../../../../arm-none-eabi/lib/thumb/v7e-m+fp/hard\libc.a(lib_a-wsetup.o)
 .ARM.attributes
                0x0000065b       0x34 c:/program files (x86)/gnu arm embedded toolchain/10 2021.10/bin/../lib/gcc/arm-none-eabi/10.3.1/../../../../arm-none-eabi/lib/thumb/v7e-m+fp/hard\libc.a(lib_a-__call_atexit.o)
 .ARM.attributes
                0x0000068f       0x34 c:/program files (x86)/gnu arm embedded toolchain/10 2021.10/bin/../lib/gcc/arm-none-eabi/10.3.1/../../../../arm-none-eabi/lib/thumb/v7e-m+fp/hard\libc.a(lib_a-atexit.o)
 .ARM.attributes
                0x000006c3       0x34 c:/program files (x86)/gnu arm embedded toolchain/10 2021.10/bin/../lib/gcc/arm-none-eabi/10.3.1/../../../../arm-none-eabi/lib/thumb/v7e-m+fp/hard\libc.a(lib_a-dtoa.o)
 .ARM.attributes
                0x000006f7       0x34 c:/program files (x86)/gnu arm embedded toolchain/10 2021.10/bin/../lib/gcc/arm-none-eabi/10.3.1/../../../../arm-none-eabi/lib/thumb/v7e-m+fp/hard\libc.a(lib_a-fflush.o)
 .ARM.attributes
                0x0000072b       0x34 c:/program files (x86)/gnu arm embedded toolchain/10 2021.10/bin/../lib/gcc/arm-none-eabi/10.3.1/../../../../arm-none-eabi/lib/thumb/v7e-m+fp/hard\libc.a(lib_a-findfp.o)
 .ARM.attributes
                0x0000075f       0x34 c:/program files (x86)/gnu arm embedded toolchain/10 2021.10/bin/../lib/gcc/arm-none-eabi/10.3.1/../../../../arm-none-eabi/lib/thumb/v7e-m+fp/hard\libc.a(lib_a-fini.o)
 .ARM.attributes
                0x00000793       0x34 c:/program files (x86)/gnu arm embedded toolchain/10 2021.10/bin/../lib/gcc/arm-none-eabi/10.3.1/../../../../arm-none-eabi/lib/thumb/v7e-m+fp/hard\libc.a(lib_a-freer.o)
 .ARM.attributes
                0x000007c7       0x34 c:/program files (x86)/gnu arm embedded toolchain/10 2021.10/bin/../lib/gcc/arm-none-eabi/10.3.1/../../../../arm-none-eabi/lib/thumb/v7e-m+fp/hard\libc.a(lib_a-fvwrite.o)
 .ARM.attributes
                0x000007fb       0x34 c:/program files (x86)/gnu arm embedded toolchain/10 2021.10/bin/../lib/gcc/arm-none-eabi/10.3.1/../../../../arm-none-eabi/lib/thumb/v7e-m+fp/hard\libc.a(lib_a-fwalk.o)
 .ARM.attributes
                0x0000082f       0x34 c:/program files (x86)/gnu arm embedded toolchain/10 2021.10/bin/../lib/gcc/arm-none-eabi/10.3.1/../../../../arm-none-eabi/lib/thumb/v7e-m+fp/hard\libc.a(lib_a-localeconv.o)
 .ARM.attributes
                0x00000863       0x34 c:/program files (x86)/gnu arm embedded toolchain/10 2021.10/bin/../lib/gcc/arm-none-eabi/10.3.1/../../../../arm-none-eabi/lib/thumb/v7e-m+fp/hard\libc.a(lib_a-lock.o)
 .ARM.attributes
                0x00000897       0x34 c:/program files (x86)/gnu arm embedded toolchain/10 2021.10/bin/../lib/gcc/arm-none-eabi/10.3.1/../../../../arm-none-eabi/lib/thumb/v7e-m+fp/hard\libc.a(lib_a-makebuf.o)
 .ARM.attributes
                0x000008cb       0x1c c:/program files (x86)/gnu arm embedded toolchain/10 2021.10/bin/../lib/gcc/arm-none-eabi/10.3.1/../../../../arm-none-eabi/lib/thumb/v7e-m+fp/hard\libc.a(lib_a-memchr.o)
 .ARM.attributes
                0x000008e7       0x1c c:/program files (x86)/gnu arm embedded toolchain/10 2021.10/bin/../lib/gcc/arm-none-eabi/10.3.1/../../../../arm-none-eabi/lib/thumb/v7e-m+fp/hard\libc.a(lib_a-memcpy.o)
 .ARM.attributes
                0x00000903       0x34 c:/program files (x86)/gnu arm embedded toolchain/10 2021.10/bin/../lib/gcc/arm-none-eabi/10.3.1/../../../../arm-none-eabi/lib/thumb/v7e-m+fp/hard\libc.a(lib_a-memmove.o)
 .ARM.attributes