Archive member included to satisfy reference by file (symbol)

c:/program files (x86)/gnu arm embedded toolchain/10 2021.10/bin/../lib/gcc/arm-none-eabi/10.3.1/../../../../arm-none-eabi/lib/thumb/v7e-m+fp/hard\libstdc++.a(class_type_info.o)
                              build/obj/_arduino_Printcpp.o (vtable for __cxxabiv1::__class_type_info)
c:/program files (x86)/gnu arm embedded toolchain/10 2021.10/bin/../lib/gcc/arm-none-eabi/10.3.1/../../../../arm-none-eabi/lib/thumb/v7e-m+fp/hard\libstdc++.a(del_ops.o)
                              c:/program files (x86)/gnu arm embedded toolchain/10 2021.10/bin/../lib/gcc/arm-none-eabi/10.3.1/../../../../arm-none-eabi/lib/thumb/v7e-m+fp/hard\libstdc++.a(class_type_info.o) (operator delete(void*, unsigned int))
c:/program files (x86)/gnu arm embedded toolchain/10 2021.10/bin/../lib/gcc/arm-none-eabi/10.3.1/../../../../arm-none-eabi/lib/thumb/v7e-m+fp/hard\libstdc++.a(pure.o)
                              build/obj/_common_base_classes_CurrentSensecpp.o (__cxa_pure_virtual)
c:/program files (x86)/gnu arm embedded toolchain/10 2021.10/bin/../lib/gcc/arm-none-eabi/10.3.1/../../../../arm-none-eabi/lib/thumb/v7e-m+fp/hard\libstdc++.a(si_class_type_info.o)
                              build/obj/_sensors_Encodercpp.o (vtable for __cxxabiv1::__si_class_type_info)
c:/program files (x86)/gnu arm embedded toolchain/10 2021.10/bin/../lib/gcc/arm-none-eabi/10.3.1/../../../../arm-none-eabi/lib/thumb/v7e-m+fp/hard\libstdc++.a(tinfo.o)
                              c:/program files (x86)/gnu arm embedded toolchain/10 2021.10/bin/../lib/gcc/arm-none-eabi/10.3.1/../../../../arm-none-eabi/lib/thumb/v7e-m+fp/hard\libstdc++.a(class_type_info.o) (std::type_info::~type_info())
c:/program files (x86)/gnu arm embedded toolchain/10 2021.10/bin/../lib/gcc/arm-none-eabi/10.3.1/../../../../arm-none-eabi/lib/thumb/v7e-m+fp/hard\libstdc++.a(del_op.o)
                              c:/program files (x86)/gnu arm embedded toolchain/10 2021.10/bin/../lib/gcc/arm-none-eabi/10.3.1/../../../../arm-none-eabi/lib/thumb/v7e-m+fp/hard\libstdc++.a(del_ops.o) (operator delete(void*))
c:/program files (x86)/gnu arm embedded toolchain/10 2021.10/bin/../lib/gcc/arm-none-eabi/10.3.1/../../../../arm-none-eabi/lib/thumb/v7e-m+fp/hard\libstdc++.a(eh_terminate.o)
                              c:/program files (x86)/gnu arm embedded toolchain/10 2021.10/bin/../lib/gcc/arm-none-eabi/10.3.1/../../../../arm-none-eabi/lib/thumb/v7e-m+fp/hard\libstdc++.a(pure.o) (std::terminate())
c:/program files (x86)/gnu arm embedded toolchain/10 2021.10/bin/../lib/gcc/arm-none-eabi/10.3.1/../../../../arm-none-eabi/lib/thumb/v7e-m+fp/hard\libstdc++.a(eh_unex_handler.o)
                              c:/program files (x86)/gnu arm embedded toolchain/10 2021.10/bin/../lib/gcc/arm-none-eabi/10.3.1/../../../../arm-none-eabi/lib/thumb/v7e-m+fp/hard\libstdc++.a(eh_terminate.o) (__cxxabiv1::__unexpected_handler)
c:/program files (x86)/gnu arm embedded toolchain/10 2021.10/bin/../lib/gcc/arm-none-eabi/10.3.1/../../../../arm-none-eabi/lib/thumb/v7e-m+fp/hard\libstdc++.a(vterminate.o)
                              c:/program files (x86)/gnu arm embedded toolchain/10 2021.10/bin/../lib/gcc/arm-none-eabi/10.3.1/../../../../arm-none-eabi/lib/thumb/v7e-m+fp/hard\libstdc++.a(eh_terminate.o) (__gnu_cxx::__verbose_terminate_handler())
c:/program files (x86)/gnu arm embedded toolchain/10 2021.10/bin/../lib/gcc/arm-none-eabi/10.3.1/../../../../arm-none-eabi/lib/thumb/v7e-m+fp/hard\libstdc++.a(cp-demangle.o)
                              c:/program files (x86)/gnu arm embedded toolchain/10 2021.10/bin/../lib/gcc/arm-none-eabi/10.3.1/../../../../arm-none-eabi/lib/thumb/v7e-m+fp/hard\libstdc++.a(vterminate.o) (__cxa_demangle)
c:/program files (x86)/gnu arm embedded toolchain/10 2021.10/bin/../lib/gcc/arm-none-eabi/10.3.1/../../../../arm-none-eabi/lib/thumb/v7e-m+fp/hard\libstdc++.a(eh_arm.o)
                              c:/program files (x86)/gnu arm embedded toolchain/10 2021.10/bin/../lib/gcc/arm-none-eabi/10.3.1/../../../../arm-none-eabi/lib/thumb/v7e-m+fp/hard\libstdc++.a(eh_terminate.o) (__cxa_end_cleanup)
c:/program files (x86)/gnu arm embedded toolchain/10 2021.10/bin/../lib/gcc/arm-none-eabi/10.3.1/../../../../arm-none-eabi/lib/thumb/v7e-m+fp/hard\libstdc++.a(eh_call.o)
                              c:/program files (x86)/gnu arm embedded toolchain/10 2021.10/bin/../lib/gcc/arm-none-eabi/10.3.1/../../../../arm-none-eabi/lib/thumb/v7e-m+fp/hard\libstdc++.a(eh_terminate.o) (__cxa_call_unexpected)
c:/program files (x86)/gnu arm embedded toolchain/10 2021.10/bin/../lib/gcc/arm-none-eabi/10.3.1/../../../../arm-none-eabi/lib/thumb/v7e-m+fp/hard\libstdc++.a(eh_catch.o)
                              c:/program files (x86)/gnu arm embedded toolchain/10 2021.10/bin/../lib/gcc/arm-none-eabi/10.3.1/../../../../arm-none-eabi/lib/thumb/v7e-m+fp/hard\libstdc++.a(eh_terminate.o) (__cxa_begin_catch)
[...]
Memory Configuration

Name             Origin             Length             Attributes
RAM              0x20000000         0x00020000         xrw
CCMRAM           0x10000000         0x00010000         xrw
FLASH            0x08000000         0x00100000         xr
*default*        0x00000000         0xffffffff

Linker script and memory map

LOAD c:/program files (x86)/gnu arm embedded toolchain/10 2021.10/bin/../lib/gcc/arm-none-eabi/10.3.1/thumb/v7e-m+fp/hard/crti.o
LOAD c:/program files (x86)/gnu arm embedded toolchain/10 2021.10/bin/../lib/gcc/arm-none-eabi/10.3.1/thumb/v7e-m+fp/hard/crtbegin.o
LOAD c:/program files (x86)/gnu arm embedded toolchain/10 2021.10/bin/../lib/gcc/arm-none-eabi/10.3.1/../../../../arm-none-eabi/lib/thumb/v7e-m+fp/hard/crt0.o
LOAD build/obj/Board_Core__startup_stm32f405xxs.o
LOAD build/obj/Board_Core___drivers_DRV8301_drv8301c.o
LOAD build/obj/Board_Core_Src_adcc.o
LOAD build/obj/Board_Core_Src_timc.o
LOAD build/obj/Board_Core_Src_dmac.o
LOAD build/obj/Board_Core_Src_gpioc.o
LOAD build/obj/Board_Core_Src_mainc.o
LOAD build/obj/Board_Core_Src_stm32f4xx_itc.o
LOAD build/obj/Board_Core_Src_system_stm32f4xxc.o
LOAD build/obj/Board_Core_Src_usartc.o
LOAD build/obj/Board_Core_Src_spic.o
LOAD build/obj/Board_Core__USB_DEVICE_App_usb_devicec.o
LOAD build/obj/Board_Core__USB_DEVICE_App_usbd_cdc_ifc.o
LOAD build/obj/Board_Core__USB_DEVICE_App_usbd_descc.o
LOAD build/obj/Board_Core__USB_DEVICE_Target_usbd_confc.o
LOAD build/obj/Board_Drivers_STM32F4xx_HAL_Driver_Src_stm32f4xx_halc.o
LOAD build/obj/Board_Drivers_STM32F4xx_HAL_Driver_Src_stm32f4xx_hal_cortexc.o
LOAD build/obj/Board_Drivers_STM32F4xx_HAL_Driver_Src_stm32f4xx_hal_dmac.o
LOAD build/obj/Board_Drivers_STM32F4xx_HAL_Driver_Src_stm32f4xx_hal_dma_exc.o
LOAD build/obj/Board_Drivers_STM32F4xx_HAL_Driver_Src_stm32f4xx_hal_adc_exc.o
LOAD build/obj/Board_Drivers_STM32F4xx_HAL_Driver_Src_stm32f4xx_hal_adcc.o
LOAD build/obj/Board_Drivers_STM32F4xx_HAL_Driver_Src_stm32f4xx_hal_flashc.o
LOAD build/obj/Board_Drivers_STM32F4xx_HAL_Driver_Src_stm32f4xx_hal_flash_exc.o
LOAD build/obj/Board_Drivers_STM32F4xx_HAL_Driver_Src_stm32f4xx_hal_flash_ramfuncc.o
LOAD build/obj/Board_Drivers_STM32F4xx_HAL_Driver_Src_stm32f4xx_hal_gpioc.o
LOAD build/obj/Board_Drivers_STM32F4xx_HAL_Driver_Src_stm32f4xx_hal_pwrc.o
LOAD build/obj/Board_Drivers_STM32F4xx_HAL_Driver_Src_stm32f4xx_hal_pwr_exc.o
LOAD build/obj/Board_Drivers_STM32F4xx_HAL_Driver_Src_stm32f4xx_hal_rccc.o
LOAD build/obj/Board_Drivers_STM32F4xx_HAL_Driver_Src_stm32f4xx_hal_rcc_exc.o
LOAD build/obj/Board_Drivers_STM32F4xx_HAL_Driver_Src_stm32f4xx_hal_uartc.o
LOAD build/obj/Board_Drivers_STM32F4xx_HAL_Driver_Src_stm32f4xx_hal_timc.o
LOAD build/obj/Board_Drivers_STM32F4xx_HAL_Driver_Src_stm32f4xx_hal_tim_exc.o
LOAD build/obj/Board_Drivers_STM32F4xx_HAL_Driver_Src_stm32f4xx_hal_extic.o
LOAD build/obj/Board_Drivers_STM32F4xx_HAL_Driver_Src_stm32f4xx_hal_spic.o
LOAD build/obj/Board_Drivers_STM32F4xx_HAL_Driver_Src_stm32f4xx_ll_usbc.o
LOAD build/obj/Board_Drivers_STM32F4xx_HAL_Driver_Src_stm32f4xx_hal_pcd_exc.o
LOAD build/obj/Board_Drivers_STM32F4xx_HAL_Driver_Src_stm32f4xx_hal_pcdc.o
LOAD build/obj/Board_Middlewares_ST_STM32_USB_Device_Library_Core_Src_usbd_corec.o
LOAD build/obj/Board_Middlewares_ST_STM32_USB_Device_Library_Core_Src_usbd_ctlreqc.o
LOAD build/obj/Board_Middlewares_ST_STM32_USB_Device_Library_Core_Src_usbd_ioreqc.o
LOAD build/obj/Board_Middlewares_ST_STM32_USB_Device_Library_Class_CDC_Src_usbd_cdcc.o
LOAD build/obj/_arduino_Printcpp.o
LOAD build/obj/_common_base_classes_CurrentSensecpp.o
LOAD build/obj/_common_base_classes_FOCMotorcpp.o
LOAD build/obj/_common_base_classes_Sensorcpp.o
LOAD build/obj/_communication_SimpleFOCDebugcpp.o
LOAD build/obj/_communication_Commandercpp.o
LOAD build/obj/_common_foc_utilscpp.o
LOAD build/obj/_common_lowpass_filtercpp.o
LOAD build/obj/_common_pidcpp.o
LOAD build/obj/_common_time_utilscpp.o
LOAD build/obj/_sensors_Encodercpp.o
LOAD build/obj/_drivers_hardware_specific_stm32_mcucpp.o
LOAD build/obj/_MotorControl_maincpp.o
LOAD build/obj/_MotorControl_BLDCMotorcpp.o
LOAD build/obj/_drivers_BLDCDriver3PWMcpp.o
LOAD build/obj/_current_sense_InlineCurrentSensecpp.o
LOAD c:/program files (x86)/gnu arm embedded toolchain/10 2021.10/bin/../lib/gcc/arm-none-eabi/10.3.1/../../../../arm-none-eabi/lib/thumb/v7e-m+fp/hard\libnosys.a
LOAD Board/Middlewares/ST/ARM/DSP/Lib/iar_cortexM4lf_math.a
LOAD c:/program files (x86)/gnu arm embedded toolchain/10 2021.10/bin/../lib/gcc/arm-none-eabi/10.3.1/../../../../arm-none-eabi/lib/thumb/v7e-m+fp/hard\libstdc++.a
LOAD c:/program files (x86)/gnu arm embedded toolchain/10 2021.10/bin/../lib/gcc/arm-none-eabi/10.3.1/../../../../arm-none-eabi/lib/thumb/v7e-m+fp/hard\libm.a
LOAD c:/program files (x86)/gnu arm embedded toolchain/10 2021.10/bin/../lib/gcc/arm-none-eabi/10.3.1/../../../../arm-none-eabi/lib/thumb/v7e-m+fp/hard\libc.a
START GROUP
LOAD c:/program files (x86)/gnu arm embedded toolchain/10 2021.10/bin/../lib/gcc/arm-none-eabi/10.3.1/thumb/v7e-m+fp/hard\libgcc.a
LOAD c:/program files (x86)/gnu arm embedded toolchain/10 2021.10/bin/../lib/gcc/arm-none-eabi/10.3.1/../../../../arm-none-eabi/lib/thumb/v7e-m+fp/hard\libg.a
LOAD c:/program files (x86)/gnu arm embedded toolchain/10 2021.10/bin/../lib/gcc/arm-none-eabi/10.3.1/../../../../arm-none-eabi/lib/thumb/v7e-m+fp/hard\libc.a
END GROUP
START GROUP
LOAD c:/program files (x86)/gnu arm embedded toolchain/10 2021.10/bin/../lib/gcc/arm-none-eabi/10.3.1/thumb/v7e-m+fp/hard\libgcc.a
LOAD c:/program files (x86)/gnu arm embedded toolchain/10 2021.10/bin/../lib/gcc/arm-none-eabi/10.3.1/../../../../arm-none-eabi/lib/thumb/v7e-m+fp/hard\libc.a
LOAD c:/program files (x86)/gnu arm embedded toolchain/10 2021.10/bin/../lib/gcc/arm-none-eabi/10.3.1/../../../../arm-none-eabi/lib/thumb/v7e-m+fp/hard\libnosys.a
END GROUP
LOAD c:/program files (x86)/gnu arm embedded toolchain/10 2021.10/bin/../lib/gcc/arm-none-eabi/10.3.1/thumb/v7e-m+fp/hard/crtend.o
LOAD c:/program files (x86)/gnu arm embedded toolchain/10 2021.10/bin/../lib/gcc/arm-none-eabi/10.3.1/thumb/v7e-m+fp/hard/crtn.o
                0x20020000                _estack = (ORIGIN (RAM) + LENGTH (RAM))
                0x00000200                _Min_Heap_Size = 0x200
                0x00000400                _Min_Stack_Size = 0x400

.isr_vector     0x08000000      0x188
                0x08000000                . = ALIGN (0x4)
 *(.isr_vector)
 .isr_vector    0x08000000      0x188 build/obj/Board_Core__startup_stm32f405xxs.o
                0x08000000                g_pfnVectors
                0x08000188                . = ALIGN (0x4)

.text           0x080001c0    0x1d03c
                0x080001c0                . = ALIGN (0x4)
 *(.text)
 .text          0x080001c0       0x40 c:/program files (x86)/gnu arm embedded toolchain/10 2021.10/bin/../lib/gcc/arm-none-eabi/10.3.1/thumb/v7e-m+fp/hard/crtbegin.o
 .text          0x08000200     0x5ee4 c:/program files (x86)/gnu arm embedded toolchain/10 2021.10/bin/../lib/gcc/arm-none-eabi/10.3.1/../../../../arm-none-eabi/lib/thumb/v7e-m+fp/hard\libstdc++.a(cp-demangle.o)
                0x08005ffc                __cxa_demangle
                0x080060c0                __gcclibcxx_demangle_callback
 *fill*         0x080060e4        0xc 
 .text          0x080060f0       0xa0 c:/program files (x86)/gnu arm embedded toolchain/10 2021.10/bin/../lib/gcc/arm-none-eabi/10.3.1/../../../../arm-none-eabi/lib/thumb/v7e-m+fp/hard\libc.a(lib_a-memchr.o)
                0x080060f0                memchr
 .text          0x08006190      0x134 c:/program files (x86)/gnu arm embedded toolchain/10 2021.10/bin/../lib/gcc/arm-none-eabi/10.3.1/../../../../arm-none-eabi/lib/thumb/v7e-m+fp/hard\libc.a(lib_a-memcpy.o)
                0x08006190                memcpy
 *fill*         0x080062c4       0x1c 
 .text          0x080062e0      0x2dc c:/program files (x86)/gnu arm embedded toolchain/10 2021.10/bin/../lib/gcc/arm-none-eabi/10.3.1/../../../../arm-none-eabi/lib/thumb/v7e-m+fp/hard\libc.a(lib_a-strcmp.o)
                0x080062e8                strcmp
 *fill*         0x080065bc        0x4 
 .text          0x080065c0       0xdc c:/program files (x86)/gnu arm embedded toolchain/10 2021.10/bin/../lib/gcc/arm-none-eabi/10.3.1/../../../../arm-none-eabi/lib/thumb/v7e-m+fp/hard\libc.a(lib_a-strlen.o)
                0x080065c0                strlen
 .text          0x0800669c      0x378 c:/program files (x86)/gnu arm embedded toolchain/10 2021.10/bin/../lib/gcc/arm-none-eabi/10.3.1/thumb/v7e-m+fp/hard\libgcc.a(_arm_addsubdf3.o)
                0x0800669c                __aeabi_drsub
                0x080066a4                __aeabi_dsub
                0x080066a4                __subdf3
                0x080066a8                __aeabi_dadd
                0x080066a8                __adddf3
                0x08006920                __floatunsidf
                0x08006920                __aeabi_ui2d
                0x08006940                __floatsidf
                0x08006940                __aeabi_i2d
                0x08006964                __aeabi_f2d
                0x08006964                __extendsfdf2
                0x080069a8                __floatundidf
                0x080069a8                __aeabi_ul2d
                0x080069b8                __floatdidf
                0x080069b8                __aeabi_l2d
 .text          0x08006a14      0x424 c:/program files (x86)/gnu arm embedded toolchain/10 2021.10/bin/../lib/gcc/arm-none-eabi/10.3.1/thumb/v7e-m+fp/hard\libgcc.a(_arm_muldivdf3.o)
                0x08006a14                __aeabi_dmul
                0x08006a14                __muldf3
                0x08006c68                __divdf3
                0x08006c68                __aeabi_ddiv
 .text          0x08006e38      0x110 c:/program files (x86)/gnu arm embedded toolchain/10 2021.10/bin/../lib/gcc/arm-none-eabi/10.3.1/thumb/v7e-m+fp/hard\libgcc.a(_arm_cmpdf2.o)
                0x08006e38                __gtdf2
                0x08006e38                __gedf2
                0x08006e40                __ltdf2
                0x08006e40                __ledf2
                0x08006e48                __nedf2
                0x08006e48                __eqdf2
                0x08006e48                __cmpdf2
                0x08006ec4                __aeabi_cdrcmple
                0x08006ed4                __aeabi_cdcmpeq
                0x08006ed4                __aeabi_cdcmple
                0x08006ee4                __aeabi_dcmpeq
                0x08006ef8                __aeabi_dcmplt
                0x08006f0c                __aeabi_dcmple
                0x08006f20                __aeabi_dcmpge
                0x08006f34                __aeabi_dcmpgt
 .text          0x08006f48       0x2c c:/program files (x86)/gnu arm embedded toolchain/10 2021.10/bin/../lib/gcc/arm-none-eabi/10.3.1/thumb/v7e-m+fp/hard\libgcc.a(_arm_unorddf2.o)
                0x08006f48                __unorddf2
                0x08006f48                __aeabi_dcmpun
 .text          0x08006f74       0x50 c:/program files (x86)/gnu arm embedded toolchain/10 2021.10/bin/../lib/gcc/arm-none-eabi/10.3.1/thumb/v7e-m+fp/hard\libgcc.a(_arm_fixdfsi.o)
                0x08006f74                __aeabi_d2iz
                0x08006f74                __fixdfsi
 .text          0x08006fc4       0x40 c:/program files (x86)/gnu arm embedded toolchain/10 2021.10/bin/../lib/gcc/arm-none-eabi/10.3.1/thumb/v7e-m+fp/hard\libgcc.a(_arm_fixunsdfsi.o)
                0x08006fc4                __aeabi_d2uiz
                0x08006fc4                __fixunsdfsi
 .text          0x08007004       0xa0 c:/program files (x86)/gnu arm embedded toolchain/10 2021.10/bin/../lib/gcc/arm-none-eabi/10.3.1/thumb/v7e-m+fp/hard\libgcc.a(_arm_truncdfsf2.o)
                0x08007004                __truncdfsf2
                0x08007004                __aeabi_d2f
 .text          0x080070a4       0x30 c:/program files (x86)/gnu arm embedded toolchain/10 2021.10/bin/../lib/gcc/arm-none-eabi/10.3.1/thumb/v7e-m+fp/hard\libgcc.a(_aeabi_uldivmod.o)
                0x080070a4                __aeabi_uldivmod
 .text          0x080070d4       0x30 c:/program files (x86)/gnu arm embedded toolchain/10 2021.10/bin/../lib/gcc/arm-none-eabi/10.3.1/thumb/v7e-m+fp/hard\libgcc.a(_fixdfdi.o)
                0x080070d4                __fixdfdi
                0x080070d4                __aeabi_d2lz
 .text          0x08007104       0x3c c:/program files (x86)/gnu arm embedded toolchain/10 2021.10/bin/../lib/gcc/arm-none-eabi/10.3.1/thumb/v7e-m+fp/hard\libgcc.a(_fixunsdfdi.o)
                0x08007104                __fixunsdfdi
                0x08007104                __aeabi_d2ulz
 .text          0x08007140      0x2d0 c:/program files (x86)/gnu arm embedded toolchain/10 2021.10/bin/../lib/gcc/arm-none-eabi/10.3.1/thumb/v7e-m+fp/hard\libgcc.a(_udivmoddi4.o)
                0x08007140                __udivmoddi4
 .text          0x08007410      0x9d8 c:/program files (x86)/gnu arm embedded toolchain/10 2021.10/bin/../lib/gcc/arm-none-eabi/10.3.1/thumb/v7e-m+fp/hard\libgcc.a(unwind-arm.o)
                0x080076b8                _Unwind_GetCFA
                0x080076bc                __gnu_Unwind_RaiseException
                0x08007724                __gnu_Unwind_ForcedUnwind
                0x08007734                __gnu_Unwind_Resume
                0x08007778                __gnu_Unwind_Resume_or_Rethrow
                0x08007788                _Unwind_Complete
                0x0800778c                _Unwind_DeleteException
                0x08007798                _Unwind_VRS_Get
                0x080077e4                _Unwind_VRS_Set
                0x0800782c                __gnu_Unwind_Backtrace
                0x08007b58                __aeabi_unwind_cpp_pr0
                0x08007b5c                __aeabi_unwind_cpp_pr1
                0x08007b60                __aeabi_unwind_cpp_pr2
                0x08007b64                _Unwind_VRS_Pop
 .text          0x08007de8      0x1ac c:/program files (x86)/gnu arm embedded toolchain/10 2021.10/bin/../lib/gcc/arm-none-eabi/10.3.1/thumb/v7e-m+fp/hard\libgcc.a(libunwind.o)
                0x08007de8                __restore_core_regs
                0x08007de8                restore_core_regs
                0x08007e00                __gnu_Unwind_Restore_VFP
                0x08007e08                __gnu_Unwind_Save_VFP
                0x08007e10                __gnu_Unwind_Restore_VFP_D
                0x08007e18                __gnu_Unwind_Save_VFP_D
                0x08007e20                __gnu_Unwind_Restore_VFP_D_16_to_31
                0x08007e28                __gnu_Unwind_Save_VFP_D_16_to_31
                0x08007e30                __gnu_Unwind_Restore_WMMXD
                0x08007e74                __gnu_Unwind_Save_WMMXD
                0x08007eb8                __gnu_Unwind_Restore_WMMXC
                0x08007ecc                __gnu_Unwind_Save_WMMXC
                0x08007ee0                ___Unwind_RaiseException
                0x08007ee0                _Unwind_RaiseException
                0x08007f04                _Unwind_Resume
                0x08007f04                ___Unwind_Resume
                0x08007f28                _Unwind_Resume_or_Rethrow
                0x08007f28                ___Unwind_Resume_or_Rethrow
                0x08007f4c                _Unwind_ForcedUnwind
                0x08007f4c                ___Unwind_ForcedUnwind
                0x08007f70                ___Unwind_Backtrace
                0x08007f70                _Unwind_Backtrace
 .text          0x08007f94      0x350 c:/program files (x86)/gnu arm embedded toolchain/10 2021.10/bin/../lib/gcc/arm-none-eabi/10.3.1/thumb/v7e-m+fp/hard\libgcc.a(pr-support.o)
                0x08007fec                __gnu_unwind_execute
                0x08008298                __gnu_unwind_frame
                0x080082c4                _Unwind_GetRegionStart
                0x080082d0                _Unwind_GetLanguageSpecificData
 .text          0x080082e4        0x4 c:/program files (x86)/gnu arm embedded toolchain/10 2021.10/bin/../lib/gcc/arm-none-eabi/10.3.1/thumb/v7e-m+fp/hard\libgcc.a(_dvmd_tls.o)
                0x080082e4                __aeabi_idiv0
                0x080082e4                __aeabi_ldiv0
 *(.text*)
 .text.Reset_Handler
                0x080082e8       0x50 build/obj/Board_Core__startup_stm32f405xxs.o
                0x080082e8                Reset_Handler
 .text.Default_Handler
                0x08008338        0x2 build/obj/Board_Core__startup_stm32f405xxs.o
                0x08008338                RTC_Alarm_IRQHandler
                0x08008338                HASH_RNG_IRQHandler
                0x08008338                EXTI2_IRQHandler
                0x08008338                TIM8_CC_IRQHandler
                0x08008338                TIM1_CC_IRQHandler
                0x08008338                DMA2_Stream5_IRQHandler
                0x08008338                DMA1_Stream5_IRQHandler
                0x08008338                PVD_IRQHandler
                0x08008338                SDIO_IRQHandler
                0x08008338                TAMP_STAMP_IRQHandler
                0x08008338                CAN2_RX1_IRQHandler
                0x08008338                EXTI3_IRQHandler
                0x08008338                TIM8_TRG_COM_TIM14_IRQHandler
                0x08008338                TIM8_UP_TIM13_IRQHandler
                0x08008338                I2C3_ER_IRQHandler
                0x08008338                EXTI0_IRQHandler
                0x08008338                I2C2_EV_IRQHandler
                0x08008338                DMA1_Stream2_IRQHandler
                0x08008338                CAN1_RX0_IRQHandler
                0x08008338                FPU_IRQHandler
                0x08008338                OTG_HS_WKUP_IRQHandler
                0x08008338                CAN2_SCE_IRQHandler
                0x08008338                DMA2_Stream2_IRQHandler
                0x08008338                SPI1_IRQHandler
                0x08008338                TIM6_DAC_IRQHandler
                0x08008338                TIM1_BRK_TIM9_IRQHandler
                0x08008338                CAN2_RX0_IRQHandler
                0x08008338                DMA2_Stream3_IRQHandler
                0x08008338                USART6_IRQHandler
                0x08008338                USART3_IRQHandler
                0x08008338                CAN1_RX1_IRQHandler
                0x08008338                UART5_IRQHandler
                0x08008338                TIM4_IRQHandler
                0x08008338                I2C1_EV_IRQHandler
                0x08008338                DMA1_Stream6_IRQHandler
                0x08008338                DMA1_Stream1_IRQHandler
                0x08008338                UART4_IRQHandler
                0x08008338                TIM3_IRQHandler
                0x08008338                RCC_IRQHandler
                0x08008338                TIM8_BRK_TIM12_IRQHandler
                0x08008338                Default_Handler
                0x08008338                EXTI15_10_IRQHandler
                0x08008338                DMA1_Stream7_IRQHandler
                0x08008338                TIM7_IRQHandler
                0x08008338                CAN2_TX_IRQHandler
                0x08008338                TIM5_IRQHandler
                0x08008338                DMA2_Stream7_IRQHandler
                0x08008338                I2C3_EV_IRQHandler
                0x08008338                RTC_WKUP_IRQHandler
                0x08008338                SPI2_IRQHandler
                0x08008338                OTG_HS_EP1_IN_IRQHandler
                0x08008338                DMA1_Stream0_IRQHandler
                0x08008338                CAN1_TX_IRQHandler
                0x08008338                FSMC_IRQHandler
                0x08008338                OTG_HS_EP1_OUT_IRQHandler
                0x08008338                WWDG_IRQHandler
                0x08008338                TIM2_IRQHandler
                0x08008338                OTG_FS_WKUP_IRQHandler
                0x08008338                TIM1_TRG_COM_TIM11_IRQHandler
                0x08008338                OTG_HS_IRQHandler
                0x08008338                EXTI1_IRQHandler
                0x08008338                USART2_IRQHandler
                0x08008338                I2C2_ER_IRQHandler
                0x08008338                DMA2_Stream1_IRQHandler
                0x08008338                CAN1_SCE_IRQHandler
                0x08008338                FLASH_IRQHandler
                0x08008338                DMA2_Stream4_IRQHandler
                0x08008338                USART1_IRQHandler
                0x08008338                SPI3_IRQHandler
                0x08008338                DMA1_Stream4_IRQHandler
                0x08008338                I2C1_ER_IRQHandler
                0x08008338                DMA2_Stream6_IRQHandler
                0x08008338                DMA1_Stream3_IRQHandler
 *fill*         0x0800833a        0x2 
 .text.DRV8301_readSpi
                0x0800833c       0x98 build/obj/Board_Core___drivers_DRV8301_drv8301c.o
                0x0800833c                DRV8301_readSpi
 .text.DRV8301_enable
                0x080083d4       0x2c build/obj/Board_Core___drivers_DRV8301_drv8301c.o
                0x080083d4                DRV8301_enable
 .text.DRV8301_writeSpi
                0x08008400       0x50 build/obj/Board_Core___drivers_DRV8301_drv8301c.o
                0x08008400                DRV8301_writeSpi
 .text.DRV8301_writeData
                0x08008450       0x48 build/obj/Board_Core___drivers_DRV8301_drv8301c.o
                0x08008450                DRV8301_writeData
 .text.DRV8301_readData
                0x08008498       0xc8 build/obj/Board_Core___drivers_DRV8301_drv8301c.o
                0x08008498                DRV8301_readData
 .text.DRV8301_setupSpi
                0x08008560       0xbc build/obj/Board_Core___drivers_DRV8301_drv8301c.o
                0x08008560                DRV8301_setupSpi
 .text.MX_ADC1_Init
                0x0800861c       0xac build/obj/Board_Core_Src_adcc.o
                0x0800861c                MX_ADC1_Init
 .text.MX_ADC2_Init
                0x080086c8       0xb0 build/obj/Board_Core_Src_adcc.o
                0x080086c8                MX_ADC2_Init
 .text.MX_ADC3_Init
                0x08008778       0xb0 build/obj/Board_Core_Src_adcc.o
                0x08008778                MX_ADC3_Init
 .text.HAL_ADC_MspInit
                0x08008828      0x17c build/obj/Board_Core_Src_adcc.o
                0x08008828                HAL_ADC_MspInit
 .text.MX_TIM6_Init
                0x080089a4       0x60 build/obj/Board_Core_Src_timc.o
                0x080089a4                MX_TIM6_Init
 .text.HAL_TIM_Base_MspInit
                0x08008a04       0x70 build/obj/Board_Core_Src_timc.o
                0x08008a04                HAL_TIM_Base_MspInit
 .text.HAL_TIM_MspPostInit
                0x08008a74       0x58 build/obj/Board_Core_Src_timc.o
                0x08008a74                HAL_TIM_MspPostInit
 .text.MX_TIM1_Init
                0x08008acc      0x124 build/obj/Board_Core_Src_timc.o
                0x08008acc                MX_TIM1_Init
 .text.MX_DMA_Init
                0x08008bf0       0x24 build/obj/Board_Core_Src_dmac.o
                0x08008bf0                MX_DMA_Init
 .text.MX_GPIO_Init
                0x08008c14      0x154 build/obj/Board_Core_Src_gpioc.o
                0x08008c14                MX_GPIO_Init
 .text._write   0x08008d68       0x18 build/obj/Board_Core_Src_mainc.o
                0x08008d68                _write
 .text.SystemClock_Config
                0x08008d80       0xa4 build/obj/Board_Core_Src_mainc.o
                0x08008d80                SystemClock_Config
 .text.startup.main
                0x08008e24       0x58 build/obj/Board_Core_Src_mainc.o
                0x08008e24                main
 .text.Error_Handler
                0x08008e7c        0x4 build/obj/Board_Core_Src_mainc.o
                0x08008e7c                Error_Handler
 .text.ADC_IRQ_Dispatch
                0x08008e80       0x40 build/obj/Board_Core_Src_stm32f4xx_itc.o
                0x08008e80                ADC_IRQ_Dispatch
 .text.NMI_Handler
                0x08008ec0        0x4 build/obj/Board_Core_Src_stm32f4xx_itc.o
                0x08008ec0                NMI_Handler
 .text.HardFault_Handler
                0x08008ec4        0x4 build/obj/Board_Core_Src_stm32f4xx_itc.o
                0x08008ec4                HardFault_Handler
 .text.MemManage_Handler
                0x08008ec8        0x4 build/obj/Board_Core_Src_stm32f4xx_itc.o
                0x08008ec8                MemManage_Handler
 .text.BusFault_Handler
                0x08008ecc        0x4 build/obj/Board_Core_Src_stm32f4xx_itc.o
                0x08008ecc                BusFault_Handler
 .text.UsageFault_Handler
                0x08008ed0        0x4 build/obj/Board_Core_Src_stm32f4xx_itc.o
                0x08008ed0                UsageFault_Handler
 .text.SVC_Handler
                0x08008ed4        0x4 build/obj/Board_Core_Src_stm32f4xx_itc.o
                0x08008ed4                SVC_Handler
 .text.DebugMon_Handler
                0x08008ed8        0x4 build/obj/Board_Core_Src_stm32f4xx_itc.o
                0x08008ed8                DebugMon_Handler
 .text.PendSV_Handler
                0x08008edc        0x4 build/obj/Board_Core_Src_stm32f4xx_itc.o
                0x08008edc                PendSV_Handler
 .text.SysTick_Handler
                0x08008ee0        0x4 build/obj/Board_Core_Src_stm32f4xx_itc.o
                0x08008ee0                SysTick_Handler
 .text.EXTI4_IRQHandler
                0x08008ee4        0x8 build/obj/Board_Core_Src_stm32f4xx_itc.o
                0x08008ee4                EXTI4_IRQHandler
 .text.ADC_IRQHandler
                0x08008eec       0x44 build/obj/Board_Core_Src_stm32f4xx_itc.o
                0x08008eec                ADC_IRQHandler
 .text.EXTI9_5_IRQHandler
                0x08008f30       0x14 build/obj/Board_Core_Src_stm32f4xx_itc.o
                0x08008f30                EXTI9_5_IRQHandler
 .text.TIM1_UP_TIM10_IRQHandler
                0x08008f44       0x1c build/obj/Board_Core_Src_stm32f4xx_itc.o
                0x08008f44                TIM1_UP_TIM10_IRQHandler
 .text.DMA2_Stream0_IRQHandler
                0x08008f60        0xc build/obj/Board_Core_Src_stm32f4xx_itc.o
                0x08008f60                DMA2_Stream0_IRQHandler
 .text.OTG_FS_IRQHandler
                0x08008f6c        0xc build/obj/Board_Core_Src_stm32f4xx_itc.o
                0x08008f6c                OTG_FS_IRQHandler
 .text.SystemInit
                0x08008f78       0x14 build/obj/Board_Core_Src_system_stm32f4xxc.o
                0x08008f78                SystemInit
 .text.MX_UART4_Init
                0x08008f8c       0x38 build/obj/Board_Core_Src_usartc.o
                0x08008f8c                MX_UART4_Init
 .text.HAL_UART_MspInit
                0x08008fc4       0x6c build/obj/Board_Core_Src_usartc.o
                0x08008fc4                HAL_UART_MspInit
 .text.MX_SPI3_Init
                0x08009030       0x4c build/obj/Board_Core_Src_spic.o
                0x08009030                MX_SPI3_Init
 .text.HAL_SPI_MspInit
                0x0800907c       0x70 build/obj/Board_Core_Src_spic.o
                0x0800907c                HAL_SPI_MspInit
 .text.MX_USB_DEVICE_Init
                0x080090ec       0x74 build/obj/Board_Core__USB_DEVICE_App_usb_devicec.o
                0x080090ec                MX_USB_DEVICE_Init
 .text.CDC_DeInit_FS
                0x08009160        0x4 build/obj/Board_Core__USB_DEVICE_App_usbd_cdc_ifc.o
 .text.CDC_Control_FS
                0x08009164        0x4 build/obj/Board_Core__USB_DEVICE_App_usbd_cdc_ifc.o
 .text.CDC_TransmitCplt_FS
                0x08009168        0x4 build/obj/Board_Core__USB_DEVICE_App_usbd_cdc_ifc.o
 .text.CDC_Receive_FS
                0x0800916c       0x38 build/obj/Board_Core__USB_DEVICE_App_usbd_cdc_ifc.o
 .text.CDC_Init_FS
                0x080091a4       0x28 build/obj/Board_Core__USB_DEVICE_App_usbd_cdc_ifc.o
 .text.USBD_FS_DeviceDescriptor
                0x080091cc        0xc build/obj/Board_Core__USB_DEVICE_App_usbd_descc.o
                0x080091cc                USBD_FS_DeviceDescriptor
 .text.USBD_FS_LangIDStrDescriptor
                0x080091d8        0xc build/obj/Board_Core__USB_DEVICE_App_usbd_descc.o
                0x080091d8                USBD_FS_LangIDStrDescriptor
 .text.USBD_FS_ManufacturerStrDescriptor
                0x080091e4       0x1c build/obj/Board_Core__USB_DEVICE_App_usbd_descc.o
                0x080091e4                USBD_FS_ManufacturerStrDescriptor
 .text.USBD_FS_ProductStrDescriptor
                0x08009200       0x1c build/obj/Board_Core__USB_DEVICE_App_usbd_descc.o
                0x08009200                USBD_FS_ProductStrDescriptor
 .text.USBD_FS_ConfigStrDescriptor
                0x0800921c       0x1c build/obj/Board_Core__USB_DEVICE_App_usbd_descc.o
                0x0800921c                USBD_FS_ConfigStrDescriptor
 .text.USBD_FS_InterfaceStrDescriptor
                0x08009238       0x1c build/obj/Board_Core__USB_DEVICE_App_usbd_descc.o
                0x08009238                USBD_FS_InterfaceStrDescriptor
 .text.USBD_FS_SerialStrDescriptor
                0x08009254       0x8c build/obj/Board_Core__USB_DEVICE_App_usbd_descc.o
                0x08009254                USBD_FS_SerialStrDescriptor
 .text.HAL_PCD_MspInit
                0x080092e0       0x88 build/obj/Board_Core__USB_DEVICE_Target_usbd_confc.o
                0x080092e0                HAL_PCD_MspInit
 .text.HAL_PCD_SetupStageCallback
                0x08009368        0xc build/obj/Board_Core__USB_DEVICE_Target_usbd_confc.o
                0x08009368                HAL_PCD_SetupStageCallback
 .text.HAL_PCD_DataOutStageCallback
                0x08009374       0x14 build/obj/Board_Core__USB_DEVICE_Target_usbd_confc.o
                0x08009374                HAL_PCD_DataOutStageCallback
 .text.HAL_PCD_DataInStageCallback
                0x08009388       0x14 build/obj/Board_Core__USB_DEVICE_Target_usbd_confc.o
                0x08009388                HAL_PCD_DataInStageCallback
 .text.HAL_PCD_SOFCallback
                0x0800939c        0x8 build/obj/Board_Core__USB_DEVICE_Target_usbd_confc.o
                0x0800939c                HAL_PCD_SOFCallback
 .text.HAL_PCD_ResetCallback
                0x080093a4       0x2c build/obj/Board_Core__USB_DEVICE_Target_usbd_confc.o
                0x080093a4                HAL_PCD_ResetCallback
 .text.HAL_PCD_SuspendCallback
                0x080093d0       0x30 build/obj/Board_Core__USB_DEVICE_Target_usbd_confc.o
                0x080093d0                HAL_PCD_SuspendCallback
 .text.HAL_PCD_ResumeCallback
                0x08009400        0x8 build/obj/Board_Core__USB_DEVICE_Target_usbd_confc.o
                0x08009400                HAL_PCD_ResumeCallback
 .text.HAL_PCD_ISOOUTIncompleteCallback
                0x08009408        0x8 build/obj/Board_Core__USB_DEVICE_Target_usbd_confc.o
                0x08009408                HAL_PCD_ISOOUTIncompleteCallback
 .text.HAL_PCD_ISOINIncompleteCallback
                0x08009410        0x8 build/obj/Board_Core__USB_DEVICE_Target_usbd_confc.o
                0x08009410                HAL_PCD_ISOINIncompleteCallback
 .text.HAL_PCD_ConnectCallback
                0x08009418        0x8 build/obj/Board_Core__USB_DEVICE_Target_usbd_confc.o
                0x08009418                HAL_PCD_ConnectCallback
 .text.HAL_PCD_DisconnectCallback
                0x08009420        0x8 build/obj/Board_Core__USB_DEVICE_Target_usbd_confc.o
                0x08009420                HAL_PCD_DisconnectCallback
 .text.USBD_LL_Init
                0x08009428       0x64 build/obj/Board_Core__USB_DEVICE_Target_usbd_confc.o
                0x08009428                USBD_LL_Init
 .text.USBD_LL_Start
                0x0800948c       0x1c build/obj/Board_Core__USB_DEVICE_Target_usbd_confc.o
                0x0800948c                USBD_LL_Start
 .text.USBD_LL_OpenEP
                0x080094a8       0x20 build/obj/Board_Core__USB_DEVICE_Target_usbd_confc.o
                0x080094a8                USBD_LL_OpenEP
 .text.USBD_LL_CloseEP
                0x080094c8       0x1c build/obj/Board_Core__USB_DEVICE_Target_usbd_confc.o
                0x080094c8                USBD_LL_CloseEP
 .text.USBD_LL_StallEP
                0x080094e4       0x1c build/obj/Board_Core__USB_DEVICE_Target_usbd_confc.o
                0x080094e4                USBD_LL_StallEP
 .text.USBD_LL_ClearStallEP
                0x08009500       0x1c build/obj/Board_Core__USB_DEVICE_Target_usbd_confc.o
                0x08009500                USBD_LL_ClearStallEP
 .text.USBD_LL_IsStallEP
                0x0800951c       0x28 build/obj/Board_Core__USB_DEVICE_Target_usbd_confc.o
                0x0800951c                USBD_LL_IsStallEP
 .text.USBD_LL_SetUSBAddress
                0x08009544       0x1c build/obj/Board_Core__USB_DEVICE_Target_usbd_confc.o
                0x08009544                USBD_LL_SetUSBAddress
 .text.USBD_LL_Transmit
                0x08009560       0x1c build/obj/Board_Core__USB_DEVICE_Target_usbd_confc.o
                0x08009560                USBD_LL_Transmit
 .text.USBD_LL_PrepareReceive
                0x0800957c       0x1c build/obj/Board_Core__USB_DEVICE_Target_usbd_confc.o
                0x0800957c                USBD_LL_PrepareReceive
 .text.USBD_LL_GetRxDataSize
                0x08009598        0x8 build/obj/Board_Core__USB_DEVICE_Target_usbd_confc.o
                0x08009598                USBD_LL_GetRxDataSize
 .text.USBD_static_malloc
                0x080095a0        0x8 build/obj/Board_Core__USB_DEVICE_Target_usbd_confc.o
                0x080095a0                USBD_static_malloc
 .text.USBD_static_free
                0x080095a8        0x4 build/obj/Board_Core__USB_DEVICE_Target_usbd_confc.o
                0x080095a8                USBD_static_free
 .text.HAL_MspInit
                0x080095ac        0x4 build/obj/Board_Drivers_STM32F4xx_HAL_Driver_Src_stm32f4xx_halc.o
                0x080095ac                HAL_MspInit
 .text.HAL_InitTick
                0x080095b0       0x48 build/obj/Board_Drivers_STM32F4xx_HAL_Driver_Src_stm32f4xx_halc.o
                0x080095b0                HAL_InitTick
 .text.HAL_Init
                0x080095f8       0x34 build/obj/Board_Drivers_STM32F4xx_HAL_Driver_Src_stm32f4xx_halc.o
                0x080095f8                HAL_Init
 .text.HAL_IncTick
                0x0800962c       0x18 build/obj/Board_Drivers_STM32F4xx_HAL_Driver_Src_stm32f4xx_halc.o
                0x0800962c                HAL_IncTick
 .text.HAL_GetTick
                0x08009644        0xc build/obj/Board_Drivers_STM32F4xx_HAL_Driver_Src_stm32f4xx_halc.o
                0x08009644                HAL_GetTick
 .text.HAL_Delay
                0x08009650       0x24 build/obj/Board_Drivers_STM32F4xx_HAL_Driver_Src_stm32f4xx_halc.o
                0x08009650                HAL_Delay
 .text.HAL_NVIC_SetPriorityGrouping
                0x08009674       0x24 build/obj/Board_Drivers_STM32F4xx_HAL_Driver_Src_stm32f4xx_hal_cortexc.o
                0x08009674                HAL_NVIC_SetPriorityGrouping
 .text.HAL_NVIC_SetPriority
                0x08009698       0x7c build/obj/Board_Drivers_STM32F4xx_HAL_Driver_Src_stm32f4xx_hal_cortexc.o
                0x08009698                HAL_NVIC_SetPriority
 .text.HAL_NVIC_EnableIRQ
                0x08009714       0x1c build/obj/Board_Drivers_STM32F4xx_HAL_Driver_Src_stm32f4xx_hal_cortexc.o
                0x08009714                HAL_NVIC_EnableIRQ
 .text.HAL_SYSTICK_Config
                0x08009730       0x34 build/obj/Board_Drivers_STM32F4xx_HAL_Driver_Src_stm32f4xx_hal_cortexc.o
                0x08009730                HAL_SYSTICK_Config
 .text.HAL_DMA_Init
                0x08009764      0x130 build/obj/Board_Drivers_STM32F4xx_HAL_Driver_Src_stm32f4xx_hal_dmac.o
                0x08009764                HAL_DMA_Init
 .text.HAL_DMA_IRQHandler
                0x08009894      0x1e0 build/obj/Board_Drivers_STM32F4xx_HAL_Driver_Src_stm32f4xx_hal_dmac.o
                0x08009894                HAL_DMA_IRQHandler
 .text.HAL_ADCEx_InjectedGetValue
                0x08009a74       0x44 build/obj/Board_Drivers_STM32F4xx_HAL_Driver_Src_stm32f4xx_hal_adc_exc.o
                0x08009a74                HAL_ADCEx_InjectedGetValue
 .text.HAL_ADCEx_InjectedConfigChannel
                0x08009ab8      0x1b0 build/obj/Board_Drivers_STM32F4xx_HAL_Driver_Src_stm32f4xx_hal_adc_exc.o
                0x08009ab8                HAL_ADCEx_InjectedConfigChannel
 .text.HAL_ADC_Init
                0x08009c68      0x15c build/obj/Board_Drivers_STM32F4xx_HAL_Driver_Src_stm32f4xx_hal_adcc.o
                0x08009c68                HAL_ADC_Init
 .text.HAL_ADC_GetValue
                0x08009dc4        0x8 build/obj/Board_Drivers_STM32F4xx_HAL_Driver_Src_stm32f4xx_hal_adcc.o
                0x08009dc4                HAL_ADC_GetValue
 .text.HAL_ADC_ConfigChannel
                0x08009dcc      0x15c build/obj/Board_Drivers_STM32F4xx_HAL_Driver_Src_stm32f4xx_hal_adcc.o
                0x08009dcc                HAL_ADC_ConfigChannel
 .text.HAL_GPIO_Init
                0x08009f28      0x240 build/obj/Board_Drivers_STM32F4xx_HAL_Driver_Src_stm32f4xx_hal_gpioc.o
                0x08009f28                HAL_GPIO_Init
 .text.HAL_GPIO_ReadPin
                0x0800a168        0xc build/obj/Board_Drivers_STM32F4xx_HAL_Driver_Src_stm32f4xx_hal_gpioc.o
                0x0800a168                HAL_GPIO_ReadPin
 .text.HAL_GPIO_WritePin
                0x0800a174        0x8 build/obj/Board_Drivers_STM32F4xx_HAL_Driver_Src_stm32f4xx_hal_gpioc.o
                0x0800a174                HAL_GPIO_WritePin
 .text.HAL_GPIO_TogglePin
                0x0800a17c       0x14 build/obj/Board_Drivers_STM32F4xx_HAL_Driver_Src_stm32f4xx_hal_gpioc.o
                0x0800a17c                HAL_GPIO_TogglePin
 .text.HAL_GPIO_EXTI_IRQHandler
                0x0800a190       0x18 build/obj/Board_Drivers_STM32F4xx_HAL_Driver_Src_stm32f4xx_hal_gpioc.o
                0x0800a190                HAL_GPIO_EXTI_IRQHandler
 .text.HAL_RCC_OscConfig
                0x0800a1a8      0x3c8 build/obj/Board_Drivers_STM32F4xx_HAL_Driver_Src_stm32f4xx_hal_rccc.o
                0x0800a1a8                HAL_RCC_OscConfig
 .text.HAL_RCC_GetSysClockFreq
                0x0800a570       0x68 build/obj/Board_Drivers_STM32F4xx_HAL_Driver_Src_stm32f4xx_hal_rccc.o
                0x0800a570                HAL_RCC_GetSysClockFreq
 .text.HAL_RCC_ClockConfig
                0x0800a5d8      0x13c build/obj/Board_Drivers_STM32F4xx_HAL_Driver_Src_stm32f4xx_hal_rccc.o
                0x0800a5d8                HAL_RCC_ClockConfig
 .text.HAL_RCC_GetHCLKFreq
                0x0800a714        0xc build/obj/Board_Drivers_STM32F4xx_HAL_Driver_Src_stm32f4xx_hal_rccc.o
                0x0800a714                HAL_RCC_GetHCLKFreq
 .text.HAL_RCC_GetPCLK1Freq
                0x0800a720       0x20 build/obj/Board_Drivers_STM32F4xx_HAL_Driver_Src_stm32f4xx_hal_rccc.o
                0x0800a720                HAL_RCC_GetPCLK1Freq
 .text.HAL_RCC_GetPCLK2Freq
                0x0800a740       0x20 build/obj/Board_Drivers_STM32F4xx_HAL_Driver_Src_stm32f4xx_hal_rccc.o
                0x0800a740                HAL_RCC_GetPCLK2Freq
 .text.UART_SetConfig
                0x0800a760       0xe0 build/obj/Board_Drivers_STM32F4xx_HAL_Driver_Src_stm32f4xx_hal_uartc.o
 .text.UART_WaitOnFlagUntilTimeout.constprop.0
                0x0800a840       0x78 build/obj/Board_Drivers_STM32F4xx_HAL_Driver_Src_stm32f4xx_hal_uartc.o
 .text.HAL_UART_Init
                0x0800a8b8       0x60 build/obj/Board_Drivers_STM32F4xx_HAL_Driver_Src_stm32f4xx_hal_uartc.o
                0x0800a8b8                HAL_UART_Init
 .text.HAL_UART_Transmit
                0x0800a918       0xcc build/obj/Board_Drivers_STM32F4xx_HAL_Driver_Src_stm32f4xx_hal_uartc.o
                0x0800a918                HAL_UART_Transmit
 .text.HAL_UART_Receive
                0x0800a9e4       0xe0 build/obj/Board_Drivers_STM32F4xx_HAL_Driver_Src_stm32f4xx_hal_uartc.o
                0x0800a9e4                HAL_UART_Receive
 .text.TIM_OC1_SetConfig
                0x0800aac4       0x60 build/obj/Board_Drivers_STM32F4xx_HAL_Driver_Src_stm32f4xx_hal_timc.o
 .text.TIM_OC3_SetConfig
                0x0800ab24       0x64 build/obj/Board_Drivers_STM32F4xx_HAL_Driver_Src_stm32f4xx_hal_timc.o
 .text.TIM_OC4_SetConfig
                0x0800ab88       0x50 build/obj/Board_Drivers_STM32F4xx_HAL_Driver_Src_stm32f4xx_hal_timc.o
 .text.HAL_TIM_Base_Start
                0x0800abd8       0x70 build/obj/Board_Drivers_STM32F4xx_HAL_Driver_Src_stm32f4xx_hal_timc.o
                0x0800abd8                HAL_TIM_Base_Start
 .text.HAL_TIM_OC_Start
                0x0800ac48       0xe4 build/obj/Board_Drivers_STM32F4xx_HAL_Driver_Src_stm32f4xx_hal_timc.o
                0x0800ac48                HAL_TIM_OC_Start
 .text.HAL_TIM_PWM_MspInit
                0x0800ad2c        0x4 build/obj/Board_Drivers_STM32F4xx_HAL_Driver_Src_stm32f4xx_hal_timc.o
                0x0800ad2c                HAL_TIM_PWM_MspInit
 .text.HAL_TIM_PWM_Start
                0x0800ad30        0x4 build/obj/Board_Drivers_STM32F4xx_HAL_Driver_Src_stm32f4xx_hal_timc.o
                0x0800ad30                HAL_TIM_PWM_Start
 .text.HAL_TIM_ConfigClockSource
                0x0800ad34      0x160 build/obj/Board_Drivers_STM32F4xx_HAL_Driver_Src_stm32f4xx_hal_timc.o
                0x0800ad34                HAL_TIM_ConfigClockSource
 .text.HAL_TIM_PeriodElapsedCallback
                0x0800ae94        0x4 build/obj/Board_Drivers_STM32F4xx_HAL_Driver_Src_stm32f4xx_hal_timc.o
                0x0800ae94                HAL_TIM_PeriodElapsedCallback
 .text.HAL_TIM_OC_DelayElapsedCallback
                0x0800ae98        0x4 build/obj/Board_Drivers_STM32F4xx_HAL_Driver_Src_stm32f4xx_hal_timc.o
                0x0800ae98                HAL_TIM_OC_DelayElapsedCallback
 .text.HAL_TIM_IC_CaptureCallback
                0x0800ae9c        0x4 build/obj/Board_Drivers_STM32F4xx_HAL_Driver_Src_stm32f4xx_hal_timc.o
                0x0800ae9c                HAL_TIM_IC_CaptureCallback
 .text.HAL_TIM_PWM_PulseFinishedCallback
                0x0800aea0        0x4 build/obj/Board_Drivers_STM32F4xx_HAL_Driver_Src_stm32f4xx_hal_timc.o
                0x0800aea0                HAL_TIM_PWM_PulseFinishedCallback
 .text.HAL_TIM_TriggerCallback
                0x0800aea4        0x4 build/obj/Board_Drivers_STM32F4xx_HAL_Driver_Src_stm32f4xx_hal_timc.o
                0x0800aea4                HAL_TIM_TriggerCallback
 .text.HAL_TIM_IRQHandler
                0x0800aea8      0x154 build/obj/Board_Drivers_STM32F4xx_HAL_Driver_Src_stm32f4xx_hal_timc.o
                0x0800aea8                HAL_TIM_IRQHandler
 .text.TIM_Base_SetConfig
                0x0800affc       0xd8 build/obj/Board_Drivers_STM32F4xx_HAL_Driver_Src_stm32f4xx_hal_timc.o
                0x0800affc                TIM_Base_SetConfig
 .text.HAL_TIM_Base_Init
                0x0800b0d4       0x5c build/obj/Board_Drivers_STM32F4xx_HAL_Driver_Src_stm32f4xx_hal_timc.o
                0x0800b0d4                HAL_TIM_Base_Init
 .text.HAL_TIM_PWM_Init
                0x0800b130       0x5c build/obj/Board_Drivers_STM32F4xx_HAL_Driver_Src_stm32f4xx_hal_timc.o
                0x0800b130                HAL_TIM_PWM_Init
 .text.TIM_OC2_SetConfig
                0x0800b18c       0x64 build/obj/Board_Drivers_STM32F4xx_HAL_Driver_Src_stm32f4xx_hal_timc.o
                0x0800b18c                TIM_OC2_SetConfig
 .text.HAL_TIM_PWM_ConfigChannel
                0x0800b1f0       0xcc build/obj/Board_Drivers_STM32F4xx_HAL_Driver_Src_stm32f4xx_hal_timc.o
                0x0800b1f0                HAL_TIM_PWM_ConfigChannel
 .text.HAL_TIMEx_MasterConfigSynchronization
                0x0800b2bc       0x80 build/obj/Board_Drivers_STM32F4xx_HAL_Driver_Src_stm32f4xx_hal_tim_exc.o
                0x0800b2bc                HAL_TIMEx_MasterConfigSynchronization
 .text.HAL_TIMEx_ConfigBreakDeadTime
                0x0800b33c       0x54 build/obj/Board_Drivers_STM32F4xx_HAL_Driver_Src_stm32f4xx_hal_tim_exc.o
                0x0800b33c                HAL_TIMEx_ConfigBreakDeadTime
 .text.HAL_TIMEx_CommutCallback
                0x0800b390        0x4 build/obj/Board_Drivers_STM32F4xx_HAL_Driver_Src_stm32f4xx_hal_tim_exc.o
                0x0800b390                HAL_TIMEx_CommutCallback
 .text.HAL_TIMEx_BreakCallback
                0x0800b394        0x4 build/obj/Board_Drivers_STM32F4xx_HAL_Driver_Src_stm32f4xx_hal_tim_exc.o
                0x0800b394                HAL_TIMEx_BreakCallback
 .text.SPI_WaitFlagStateUntilTimeout.constprop.0
                0x0800b398       0xb8 build/obj/Board_Drivers_STM32F4xx_HAL_Driver_Src_stm32f4xx_hal_spic.o
 .text.SPI_EndRxTxTransaction
                0x0800b450       0x64 build/obj/Board_Drivers_STM32F4xx_HAL_Driver_Src_stm32f4xx_hal_spic.o
 .text.HAL_SPI_Init
                0x0800b4b4       0xc4 build/obj/Board_Drivers_STM32F4xx_HAL_Driver_Src_stm32f4xx_hal_spic.o
                0x0800b4b4                HAL_SPI_Init
 .text.HAL_SPI_Transmit
                0x0800b578      0x194 build/obj/Board_Drivers_STM32F4xx_HAL_Driver_Src_stm32f4xx_hal_spic.o
                0x0800b578                HAL_SPI_Transmit
 .text.HAL_SPI_TransmitReceive
                0x0800b70c      0x1f4 build/obj/Board_Drivers_STM32F4xx_HAL_Driver_Src_stm32f4xx_hal_spic.o
                0x0800b70c                HAL_SPI_TransmitReceive
 .text.USB_CoreReset
                0x0800b900       0x54 build/obj/Board_Drivers_STM32F4xx_HAL_Driver_Src_stm32f4xx_ll_usbc.o
 .text.USB_CoreInit
                0x0800b954       0x88 build/obj/Board_Drivers_STM32F4xx_HAL_Driver_Src_stm32f4xx_ll_usbc.o
                0x0800b954                USB_CoreInit
 .text.USB_SetTurnaroundTime
                0x0800b9dc       0xf4 build/obj/Board_Drivers_STM32F4xx_HAL_Driver_Src_stm32f4xx_ll_usbc.o
                0x0800b9dc                USB_SetTurnaroundTime
 .text.USB_EnableGlobalInt
                0x0800bad0       0x10 build/obj/Board_Drivers_STM32F4xx_HAL_Driver_Src_stm32f4xx_ll_usbc.o
                0x0800bad0                USB_EnableGlobalInt
 .text.USB_DisableGlobalInt
                0x0800bae0       0x10 build/obj/Board_Drivers_STM32F4xx_HAL_Driver_Src_stm32f4xx_ll_usbc.o
                0x0800bae0                USB_DisableGlobalInt
 .text.USB_SetCurrentMode
                0x0800baf0       0x70 build/obj/Board_Drivers_STM32F4xx_HAL_Driver_Src_stm32f4xx_ll_usbc.o
                0x0800baf0                USB_SetCurrentMode
 .text.USB_FlushTxFifo
                0x0800bb60       0x54 build/obj/Board_Drivers_STM32F4xx_HAL_Driver_Src_stm32f4xx_ll_usbc.o
                0x0800bb60                USB_FlushTxFifo
 .text.USB_FlushRxFifo
                0x0800bbb4       0x50 build/obj/Board_Drivers_STM32F4xx_HAL_Driver_Src_stm32f4xx_ll_usbc.o
                0x0800bbb4                USB_FlushRxFifo
 .text.USB_DevInit
                0x0800bc04      0x188 build/obj/Board_Drivers_STM32F4xx_HAL_Driver_Src_stm32f4xx_ll_usbc.o
                0x0800bc04                USB_DevInit
 .text.USB_GetDevSpeed
                0x0800bd8c       0x18 build/obj/Board_Drivers_STM32F4xx_HAL_Driver_Src_stm32f4xx_ll_usbc.o
                0x0800bd8c                USB_GetDevSpeed
 .text.USB_ActivateEndpoint
                0x0800bda4       0x98 build/obj/Board_Drivers_STM32F4xx_HAL_Driver_Src_stm32f4xx_ll_usbc.o
                0x0800bda4                USB_ActivateEndpoint
 .text.USB_DeactivateEndpoint
                0x0800be3c       0xc4 build/obj/Board_Drivers_STM32F4xx_HAL_Driver_Src_stm32f4xx_ll_usbc.o
                0x0800be3c                USB_DeactivateEndpoint
 .text.USB_EPStartXfer
                0x0800bf00      0x218 build/obj/Board_Drivers_STM32F4xx_HAL_Driver_Src_stm32f4xx_ll_usbc.o
                0x0800bf00                USB_EPStartXfer
 .text.USB_EP0StartXfer
                0x0800c118      0x104 build/obj/Board_Drivers_STM32F4xx_HAL_Driver_Src_stm32f4xx_ll_usbc.o
                0x0800c118                USB_EP0StartXfer
 .text.USB_EPStopXfer
                0x0800c21c       0x88 build/obj/Board_Drivers_STM32F4xx_HAL_Driver_Src_stm32f4xx_ll_usbc.o
                0x0800c21c                USB_EPStopXfer
 .text.USB_WritePacket
                0x0800c2a4       0x2c build/obj/Board_Drivers_STM32F4xx_HAL_Driver_Src_stm32f4xx_ll_usbc.o
                0x0800c2a4                USB_WritePacket
 .text.USB_ReadPacket
                0x0800c2d0       0x4c build/obj/Board_Drivers_STM32F4xx_HAL_Driver_Src_stm32f4xx_ll_usbc.o
                0x0800c2d0                USB_ReadPacket
 .text.USB_EPSetStall
                0x0800c31c       0x5c build/obj/Board_Drivers_STM32F4xx_HAL_Driver_Src_stm32f4xx_ll_usbc.o
                0x0800c31c                USB_EPSetStall
 .text.USB_EPClearStall
                0x0800c378       0x58 build/obj/Board_Drivers_STM32F4xx_HAL_Driver_Src_stm32f4xx_ll_usbc.o
                0x0800c378                USB_EPClearStall
 .text.USB_SetDevAddress
                0x0800c3d0       0x20 build/obj/Board_Drivers_STM32F4xx_HAL_Driver_Src_stm32f4xx_ll_usbc.o
                0x0800c3d0                USB_SetDevAddress
 .text.USB_DevConnect
                0x0800c3f0       0x20 build/obj/Board_Drivers_STM32F4xx_HAL_Driver_Src_stm32f4xx_ll_usbc.o
                0x0800c3f0                USB_DevConnect
 .text.USB_DevDisconnect
                0x0800c410       0x20 build/obj/Board_Drivers_STM32F4xx_HAL_Driver_Src_stm32f4xx_ll_usbc.o
                0x0800c410                USB_DevDisconnect
 .text.USB_ReadInterrupts
                0x0800c430        0x8 build/obj/Board_Drivers_STM32F4xx_HAL_Driver_Src_stm32f4xx_ll_usbc.o
                0x0800c430                USB_ReadInterrupts
 .text.USB_ReadDevAllOutEpInterrupt
                0x0800c438       0x10 build/obj/Board_Drivers_STM32F4xx_HAL_Driver_Src_stm32f4xx_ll_usbc.o
                0x0800c438                USB_ReadDevAllOutEpInterrupt
 .text.USB_ReadDevAllInEpInterrupt
                0x0800c448       0x10 build/obj/Board_Drivers_STM32F4xx_HAL_Driver_Src_stm32f4xx_ll_usbc.o
                0x0800c448                USB_ReadDevAllInEpInterrupt
 .text.USB_ReadDevOutEPInterrupt
                0x0800c458       0x14 build/obj/Board_Drivers_STM32F4xx_HAL_Driver_Src_stm32f4xx_ll_usbc.o
                0x0800c458                USB_ReadDevOutEPInterrupt
 .text.USB_ReadDevInEPInterrupt
                0x0800c46c       0x20 build/obj/Board_Drivers_STM32F4xx_HAL_Driver_Src_stm32f4xx_ll_usbc.o
                0x0800c46c                USB_ReadDevInEPInterrupt
 .text.USB_GetMode
                0x0800c48c        0x8 build/obj/Board_Drivers_STM32F4xx_HAL_Driver_Src_stm32f4xx_ll_usbc.o
                0x0800c48c                USB_GetMode
 .text.USB_ActivateSetup
                0x0800c494       0x24 build/obj/Board_Drivers_STM32F4xx_HAL_Driver_Src_stm32f4xx_ll_usbc.o
                0x0800c494                USB_ActivateSetup
 .text.USB_EP0_OutStart
                0x0800c4b8       0x58 build/obj/Board_Drivers_STM32F4xx_HAL_Driver_Src_stm32f4xx_ll_usbc.o
                0x0800c4b8                USB_EP0_OutStart
 .text.HAL_PCDEx_SetTxFiFo
                0x0800c510       0x54 build/obj/Board_Drivers_STM32F4xx_HAL_Driver_Src_stm32f4xx_hal_pcd_exc.o
                0x0800c510                HAL_PCDEx_SetTxFiFo
 .text.HAL_PCDEx_SetRxFiFo
                0x0800c564        0x8 build/obj/Board_Drivers_STM32F4xx_HAL_Driver_Src_stm32f4xx_hal_pcd_exc.o
                0x0800c564                HAL_PCDEx_SetRxFiFo
 .text.HAL_PCDEx_LPM_Callback
                0x0800c56c        0x4 build/obj/Board_Drivers_STM32F4xx_HAL_Driver_Src_stm32f4xx_hal_pcd_exc.o
                0x0800c56c                HAL_PCDEx_LPM_Callback
 .text.HAL_PCD_Init
                0x0800c570      0x11c build/obj/Board_Drivers_STM32F4xx_HAL_Driver_Src_stm32f4xx_hal_pcdc.o
                0x0800c570                HAL_PCD_Init
 .text.HAL_PCD_Start
                0x0800c68c       0x40 build/obj/Board_Drivers_STM32F4xx_HAL_Driver_Src_stm32f4xx_hal_pcdc.o
                0x0800c68c                HAL_PCD_Start
 .text.HAL_PCD_IRQHandler
                0x0800c6cc      0x748 build/obj/Board_Drivers_STM32F4xx_HAL_Driver_Src_stm32f4xx_hal_pcdc.o
                0x0800c6cc                HAL_PCD_IRQHandler
 .text.HAL_PCD_SetAddress
                0x0800ce14       0x28 build/obj/Board_Drivers_STM32F4xx_HAL_Driver_Src_stm32f4xx_hal_pcdc.o
                0x0800ce14                HAL_PCD_SetAddress
 .text.HAL_PCD_EP_Open
                0x0800ce3c       0x7c build/obj/Board_Drivers_STM32F4xx_HAL_Driver_Src_stm32f4xx_hal_pcdc.o
                0x0800ce3c                HAL_PCD_EP_Open
 .text.HAL_PCD_EP_Close
                0x0800ceb8       0x5c build/obj/Board_Drivers_STM32F4xx_HAL_Driver_Src_stm32f4xx_hal_pcdc.o
                0x0800ceb8                HAL_PCD_EP_Close
 .text.HAL_PCD_EP_Receive
                0x0800cf14       0x50 build/obj/Board_Drivers_STM32F4xx_HAL_Driver_Src_stm32f4xx_hal_pcdc.o
                0x0800cf14                HAL_PCD_EP_Receive
 .text.HAL_PCD_EP_GetRxCount
                0x0800cf64       0x14 build/obj/Board_Drivers_STM32F4xx_HAL_Driver_Src_stm32f4xx_hal_pcdc.o
                0x0800cf64                HAL_PCD_EP_GetRxCount
 .text.HAL_PCD_EP_Transmit
                0x0800cf78       0x50 build/obj/Board_Drivers_STM32F4xx_HAL_Driver_Src_stm32f4xx_hal_pcdc.o
                0x0800cf78                HAL_PCD_EP_Transmit
 .text.HAL_PCD_EP_SetStall
                0x0800cfc8       0x88 build/obj/Board_Drivers_STM32F4xx_HAL_Driver_Src_stm32f4xx_hal_pcdc.o
                0x0800cfc8                HAL_PCD_EP_SetStall
 .text.HAL_PCD_EP_ClrStall
                0x0800d050       0x70 build/obj/Board_Drivers_STM32F4xx_HAL_Driver_Src_stm32f4xx_hal_pcdc.o
                0x0800d050                HAL_PCD_EP_ClrStall
 .text.USBD_Init
                0x0800d0c0       0x28 build/obj/Board_Middlewares_ST_STM32_USB_Device_Library_Core_Src_usbd_corec.o
                0x0800d0c0                USBD_Init
 .text.USBD_RegisterClass
                0x0800d0e8       0x38 build/obj/Board_Middlewares_ST_STM32_USB_Device_Library_Core_Src_usbd_corec.o
                0x0800d0e8                USBD_RegisterClass
 .text.USBD_Start
                0x0800d120        0x4 build/obj/Board_Middlewares_ST_STM32_USB_Device_Library_Core_Src_usbd_corec.o
                0x0800d120                USBD_Start
 .text.USBD_SetClassConfig
                0x0800d124       0x10 build/obj/Board_Middlewares_ST_STM32_USB_Device_Library_Core_Src_usbd_corec.o
                0x0800d124                USBD_SetClassConfig
 .text.USBD_ClrClassConfig
                0x0800d134       0x14 build/obj/Board_Middlewares_ST_STM32_USB_Device_Library_Core_Src_usbd_corec.o
                0x0800d134                USBD_ClrClassConfig
 .text.USBD_LL_SetupStage
                0x0800d148       0x60 build/obj/Board_Middlewares_ST_STM32_USB_Device_Library_Core_Src_usbd_corec.o
                0x0800d148                USBD_LL_SetupStage
 .text.USBD_LL_DataOutStage
                0x0800d1a8       0x74 build/obj/Board_Middlewares_ST_STM32_USB_Device_Library_Core_Src_usbd_corec.o
                0x0800d1a8                USBD_LL_DataOutStage
 .text.USBD_LL_DataInStage
                0x0800d21c       0xb4 build/obj/Board_Middlewares_ST_STM32_USB_Device_Library_Core_Src_usbd_corec.o
                0x0800d21c                USBD_LL_DataInStage
 .text.USBD_LL_Reset
                0x0800d2d0       0x5c build/obj/Board_Middlewares_ST_STM32_USB_Device_Library_Core_Src_usbd_corec.o
                0x0800d2d0                USBD_LL_Reset
 .text.USBD_LL_SetSpeed
                0x0800d32c        0x8 build/obj/Board_Middlewares_ST_STM32_USB_Device_Library_Core_Src_usbd_corec.o
                0x0800d32c                USBD_LL_SetSpeed
 .text.USBD_LL_Suspend
                0x0800d334       0x18 build/obj/Board_Middlewares_ST_STM32_USB_Device_Library_Core_Src_usbd_corec.o
                0x0800d334                USBD_LL_Suspend
 .text.USBD_LL_Resume
                0x0800d34c       0x18 build/obj/Board_Middlewares_ST_STM32_USB_Device_Library_Core_Src_usbd_corec.o
                0x0800d34c                USBD_LL_Resume
 .text.USBD_LL_SOF
                0x0800d364       0x20 build/obj/Board_Middlewares_ST_STM32_USB_Device_Library_Core_Src_usbd_corec.o
                0x0800d364                USBD_LL_SOF
 .text.USBD_LL_IsoINIncomplete
                0x0800d384       0x2c build/obj/Board_Middlewares_ST_STM32_USB_Device_Library_Core_Src_usbd_corec.o
                0x0800d384                USBD_LL_IsoINIncomplete
 .text.USBD_LL_IsoOUTIncomplete
                0x0800d3b0       0x2c build/obj/Board_Middlewares_ST_STM32_USB_Device_Library_Core_Src_usbd_corec.o
                0x0800d3b0                USBD_LL_IsoOUTIncomplete
 .text.USBD_LL_DevConnected
                0x0800d3dc        0x4 build/obj/Board_Middlewares_ST_STM32_USB_Device_Library_Core_Src_usbd_corec.o
                0x0800d3dc                USBD_LL_DevConnected
 .text.USBD_LL_DevDisconnected
                0x0800d3e0       0x24 build/obj/Board_Middlewares_ST_STM32_USB_Device_Library_Core_Src_usbd_corec.o
                0x0800d3e0                USBD_LL_DevDisconnected
 .text.USBD_CoreFindIF
                0x0800d404        0x4 build/obj/Board_Middlewares_ST_STM32_USB_Device_Library_Core_Src_usbd_corec.o
                0x0800d404                USBD_CoreFindIF
 .text.USBD_CoreFindEP
                0x0800d408        0x4 build/obj/Board_Middlewares_ST_STM32_USB_Device_Library_Core_Src_usbd_corec.o
                0x0800d408                USBD_CoreFindEP
 .text.USBD_GetEpDesc
                0x0800d40c       0x2c build/obj/Board_Middlewares_ST_STM32_USB_Device_Library_Core_Src_usbd_corec.o
                0x0800d40c                USBD_GetEpDesc
 .text.USBD_StdDevReq
                0x0800d438      0x374 build/obj/Board_Middlewares_ST_STM32_USB_Device_Library_Core_Src_usbd_ctlreqc.o
                0x0800d438                USBD_StdDevReq
 .text.USBD_StdItfReq
                0x0800d7ac       0x74 build/obj/Board_Middlewares_ST_STM32_USB_Device_Library_Core_Src_usbd_ctlreqc.o
                0x0800d7ac                USBD_StdItfReq
 .text.USBD_StdEPReq
                0x0800d820      0x158 build/obj/Board_Middlewares_ST_STM32_USB_Device_Library_Core_Src_usbd_ctlreqc.o
                0x0800d820                USBD_StdEPReq
 .text.USBD_ParseSetupRequest
                0x0800d978       0x18 build/obj/Board_Middlewares_ST_STM32_USB_Device_Library_Core_Src_usbd_ctlreqc.o
                0x0800d978                USBD_ParseSetupRequest
 .text.USBD_CtlError
                0x0800d990       0x18 build/obj/Board_Middlewares_ST_STM32_USB_Device_Library_Core_Src_usbd_ctlreqc.o
                0x0800d990                USBD_CtlError
 .text.USBD_GetString
                0x0800d9a8       0x54 build/obj/Board_Middlewares_ST_STM32_USB_Device_Library_Core_Src_usbd_ctlreqc.o
                0x0800d9a8                USBD_GetString
 .text.USBD_CtlSendData
                0x0800d9fc       0x1c build/obj/Board_Middlewares_ST_STM32_USB_Device_Library_Core_Src_usbd_ioreqc.o
                0x0800d9fc                USBD_CtlSendData
 .text.USBD_CtlContinueSendData
                0x0800da18       0x10 build/obj/Board_Middlewares_ST_STM32_USB_Device_Library_Core_Src_usbd_ioreqc.o
                0x0800da18                USBD_CtlContinueSendData
 .text.USBD_CtlPrepareRx
                0x0800da28       0x1c build/obj/Board_Middlewares_ST_STM32_USB_Device_Library_Core_Src_usbd_ioreqc.o
                0x0800da28                USBD_CtlPrepareRx
 .text.USBD_CtlContinueRx
                0x0800da44       0x10 build/obj/Board_Middlewares_ST_STM32_USB_Device_Library_Core_Src_usbd_ioreqc.o
                0x0800da44                USBD_CtlContinueRx
 .text.USBD_CtlSendStatus
                0x0800da54       0x18 build/obj/Board_Middlewares_ST_STM32_USB_Device_Library_Core_Src_usbd_ioreqc.o
                0x0800da54                USBD_CtlSendStatus
 .text.USBD_CtlReceiveStatus
                0x0800da6c       0x18 build/obj/Board_Middlewares_ST_STM32_USB_Device_Library_Core_Src_usbd_ioreqc.o
                0x0800da6c                USBD_CtlReceiveStatus
 .text.USBD_CDC_EP0_RxReady
                0x0800da84       0x38 build/obj/Board_Middlewares_ST_STM32_USB_Device_Library_Class_CDC_Src_usbd_cdcc.o
 .text.USBD_CDC_GetDeviceQualifierDescriptor
                0x0800dabc        0xc build/obj/Board_Middlewares_ST_STM32_USB_Device_Library_Class_CDC_Src_usbd_cdcc.o
                0x0800dabc                USBD_CDC_GetDeviceQualifierDescriptor
 .text.USBD_CDC_GetFSCfgDesc
                0x0800dac8       0x48 build/obj/Board_Middlewares_ST_STM32_USB_Device_Library_Class_CDC_Src_usbd_cdcc.o
 .text.USBD_CDC_GetOtherSpeedCfgDesc
                0x0800db10        0x4 build/obj/Board_Middlewares_ST_STM32_USB_Device_Library_Class_CDC_Src_usbd_cdcc.o
 .text.USBD_CDC_GetHSCfgDesc
                0x0800db14       0x48 build/obj/Board_Middlewares_ST_STM32_USB_Device_Library_Class_CDC_Src_usbd_cdcc.o
 .text.USBD_CDC_DataOut
                0x0800db5c       0x38 build/obj/Board_Middlewares_ST_STM32_USB_Device_Library_Class_CDC_Src_usbd_cdcc.o
 .text.USBD_CDC_DataIn
                0x0800db94       0x70 build/obj/Board_Middlewares_ST_STM32_USB_Device_Library_Class_CDC_Src_usbd_cdcc.o
 .text.USBD_CDC_Setup
                0x0800dc04      0x11c build/obj/Board_Middlewares_ST_STM32_USB_Device_Library_Class_CDC_Src_usbd_cdcc.o
 .text.USBD_CDC_DeInit
                0x0800dd20       0x5c build/obj/Board_Middlewares_ST_STM32_USB_Device_Library_Class_CDC_Src_usbd_cdcc.o
 .text.USBD_CDC_Init
                0x0800dd7c       0xe4 build/obj/Board_Middlewares_ST_STM32_USB_Device_Library_Class_CDC_Src_usbd_cdcc.o
 .text.USBD_CDC_RegisterInterface
                0x0800de60       0x18 build/obj/Board_Middlewares_ST_STM32_USB_Device_Library_Class_CDC_Src_usbd_cdcc.o
                0x0800de60                USBD_CDC_RegisterInterface
 .text.USBD_CDC_SetTxBuffer
                0x0800de78       0x1c build/obj/Board_Middlewares_ST_STM32_USB_Device_Library_Class_CDC_Src_usbd_cdcc.o
                0x0800de78                USBD_CDC_SetTxBuffer
 .text.USBD_CDC_SetRxBuffer
                0x0800de94       0x18 build/obj/Board_Middlewares_ST_STM32_USB_Device_Library_Class_CDC_Src_usbd_cdcc.o
                0x0800de94                USBD_CDC_SetRxBuffer
 .text.USBD_CDC_ReceivePacket
                0x0800deac       0x38 build/obj/Board_Middlewares_ST_STM32_USB_Device_Library_Class_CDC_Src_usbd_cdcc.o
                0x0800deac                USBD_CDC_ReceivePacket
 .text._ZN5Print17availableForWriteEv
                0x0800dee4        0x4 build/obj/_arduino_Printcpp.o
                0x0800dee4                Print::availableForWrite()
 .text._ZN5Print5flushEv
                0x0800dee8        0x4 build/obj/_arduino_Printcpp.o
                0x0800dee8                Print::flush()
 .text._ZN5Print5writeEPKhj
                0x0800deec       0x34 build/obj/_arduino_Printcpp.o
                0x0800deec                Print::write(unsigned char const*, unsigned int)
 .text._ZN5Print5printEPKc
                0x0800df20       0x64 build/obj/_arduino_Printcpp.o
                0x0800df20                Print::print(char const*)
 .text._ZN5Print5printEc
                0x0800df84       0x28 build/obj/_arduino_Printcpp.o
                0x0800df84                Print::print(char)
 .text._ZN5Print7printlnEv
                0x0800dfac       0x58 build/obj/_arduino_Printcpp.o
                0x0800dfac                Print::println()
 .text._ZN5Print7printlnEPKc
                0x0800e004       0xbc build/obj/_arduino_Printcpp.o
                0x0800e004                Print::println(char const*)
 .text._ZN5Print11printNumberEmh
                0x0800e0c0       0x98 build/obj/_arduino_Printcpp.o
                0x0800e0c0                Print::printNumber(unsigned long, unsigned char)
 .text._ZN5Print5printEli
                0x0800e158       0xf4 build/obj/_arduino_Printcpp.o
                0x0800e158                Print::print(long, int)
 .text._ZN5Print7printlnEii
                0x0800e24c       0x64 build/obj/_arduino_Printcpp.o
                0x0800e24c                Print::println(int, int)
 .text._ZN5Print10printFloatEdh
                0x0800e2b0      0x33c build/obj/_arduino_Printcpp.o
                0x0800e2b0                Print::printFloat(double, unsigned char)
 .text._ZN5Print5printEdi
                0x0800e5ec        0x8 build/obj/_arduino_Printcpp.o
                0x0800e5ec                Print::print(double, int)
 .text._ZN5Print7printlnEdi
                0x0800e5f4       0x68 build/obj/_arduino_Printcpp.o
                0x0800e5f4                Print::println(double, int)
 .text.startup._GLOBAL__sub_I_Serial
                0x0800e65c       0x14 build/obj/_arduino_Printcpp.o
 .text._ZN12CurrentSense12getDCCurrentEf
                0x0800e670       0xcc build/obj/_common_base_classes_CurrentSensecpp.o
                0x0800e670                CurrentSense::getDCCurrent(float)
 .text._ZN12CurrentSense14getFOCCurrentsEf
                0x0800e73c       0x9c build/obj/_common_base_classes_CurrentSensecpp.o
                0x0800e73c                CurrentSense::getFOCCurrents(float)
 .text._ZN12CurrentSense10linkDriverEP10BLDCDriver
                0x0800e7d8        0x4 build/obj/_common_base_classes_CurrentSensecpp.o
                0x0800e7d8                CurrentSense::linkDriver(BLDCDriver*)
 .text._ZN8FOCMotorC2Ev
                0x0800e7dc      0x158 build/obj/_common_base_classes_FOCMotorcpp.o
                0x0800e7dc                FOCMotor::FOCMotor()
                0x0800e7dc                FOCMotor::FOCMotor()
 .text._ZN8FOCMotor10linkSensorEP6Sensor
                0x0800e934        0x8 build/obj/_common_base_classes_FOCMotorcpp.o
                0x0800e934                FOCMotor::linkSensor(Sensor*)
 .text._ZN8FOCMotor16linkCurrentSenseEP12CurrentSense
                0x0800e93c        0x8 build/obj/_common_base_classes_FOCMotorcpp.o
                0x0800e93c                FOCMotor::linkCurrentSense(CurrentSense*)
 .text._ZN8FOCMotor10shaftAngleEv
                0x0800e944       0x40 build/obj/_common_base_classes_FOCMotorcpp.o
                0x0800e944                FOCMotor::shaftAngle()
 .text._ZN8FOCMotor13shaftVelocityEv
                0x0800e984       0x38 build/obj/_common_base_classes_FOCMotorcpp.o
                0x0800e984                FOCMotor::shaftVelocity()
 .text._ZN8FOCMotor15electricalAngleEv
                0x0800e9bc       0x48 build/obj/_common_base_classes_FOCMotorcpp.o
                0x0800e9bc                FOCMotor::electricalAngle()
 .text._ZN8FOCMotor13useMonitoringER5Print
                0x0800ea04       0x1c build/obj/_common_base_classes_FOCMotorcpp.o
                0x0800ea04                FOCMotor::useMonitoring(Print&)
 .text._ZN8FOCMotor7monitorEv
                0x0800ea20      0x1e0 build/obj/_common_base_classes_FOCMotorcpp.o
                0x0800ea20                FOCMotor::monitor()
 .text._ZN14SimpleFOCDebug6enableEP5Print
                0x0800ec00        0xc build/obj/_communication_SimpleFOCDebugcpp.o
                0x0800ec00                SimpleFOCDebug::enable(Print*)
 .text._ZN14SimpleFOCDebug7printlnEPKc
                0x0800ec0c       0x14 build/obj/_communication_SimpleFOCDebugcpp.o
                0x0800ec0c                SimpleFOCDebug::println(char const*)
 .text._ZN14SimpleFOCDebug7printlnEPKcf
                0x0800ec20       0x30 build/obj/_communication_SimpleFOCDebugcpp.o
                0x0800ec20                SimpleFOCDebug::println(char const*, float)
 .text._ZN14SimpleFOCDebug7printlnEPKci
                0x0800ec50       0x28 build/obj/_communication_SimpleFOCDebugcpp.o
                0x0800ec50                SimpleFOCDebug::println(char const*, int)
 .text._ZN9Commander6targetEP8FOCMotorPcS2_.part.0
                0x0800ec78      0x180 build/obj/_communication_Commandercpp.o
 .text._ZN9CommanderC2ER5Printcb
                0x0800edf8       0x2c build/obj/_communication_Commandercpp.o
                0x0800edf8                Commander::Commander(Print&, char, bool)
                0x0800edf8                Commander::Commander(Print&, char, bool)
 .text._ZN9Commander3addEcPFvPcES0_
                0x0800ee24       0x24 build/obj/_communication_Commandercpp.o
                0x0800ee24                Commander::add(char, void (*)(char*), char*)
 .text._ZN9Commander3runEPc
                0x0800ee48      0x184 build/obj/_communication_Commandercpp.o
                0x0800ee48                Commander::run(char*)
 .text.recvTask
                0x0800efcc       0x84 build/obj/_communication_Commandercpp.o
                0x0800efcc                recvTask
 .text._ZN9Commander3runER5Printc
                0x0800f050       0xdc build/obj/_communication_Commandercpp.o
                0x0800f050                Commander::run(Print&, char)
 .text._ZN9Commander3runEv
                0x0800f12c        0xc build/obj/_communication_Commandercpp.o
                0x0800f12c                Commander::run()
 .text._ZN9Commander6motionEP8FOCMotorPcS2_
                0x0800f138      0x344 build/obj/_communication_Commandercpp.o
                0x0800f138                Commander::motion(FOCMotor*, char*, char*)
 .text._Z4_sinf
                0x0800f47c      0x128 build/obj/_common_foc_utilscpp.o
                0x0800f47c                _sin(float)
 .text._Z4_cosf
                0x0800f5a4       0x28 build/obj/_common_foc_utilscpp.o
                0x0800f5a4                _cos(float)
 .text._Z15_normalizeAnglef
                0x0800f5cc       0x2c build/obj/_common_foc_utilscpp.o
                0x0800f5cc                _normalizeAngle(float)
 .text._Z16_electricalAnglefi
                0x0800f5f8       0x10 build/obj/_common_foc_utilscpp.o
                0x0800f5f8                _electricalAngle(float, int)
 .text._Z11_sqrtApproxf
                0x0800f608       0x18 build/obj/_common_foc_utilscpp.o
                0x0800f608                _sqrtApprox(float)
 .text._ZN13LowPassFilterC2Ef
                0x0800f620       0x18 build/obj/_common_lowpass_filtercpp.o
                0x0800f620                LowPassFilter::LowPassFilter(float)
                0x0800f620                LowPassFilter::LowPassFilter(float)
 .text._ZN13LowPassFilterclEf
                0x0800f638       0x78 build/obj/_common_lowpass_filtercpp.o
                0x0800f638                LowPassFilter::operator()(float)
 .text._ZN13PIDControllerC2Efffff
                0x0800f6b0       0x2c build/obj/_common_pidcpp.o
                0x0800f6b0                PIDController::PIDController(float, float, float, float, float)
                0x0800f6b0                PIDController::PIDController(float, float, float, float, float)
 .text._ZN13PIDControllerclEf
                0x0800f6dc      0x124 build/obj/_common_pidcpp.o
                0x0800f6dc                PIDController::operator()(float)
 .text._delay   0x0800f800       0x14 build/obj/_common_time_utilscpp.o
                0x0800f800                _delay
 .text.delayMicroseconds
                0x0800f814       0x18 build/obj/_common_time_utilscpp.o
                0x0800f814                delayMicroseconds
 .text._micros  0x0800f82c       0x10 build/obj/_common_time_utilscpp.o
                0x0800f82c                _micros
 .text._ZN7Encoder6updateEv
                0x0800f83c        0x4 build/obj/_sensors_Encodercpp.o
                0x0800f83c                Encoder::update()
 .text._ZN7Encoder18getMechanicalAngleEv
                0x0800f840       0x30 build/obj/_sensors_Encodercpp.o
                0x0800f840                Encoder::getMechanicalAngle()
 .text._ZN7Encoder8getAngleEv
                0x0800f870       0x20 build/obj/_sensors_Encodercpp.o
                0x0800f870                Encoder::getAngle()
 .text._ZN7Encoder15getPreciseAngleEv
                0x0800f890       0x40 build/obj/_sensors_Encodercpp.o
                0x0800f890                Encoder::getPreciseAngle()
 .text._ZN7Encoder16getFullRotationsEv
                0x0800f8d0       0x14 build/obj/_sensors_Encodercpp.o
                0x0800f8d0                Encoder::getFullRotations()
 .text._ZN7Encoder11needsSearchEv
                0x0800f8e4       0x10 build/obj/_sensors_Encodercpp.o
                0x0800f8e4                Encoder::needsSearch()
 .text._ZN7Encoder11getVelocityEv
                0x0800f8f4       0xd8 build/obj/_sensors_Encodercpp.o
                0x0800f8f4                Encoder::getVelocity()
 .text._ZN7Encoder4initEv
                0x0800f9cc       0x34 build/obj/_sensors_Encodercpp.o
                0x0800f9cc                Encoder::init()
 .text._ZN7Encoder14getSensorAngleEv
                0x0800fa00       0x30 build/obj/_sensors_Encodercpp.o
                0x0800fa00                Encoder::getSensorAngle()
 .text.HAL_GPIO_EXTI_Callback
                0x0800fa30       0x30 build/obj/_sensors_Encodercpp.o
                0x0800fa30                HAL_GPIO_EXTI_Callback
 .text._Z11digitalReadi
                0x0800fa60       0x58 build/obj/_sensors_Encodercpp.o
                0x0800fa60                digitalRead(int)
 .text._ZN7EncoderC2Eiifi
                0x0800fab8       0x54 build/obj/_sensors_Encodercpp.o
                0x0800fab8                Encoder::Encoder(int, int, float, int)
                0x0800fab8                Encoder::Encoder(int, int, float, int)
 .text._ZN7Encoder7handleAEv
                0x0800fb0c       0x9c build/obj/_sensors_Encodercpp.o
                0x0800fb0c                Encoder::handleA()
 .text._ZN7Encoder7handleBEv
                0x0800fba8       0x9c build/obj/_sensors_Encodercpp.o
                0x0800fba8                Encoder::handleB()
 .text._ZN7Encoder16enableInterruptsEPFvvES1_S1_
                0x0800fc44       0x7c build/obj/_sensors_Encodercpp.o
                0x0800fc44                Encoder::enableInterrupts(void (*)(), void (*)(), void (*)())
 .text.vbus_sense_adc_cb
                0x0800fcc0       0x28 build/obj/_drivers_hardware_specific_stm32_mcucpp.o
                0x0800fcc0                vbus_sense_adc_cb
 .text.pwm_trig_adc_cb
                0x0800fce8       0x5c build/obj/_drivers_hardware_specific_stm32_mcucpp.o
                0x0800fce8                pwm_trig_adc_cb
 .text._Z13start_adc_pwmv
                0x0800fd44       0xac build/obj/_drivers_hardware_specific_stm32_mcucpp.o
                0x0800fd44                start_adc_pwm()
 .text._Z14_configure3PWMliii
                0x0800fdf0        0xc build/obj/_drivers_hardware_specific_stm32_mcucpp.o
                0x0800fdf0                _configure3PWM(long, int, int, int)
 .text._Z19_writeDutyCycle3PWMfffPv
                0x0800fdfc       0x38 build/obj/_drivers_hardware_specific_stm32_mcucpp.o
                0x0800fdfc                _writeDutyCycle3PWM(float, float, float, void*)
 .text.doA      0x0800fe34        0xc build/obj/_MotorControl_maincpp.o
                0x0800fe34                doA
 .text.doB      0x0800fe40        0xc build/obj/_MotorControl_maincpp.o
                0x0800fe40                doB
 .text.doMotion
                0x0800fe4c       0x18 build/obj/_MotorControl_maincpp.o
                0x0800fe4c                doMotion
 .text.DRV8301_setup
                0x0800fe64      0x204 build/obj/_MotorControl_maincpp.o
                0x0800fe64                DRV8301_setup
 .text.startup._GLOBAL__sub_I_hw_configs
                0x08010068       0xb8 build/obj/_MotorControl_maincpp.o
 .text.simpleFOCDrive_main
                0x08010120      0x10c build/obj/_MotorControl_maincpp.o
                0x08010120                simpleFOCDrive_main
 .text.motorTask
                0x0801022c       0x30 build/obj/_MotorControl_maincpp.o
                0x0801022c                motorTask
 .text._ZN9BLDCMotor7disableEv
                0x0801025c       0x30 build/obj/_MotorControl_BLDCMotorcpp.o
                0x0801025c                BLDCMotor::disable()
 .text._ZN9BLDCMotor6enableEv
                0x0801028c       0x30 build/obj/_MotorControl_BLDCMotorcpp.o
                0x0801028c                BLDCMotor::enable()
 .text._ZN9BLDCMotor15setPhaseVoltageEfff
                0x080102bc      0x43c build/obj/_MotorControl_BLDCMotorcpp.o
                0x080102bc                BLDCMotor::setPhaseVoltage(float, float, float)
 .text._ZN9BLDCMotor4initEv
                0x080106f8       0xc4 build/obj/_MotorControl_BLDCMotorcpp.o
                0x080106f8                BLDCMotor::init()
 .text._ZN9BLDCMotor7loopFOCEv
                0x080107bc      0x134 build/obj/_MotorControl_BLDCMotorcpp.o
                0x080107bc                BLDCMotor::loopFOC()
 .text._ZN9BLDCMotorC2Eiff
                0x080108f0       0x38 build/obj/_MotorControl_BLDCMotorcpp.o
                0x080108f0                BLDCMotor::BLDCMotor(int, float, float)
                0x080108f0                BLDCMotor::BLDCMotor(int, float, float)
 .text._ZN9BLDCMotor10linkDriverEP10BLDCDriver
                0x08010928        0x8 build/obj/_MotorControl_BLDCMotorcpp.o
                0x08010928                BLDCMotor::linkDriver(BLDCDriver*)
 .text._ZN9BLDCMotor17alignCurrentSenseEv
                0x08010930       0x48 build/obj/_MotorControl_BLDCMotorcpp.o
                0x08010930                BLDCMotor::alignCurrentSense()
 .text._ZN9BLDCMotor16velocityOpenloopEf
                0x08010978       0xec build/obj/_MotorControl_BLDCMotorcpp.o
                0x08010978                BLDCMotor::velocityOpenloop(float)
 .text._ZN9BLDCMotor13angleOpenloopEf
                0x08010a64      0x140 build/obj/_MotorControl_BLDCMotorcpp.o
                0x08010a64                BLDCMotor::angleOpenloop(float)
 .text._ZN9BLDCMotor18absoluteZeroSearchEv
                0x08010ba4       0xc0 build/obj/_MotorControl_BLDCMotorcpp.o
                0x08010ba4                BLDCMotor::absoluteZeroSearch()
 .text._ZN9BLDCMotor11alignSensorEv
                0x08010c64      0x27c build/obj/_MotorControl_BLDCMotorcpp.o
                0x08010c64                BLDCMotor::alignSensor()
 .text._ZN9BLDCMotor7initFOCEf9Direction
                0x08010ee0       0xd8 build/obj/_MotorControl_BLDCMotorcpp.o
                0x08010ee0                BLDCMotor::initFOC(float, Direction)
 .text._ZN9BLDCMotor4moveEf
                0x08010fb8      0x208 build/obj/_MotorControl_BLDCMotorcpp.o
                0x08010fb8                BLDCMotor::move(float)
 .text._ZN14BLDCDriver3PWM13setPhaseStateEiii
                0x080111c0        0x4 build/obj/_drivers_BLDCDriver3PWMcpp.o
                0x080111c0                BLDCDriver3PWM::setPhaseState(int, int, int)
 .text._ZN14BLDCDriver3PWM6enableEv
                0x080111c4       0x2c build/obj/_drivers_BLDCDriver3PWMcpp.o
                0x080111c4                BLDCDriver3PWM::enable()
 .text._ZN14BLDCDriver3PWM7disableEv
                0x080111f0       0x2c build/obj/_drivers_BLDCDriver3PWMcpp.o
                0x080111f0                BLDCDriver3PWM::disable()
 .text._ZN14BLDCDriver3PWM4initEv
                0x0801121c       0x48 build/obj/_drivers_BLDCDriver3PWMcpp.o
                0x0801121c                BLDCDriver3PWM::init()
 .text._ZN14BLDCDriver3PWM6setPwmEfff
                0x08011264      0x110 build/obj/_drivers_BLDCDriver3PWMcpp.o
                0x08011264                BLDCDriver3PWM::setPwm(float, float, float)
 .text._ZN14BLDCDriver3PWMC2Eiiiiii
                0x08011374       0x40 build/obj/_drivers_BLDCDriver3PWMcpp.o
                0x08011374                BLDCDriver3PWM::BLDCDriver3PWM(int, int, int, int, int, int)
                0x08011374                BLDCDriver3PWM::BLDCDriver3PWM(int, int, int, int, int, int)
 .text._ZN18InlineCurrentSense16getPhaseCurrentsEv
                0x080113b4       0x9c build/obj/_current_sense_InlineCurrentSensecpp.o
                0x080113b4                InlineCurrentSense::getPhaseCurrents()
 .text._ZN18InlineCurrentSense11driverAlignEf
                0x08011450      0x884 build/obj/_current_sense_InlineCurrentSensecpp.o
                0x08011450                InlineCurrentSense::driverAlign(float)
 .text._ZN18InlineCurrentSenseC2Effiii
                0x08011cd4       0x40 build/obj/_current_sense_InlineCurrentSensecpp.o
                0x08011cd4                InlineCurrentSense::InlineCurrentSense(float, float, int, int, int)
                0x08011cd4                InlineCurrentSense::InlineCurrentSense(float, float, int, int, int)
 .text._ZN18InlineCurrentSense16calibrateOffsetsEv
                0x08011d14       0xa0 build/obj/_current_sense_InlineCurrentSensecpp.o
                0x08011d14                InlineCurrentSense::calibrateOffsets()
 .text._ZN18InlineCurrentSense4initEv
                0x08011db4       0x10 build/obj/_current_sense_InlineCurrentSensecpp.o
                0x08011db4                InlineCurrentSense::init()
 .text._ZNK10__cxxabiv117__class_type_info11__do_upcastEPKS0_PPv
                0x08011dc4       0x34 c:/program files (x86)/gnu arm embedded toolchain/10 2021.10/bin/../lib/gcc/arm-none-eabi/10.3.1/../../../../arm-none-eabi/lib/thumb/v7e-m+fp/hard\libstdc++.a(class_type_info.o)
                0x08011dc4                __cxxabiv1::__class_type_info::__do_upcast(__cxxabiv1::__class_type_info const*, void**) const
 .text._ZNK10__cxxabiv117__class_type_info20__do_find_public_srcEiPKvPKS0_S2_
                0x08011df8        0xc c:/program files (x86)/gnu arm embedded toolchain/10 2021.10/bin/../lib/gcc/arm-none-eabi/10.3.1/../../../../arm-none-eabi/lib/thumb/v7e-m+fp/hard\libstdc++.a(class_type_info.o)
                0x08011df8                __cxxabiv1::__class_type_info::__do_find_public_src(int, void const*, __cxxabiv1::__class_type_info const*, void const*) const
 .text._ZN10__cxxabiv117__class_type_infoD2Ev
                0x08011e04       0x14 c:/program files (x86)/gnu arm embedded toolchain/10 2021.10/bin/../lib/gcc/arm-none-eabi/10.3.1/../../../../arm-none-eabi/lib/thumb/v7e-m+fp/hard\libstdc++.a(class_type_info.o)
                0x08011e04                __cxxabiv1::__class_type_info::~__class_type_info()
                0x08011e04                __cxxabiv1::__class_type_info::~__class_type_info()
 .text._ZN10__cxxabiv117__class_type_infoD0Ev
                0x08011e18       0x1c c:/program files (x86)/gnu arm embedded toolchain/10 2021.10/bin/../lib/gcc/arm-none-eabi/10.3.1/../../../../arm-none-eabi/lib/thumb/v7e-m+fp/hard\libstdc++.a(class_type_info.o)
                0x08011e18                __cxxabiv1::__class_type_info::~__class_type_info()
 .text._ZNK10__cxxabiv117__class_type_info12__do_dyncastEiNS0_10__sub_kindEPKS0_PKvS3_S5_RNS0_16__dyncast_resultE
                0x08011e34       0x44 c:/program files (x86)/gnu arm embedded toolchain/10 2021.10/bin/../lib/gcc/arm-none-eabi/10.3.1/../../../../arm-none-eabi/lib/thumb/v7e-m+fp/hard\libstdc++.a(class_type_info.o)
                0x08011e34                __cxxabiv1::__class_type_info::__do_dyncast(int, __cxxabiv1::__class_type_info::__sub_kind, __cxxabiv1::__class_type_info const*, void const*, __cxxabiv1::__class_type_info const*, void const*, __cxxabiv1::__class_type_info::__dyncast_result&) const
 .text._ZNK10__cxxabiv117__class_type_info11__do_upcastEPKS0_PKvRNS0_15__upcast_resultE
                0x08011e78       0x1c c:/program files (x86)/gnu arm embedded toolchain/10 2021.10/bin/../lib/gcc/arm-none-eabi/10.3.1/../../../../arm-none-eabi/lib/thumb/v7e-m+fp/hard\libstdc++.a(class_type_info.o)
                0x08011e78                __cxxabiv1::__class_type_info::__do_upcast(__cxxabiv1::__class_type_info const*, void const*, __cxxabiv1::__class_type_info::__upcast_result&) const
 .text._ZNK10__cxxabiv117__class_type_info10__do_catchEPKSt9type_infoPPvj
                0x08011e94       0x2c c:/program files (x86)/gnu arm embedded toolchain/10 2021.10/bin/../lib/gcc/arm-none-eabi/10.3.1/../../../../arm-none-eabi/lib/thumb/v7e-m+fp/hard\libstdc++.a(class_type_info.o)
                0x08011e94                __cxxabiv1::__class_type_info::__do_catch(std::type_info const*, void**, unsigned int) const
 .text._ZdlPvj  0x08011ec0        0x4 c:/program files (x86)/gnu arm embedded toolchain/10 2021.10/bin/../lib/gcc/arm-none-eabi/10.3.1/../../../../arm-none-eabi/lib/thumb/v7e-m+fp/hard\libstdc++.a(del_ops.o)
                0x08011ec0                operator delete(void*, unsigned int)
 .text.__cxa_pure_virtual
                0x08011ec4       0x14 c:/program files (x86)/gnu arm embedded toolchain/10 2021.10/bin/../lib/gcc/arm-none-eabi/10.3.1/../../../../arm-none-eabi/lib/thumb/v7e-m+fp/hard\libstdc++.a(pure.o)
                0x08011ec4                __cxa_pure_virtual
 .text._ZN10__cxxabiv120__si_class_type_infoD2Ev
                0x08011ed8       0x14 c:/program files (x86)/gnu arm embedded toolchain/10 2021.10/bin/../lib/gcc/arm-none-eabi/10.3.1/../../../../arm-none-eabi/lib/thumb/v7e-m+fp/hard\libstdc++.a(si_class_type_info.o)
                0x08011ed8                __cxxabiv1::__si_class_type_info::~__si_class_type_info()
                0x08011ed8                __cxxabiv1::__si_class_type_info::~__si_class_type_info()
 .text._ZN10__cxxabiv120__si_class_type_infoD0Ev
                0x08011eec       0x1c c:/program files (x86)/gnu arm embedded toolchain/10 2021.10/bin/../lib/gcc/arm-none-eabi/10.3.1/../../../../arm-none-eabi/lib/thumb/v7e-m+fp/hard\libstdc++.a(si_class_type_info.o)
                0x08011eec                __cxxabiv1::__si_class_type_info::~__si_class_type_info()
 .text._ZNK10__cxxabiv120__si_class_type_info20__do_find_public_srcEiPKvPKNS_17__class_type_infoES2_
                0x08011f08       0x3c c:/program files (x86)/gnu arm embedded toolchain/10 2021.10/bin/../lib/gcc/arm-none-eabi/10.3.1/../../../../arm-none-eabi/lib/thumb/v7e-m+fp/hard\libstdc++.a(si_class_type_info.o)
                0x08011f08                __cxxabiv1::__si_class_type_info::__do_find_public_src(int, void const*, __cxxabiv1::__class_type_info const*, void const*) const
 .text._ZNK10__cxxabiv120__si_class_type_info12__do_dyncastEiNS_17__class_type_info10__sub_kindEPKS1_PKvS4_S6_RNS1_16__dyncast_resultE
                0x08011f44       0x80 c:/program files (x86)/gnu arm embedded toolchain/10 2021.10/bin/../lib/gcc/arm-none-eabi/10.3.1/../../../../arm-none-eabi/lib/thumb/v7e-m+fp/hard\libstdc++.a(si_class_type_info.o)
                0x08011f44                __cxxabiv1::__si_class_type_info::__do_dyncast(int, __cxxabiv1::__class_type_info::__sub_kind, __cxxabiv1::__class_type_info const*, void const*, __cxxabiv1::__class_type_info const*, void const*, __cxxabiv1::__class_type_info::__dyncast_result&) const
 .text._ZNK10__cxxabiv120__si_class_type_info11__do_upcastEPKNS_17__class_type_infoEPKvRNS1_15__upcast_resultE
                0x08011fc4       0x2c c:/program files (x86)/gnu arm embedded toolchain/10 2021.10/bin/../lib/gcc/arm-none-eabi/10.3.1/../../../../arm-none-eabi/lib/thumb/v7e-m+fp/hard\libstdc++.a(si_class_type_info.o)
                0x08011fc4                __cxxabiv1::__si_class_type_info::__do_upcast(__cxxabiv1::__class_type_info const*, void const*, __cxxabiv1::__class_type_info::__upcast_result&) const
 .text._ZNSt9type_infoD2Ev
                0x08011ff0        0x4 c:/program files (x86)/gnu arm embedded toolchain/10 2021.10/bin/../lib/gcc/arm-none-eabi/10.3.1/../../../../arm-none-eabi/lib/thumb/v7e-m+fp/hard\libstdc++.a(tinfo.o)
                0x08011ff0                std::type_info::~type_info()
                0x08011ff0                std::type_info::~type_info()
 .text._ZNKSt9type_info14__is_pointer_pEv
                0x08011ff4        0x4 c:/program files (x86)/gnu arm embedded toolchain/10 2021.10/bin/../lib/gcc/arm-none-eabi/10.3.1/../../../../arm-none-eabi/lib/thumb/v7e-m+fp/hard\libstdc++.a(tinfo.o)
                0x08011ff4                std::type_info::__is_pointer_p() const
                0x08011ff4                std::type_info::__is_function_p() const
 .text._ZNKSt9type_infoeqERKS_
                0x08011ff8       0x2c c:/program files (x86)/gnu arm embedded toolchain/10 2021.10/bin/../lib/gcc/arm-none-eabi/10.3.1/../../../../arm-none-eabi/lib/thumb/v7e-m+fp/hard\libstdc++.a(tinfo.o)
                0x08011ff8                std::type_info::operator==(std::type_info const&) const
 .text._ZdlPv   0x08012024        0x4 c:/program files (x86)/gnu arm embedded toolchain/10 2021.10/bin/../lib/gcc/arm-none-eabi/10.3.1/../../../../arm-none-eabi/lib/thumb/v7e-m+fp/hard\libstdc++.a(del_op.o)
                0x08012024                operator delete(void*)
 .text._ZN10__cxxabiv111__terminateEPFvvE
                0x08012028       0x28 c:/program files (x86)/gnu arm embedded toolchain/10 2021.10/bin/../lib/gcc/arm-none-eabi/10.3.1/../../../../arm-none-eabi/lib/thumb/v7e-m+fp/hard\libstdc++.a(eh_terminate.o)
                0x08012028                __cxxabiv1::__terminate(void (*)())
 .text._ZSt9terminatev
                0x08012050       0x14 c:/program files (x86)/gnu arm embedded toolchain/10 2021.10/bin/../lib/gcc/arm-none-eabi/10.3.1/../../../../arm-none-eabi/lib/thumb/v7e-m+fp/hard\libstdc++.a(eh_terminate.o)
                0x08012050                std::terminate()
 .text._ZN10__cxxabiv112__unexpectedEPFvvE
                0x08012064        0x8 c:/program files (x86)/gnu arm embedded toolchain/10 2021.10/bin/../lib/gcc/arm-none-eabi/10.3.1/../../../../arm-none-eabi/lib/thumb/v7e-m+fp/hard\libstdc++.a(eh_terminate.o)
                0x08012064                __cxxabiv1::__unexpected(void (*)())
 .text._ZSt10unexpectedv
                0x0801206c       0x14 c:/program files (x86)/gnu arm embedded toolchain/10 2021.10/bin/../lib/gcc/arm-none-eabi/10.3.1/../../../../arm-none-eabi/lib/thumb/v7e-m+fp/hard\libstdc++.a(eh_terminate.o)
                0x0801206c                std::unexpected()
 .text._ZSt13get_terminatev
                0x08012080       0x10 c:/program files (x86)/gnu arm embedded toolchain/10 2021.10/bin/../lib/gcc/arm-none-eabi/10.3.1/../../../../arm-none-eabi/lib/thumb/v7e-m+fp/hard\libstdc++.a(eh_terminate.o)
                0x08012080                std::get_terminate()
 .text._ZSt14get_unexpectedv
                0x08012090       0x10 c:/program files (x86)/gnu arm embedded toolchain/10 2021.10/bin/../lib/gcc/arm-none-eabi/10.3.1/../../../../arm-none-eabi/lib/thumb/v7e-m+fp/hard\libstdc++.a(eh_terminate.o)
                0x08012090                std::get_unexpected()
 .text._ZN9__gnu_cxx27__verbose_terminate_handlerEv
                0x080120a0      0x10c c:/program files (x86)/gnu arm embedded toolchain/10 2021.10/bin/../lib/gcc/arm-none-eabi/10.3.1/../../../../arm-none-eabi/lib/thumb/v7e-m+fp/hard\libstdc++.a(vterminate.o)
                0x080120a0                __gnu_cxx::__verbose_terminate_handler()
 .text.__cxa_end_cleanup
                0x080121ac        0xc c:/program files (x86)/gnu arm embedded toolchain/10 2021.10/bin/../lib/gcc/arm-none-eabi/10.3.1/../../../../arm-none-eabi/lib/thumb/v7e-m+fp/hard\libstdc++.a(eh_arm.o)
                0x080121ac                __cxa_end_cleanup
 .text.__cxa_type_match
                0x080121b8       0xb4 c:/program files (x86)/gnu arm embedded toolchain/10 2021.10/bin/../lib/gcc/arm-none-eabi/10.3.1/../../../../arm-none-eabi/lib/thumb/v7e-m+fp/hard\libstdc++.a(eh_arm.o)
                0x080121b8                __cxa_type_match
 .text.__cxa_begin_cleanup
                0x0801226c       0x64 c:/program files (x86)/gnu arm embedded toolchain/10 2021.10/bin/../lib/gcc/arm-none-eabi/10.3.1/../../../../arm-none-eabi/lib/thumb/v7e-m+fp/hard\libstdc++.a(eh_arm.o)
                0x0801226c                __cxa_begin_cleanup
 .text.__gnu_end_cleanup
                0x080122d0       0x70 c:/program files (x86)/gnu arm embedded toolchain/10 2021.10/bin/../lib/gcc/arm-none-eabi/10.3.1/../../../../arm-none-eabi/lib/thumb/v7e-m+fp/hard\libstdc++.a(eh_arm.o)
                0x080122d0                __gnu_end_cleanup
 .text._ZN10__cxxabiv1L24__is_gxx_exception_classEPc
                0x08012340       0x3c c:/program files (x86)/gnu arm embedded toolchain/10 2021.10/bin/../lib/gcc/arm-none-eabi/10.3.1/../../../../arm-none-eabi/lib/thumb/v7e-m+fp/hard\libstdc++.a(eh_call.o)
 .text.__cxa_call_terminate
                0x0801237c       0x20 c:/program files (x86)/gnu arm embedded toolchain/10 2021.10/bin/../lib/gcc/arm-none-eabi/10.3.1/../../../../arm-none-eabi/lib/thumb/v7e-m+fp/hard\libstdc++.a(eh_call.o)
                0x0801237c                __cxa_call_terminate
 .text.unlikely.__cxa_call_unexpected